npm warn Unknown global config "python". This will stop working in the next major version of npm. See `npm help npmrc` for supported config options.

[1m[46m RUN [49m[22m [36mv4.0.18 [39m[90m/home/Adminbrandon/Documentos/Proyectos/frontend[39m

 [31m❯[39m src/components/vendedor/VendedorDashboard.test.tsx [2m([22m[2m0 test[22m[2m)[22m

[31m⎯⎯⎯⎯⎯⎯[39m[1m[41m Failed Suites 1 [49m[22m[31m⎯⎯⎯⎯⎯⎯⎯[39m

[41m[1m FAIL [22m[49m src/components/vendedor/VendedorDashboard.test.tsx[2m [ src/components/vendedor/VendedorDashboard.test.tsx ][22m
[31m[1mError[22m: Failed to resolve import "@testing-library/jest-dom" from "vitest.setup.ts". Does the file exist?[39m
  Plugin: [35mvite:import-analysis[39m
  File: [36m/home/Adminbrandon/Documentos/Proyectos/frontend/vitest.setup.ts[39m:1:7
[33m  1  |  import "@testing-library/jest-dom";
     |          ^
  2  |  [39m
[90m [2m❯[22m TransformPluginContext._formatLog node_modules/vite/dist/node/chunks/config.js:[2m28999:43[22m[39m
[90m [2m❯[22m TransformPluginContext.error node_modules/vite/dist/node/chunks/config.js:[2m28996:14[22m[39m
[90m [2m❯[22m normalizeUrl node_modules/vite/dist/node/chunks/config.js:[2m27119:18[22m[39m
[90m [2m❯[22m node_modules/vite/dist/node/chunks/config.js:[2m27177:32[22m[39m
[90m [2m❯[22m TransformPluginContext.transform node_modules/vite/dist/node/chunks/config.js:[2m27145:4[22m[39m
[90m [2m❯[22m EnvironmentPluginContainer.transform node_modules/vite/dist/node/chunks/config.js:[2m28797:14[22m[39m
[90m [2m❯[22m loadAndTransform node_modules/vite/dist/node/chunks/config.js:[2m22670:26[22m[39m

[31m[2m⎯⎯⎯⎯⎯⎯⎯⎯⎯⎯⎯⎯⎯⎯⎯⎯⎯⎯⎯⎯⎯⎯⎯⎯[1/1]⎯[22m[39m


[2m Test Files [22m [1m[31m1 failed[39m[22m[90m (1)[39m
[2m      Tests [22m [2mno tests[22m
[2m   Start at [22m 15:28:34
[2m   Duration [22m 6.37s[2m (transform 0ms, setup 0ms, import 0ms, tests 0ms, environment 699ms)[22m

