time="2026-04-21T09:53:46-05:00" level=warning msg="/home/barellano/Documents/Desarrollo/TexCore/docker-compose.yml: the attribute `version` is obsolete, it will be ignored, please remove it to avoid potential confusion"
 Container texcore-db-1 Running 
 Container texcore-db-1 Waiting 
 Container texcore-db-1 Healthy 
 Container texcore-backend-run-221786d5912b Creating 
 Container texcore-backend-run-221786d5912b Created 
/usr/local/lib/python3.12/site-packages/rest_framework/fields.py:992: UserWarning: min_value should be an integer or Decimal instance.
  warnings.warn("min_value should be an integer or Decimal instance.")
Match: True
Match: ResolverMatch(func=inventory.reporting_proxy.ReportingProxyView, args=(), kwargs={'report_path': 'gerencial/ventas'}, url_name='reporting-proxy', app_names=[], namespaces=[], route='api/reporting/(?P<report_path>.*)$', captured_kwargs={'report_path': 'gerencial/ventas'})
Match with slash: ResolverMatch(func=inventory.reporting_proxy.ReportingProxyView, args=(), kwargs={'report_path': 'gerencial/ventas/'}, url_name='reporting-proxy', app_names=[], namespaces=[], route='api/reporting/(?P<report_path>.*)$', captured_kwargs={'report_path': 'gerencial/ventas/'})
Found 133 test(s).
Creating test database for alias 'default'...
DEBUG 2026-04-21 14:53:48,146 [django.db.backends.schema] CREATE TABLE "gestion_auditlog" ("id" integer NOT NULL PRIMARY KEY AUTOINCREMENT, "usuario_id" bigint NULL REFERENCES "gestion_customuser" ("id") DEFERRABLE INITIALLY DEFERRED, "fecha_hora" datetime NOT NULL, "ip_address" char(39) NULL, "content_type_id" integer NOT NULL REFERENCES "django_content_type" ("id") DEFERRABLE INITIALLY DEFERRED, "object_id" integer unsigned NOT NULL CHECK ("object_id" >= 0), "object_sede_id" integer unsigned NULL CHECK ("object_sede_id" >= 0), "accion" varchar(10) NOT NULL, "valor_anterior" text NULL CHECK ((JSON_VALID("valor_anterior") OR "valor_anterior" IS NULL)), "valor_nuevo" text NULL CHECK ((JSON_VALID("valor_nuevo") OR "valor_nuevo" IS NULL)), "justificacion" text NULL); (params None)
DEBUG 2026-04-21 14:53:48,148 [django.db.backends.schema] CREATE TABLE "gestion_sede" ("id" integer NOT NULL PRIMARY KEY AUTOINCREMENT, "nombre" varchar(100) NOT NULL UNIQUE, "location" varchar(100) NOT NULL, "status" varchar(10) NOT NULL); (params None)
DEBUG 2026-04-21 14:53:48,148 [django.db.backends.schema] CREATE TABLE "gestion_area" ("id" integer NOT NULL PRIMARY KEY AUTOINCREMENT, "nombre" varchar(100) NOT NULL, "sede_id" bigint NOT NULL REFERENCES "gestion_sede" ("id") DEFERRABLE INITIALLY DEFERRED); (params None)
DEBUG 2026-04-21 14:53:48,149 [django.db.backends.schema] CREATE TABLE "gestion_customuser" ("id" integer NOT NULL PRIMARY KEY AUTOINCREMENT, "password" varchar(128) NOT NULL, "last_login" datetime NULL, "is_superuser" bool NOT NULL, "username" varchar(150) NOT NULL UNIQUE, "first_name" varchar(150) NOT NULL, "last_name" varchar(150) NOT NULL, "email" varchar(254) NOT NULL, "is_staff" bool NOT NULL, "is_active" bool NOT NULL, "date_joined" datetime NOT NULL, "sede_id" bigint NULL REFERENCES "gestion_sede" ("id") DEFERRABLE INITIALLY DEFERRED, "area_id" bigint NULL REFERENCES "gestion_area" ("id") DEFERRABLE INITIALLY DEFERRED, "date_of_birth" date NULL); (params None)
DEBUG 2026-04-21 14:53:48,149 [django.db.backends.schema] CREATE TABLE "gestion_customuser_groups" ("id" integer NOT NULL PRIMARY KEY AUTOINCREMENT, "customuser_id" bigint NOT NULL REFERENCES "gestion_customuser" ("id") DEFERRABLE INITIALLY DEFERRED, "group_id" integer NOT NULL REFERENCES "auth_group" ("id") DEFERRABLE INITIALLY DEFERRED); (params None)
DEBUG 2026-04-21 14:53:48,150 [django.db.backends.schema] CREATE TABLE "gestion_customuser_user_permissions" ("id" integer NOT NULL PRIMARY KEY AUTOINCREMENT, "customuser_id" bigint NOT NULL REFERENCES "gestion_customuser" ("id") DEFERRABLE INITIALLY DEFERRED, "permission_id" integer NOT NULL REFERENCES "auth_permission" ("id") DEFERRABLE INITIALLY DEFERRED); (params None)
DEBUG 2026-04-21 14:53:48,150 [django.db.backends.schema] CREATE TABLE "gestion_customuser_superior" ("id" integer NOT NULL PRIMARY KEY AUTOINCREMENT, "from_customuser_id" bigint NOT NULL REFERENCES "gestion_customuser" ("id") DEFERRABLE INITIALLY DEFERRED, "to_customuser_id" bigint NOT NULL REFERENCES "gestion_customuser" ("id") DEFERRABLE INITIALLY DEFERRED); (params None)
DEBUG 2026-04-21 14:53:48,151 [django.db.backends.schema] CREATE TABLE "gestion_customuser_bodegas_asignadas" ("id" integer NOT NULL PRIMARY KEY AUTOINCREMENT, "customuser_id" bigint NOT NULL REFERENCES "gestion_customuser" ("id") DEFERRABLE INITIALLY DEFERRED, "bodega_id" bigint NOT NULL REFERENCES "gestion_bodega" ("id") DEFERRABLE INITIALLY DEFERRED); (params None)
DEBUG 2026-04-21 14:53:48,151 [django.db.backends.schema] CREATE TABLE "gestion_producto" ("id" integer NOT NULL PRIMARY KEY AUTOINCREMENT, "codigo" varchar(100) NOT NULL UNIQUE, "descripcion" varchar(255) NOT NULL, "tipo" varchar(20) NOT NULL, "unidad_medida" varchar(20) NOT NULL, "stock_minimo" decimal NOT NULL, "presentacion" varchar(100) NULL, "pais_origen" varchar(100) NULL, "calidad" varchar(100) NULL, "precio_base" decimal NOT NULL, "sede_id" bigint NULL REFERENCES "gestion_sede" ("id") DEFERRABLE INITIALLY DEFERRED); (params None)
DEBUG 2026-04-21 14:53:48,152 [django.db.backends.schema] CREATE TABLE "gestion_batch" ("id" integer NOT NULL PRIMARY KEY AUTOINCREMENT, "producto_id" bigint NULL REFERENCES "gestion_producto" ("id") DEFERRABLE INITIALLY DEFERRED, "code" varchar(100) NOT NULL UNIQUE, "initial_quantity" decimal NOT NULL, "current_quantity" decimal NOT NULL, "unit_of_measure" varchar(50) NOT NULL, "date_received" date NOT NULL); (params None)
DEBUG 2026-04-21 14:53:48,152 [django.db.backends.schema] CREATE TABLE "gestion_proveedor" ("id" integer NOT NULL PRIMARY KEY AUTOINCREMENT, "nombre" varchar(255) NOT NULL UNIQUE, "sede_id" bigint NULL REFERENCES "gestion_sede" ("id") DEFERRABLE INITIALLY DEFERRED); (params None)
DEBUG 2026-04-21 14:53:48,152 [django.db.backends.schema] CREATE TABLE "gestion_bodega" ("id" integer NOT NULL PRIMARY KEY AUTOINCREMENT, "nombre" varchar(100) NOT NULL, "sede_id" bigint NOT NULL REFERENCES "gestion_sede" ("id") DEFERRABLE INITIALLY DEFERRED); (params None)
DEBUG 2026-04-21 14:53:48,152 [django.db.backends.schema] CREATE TABLE "gestion_maquina" ("id" integer NOT NULL PRIMARY KEY AUTOINCREMENT, "nombre" varchar(100) NOT NULL UNIQUE, "capacidad_maxima" decimal NOT NULL, "eficiencia_ideal" decimal NOT NULL, "estado" varchar(20) NOT NULL, "area_id" bigint NULL REFERENCES "gestion_area" ("id") DEFERRABLE INITIALLY DEFERRED); (params None)
DEBUG 2026-04-21 14:53:48,152 [django.db.backends.schema] CREATE TABLE "gestion_maquina_operarios" ("id" integer NOT NULL PRIMARY KEY AUTOINCREMENT, "maquina_id" bigint NOT NULL REFERENCES "gestion_maquina" ("id") DEFERRABLE INITIALLY DEFERRED, "customuser_id" bigint NOT NULL REFERENCES "gestion_customuser" ("id") DEFERRABLE INITIALLY DEFERRED); (params None)
DEBUG 2026-04-21 14:53:48,153 [django.db.backends.schema] CREATE TABLE "gestion_processstep" ("id" integer NOT NULL PRIMARY KEY AUTOINCREMENT, "name" varchar(100) NOT NULL UNIQUE, "description" text NULL); (params None)
DEBUG 2026-04-21 14:53:48,153 [django.db.backends.schema] CREATE TABLE "gestion_formulacolor" ("id" integer NOT NULL PRIMARY KEY AUTOINCREMENT, "codigo" varchar(100) NOT NULL UNIQUE, "nombre_color" varchar(100) NOT NULL UNIQUE, "description" text NULL, "tipo_sustrato" varchar(20) NOT NULL, "version" integer unsigned NOT NULL CHECK ("version" >= 0), "estado" varchar(20) NOT NULL, "creado_por_id" bigint NULL REFERENCES "gestion_customuser" ("id") DEFERRABLE INITIALLY DEFERRED, "fecha_creacion" datetime NOT NULL, "fecha_modificacion" datetime NOT NULL, "observaciones" varchar(500) NULL, "sede_id" bigint NULL REFERENCES "gestion_sede" ("id") DEFERRABLE INITIALLY DEFERRED); (params None)
DEBUG 2026-04-21 14:53:48,153 [django.db.backends.schema] CREATE TABLE "gestion_fasereceta" ("id" integer NOT NULL PRIMARY KEY AUTOINCREMENT, "formula_id" bigint NOT NULL REFERENCES "gestion_formulacolor" ("id") DEFERRABLE INITIALLY DEFERRED, "nombre" varchar(50) NOT NULL, "orden" integer unsigned NOT NULL CHECK ("orden" >= 0), "temperatura" integer unsigned NULL CHECK ("temperatura" >= 0), "tiempo" integer unsigned NULL CHECK ("tiempo" >= 0), "observaciones" text NULL); (params None)
DEBUG 2026-04-21 14:53:48,153 [django.db.backends.schema] CREATE TABLE "gestion_detalleformula" ("id" integer NOT NULL PRIMARY KEY AUTOINCREMENT, "fase_id" bigint NULL REFERENCES "gestion_fasereceta" ("id") DEFERRABLE INITIALLY DEFERRED, "producto_id" bigint NULL REFERENCES "gestion_producto" ("id") DEFERRABLE INITIALLY DEFERRED, "gramos_por_kilo" decimal NOT NULL, "tipo_calculo" varchar(10) NOT NULL, "concentracion_gr_l" decimal NULL, "porcentaje" decimal NULL, "orden_adicion" smallint unsigned NOT NULL CHECK ("orden_adicion" >= 0), "notas" text NULL); (params None)
DEBUG 2026-04-21 14:53:48,154 [django.db.backends.schema] CREATE TABLE "gestion_cliente" ("id" integer NOT NULL PRIMARY KEY AUTOINCREMENT, "ruc_cedula" varchar(20) NOT NULL UNIQUE, "nombre_razon_social" varchar(255) NOT NULL, "direccion_envio" varchar(500) NOT NULL, "nivel_precio" varchar(20) NOT NULL, "tiene_beneficio" bool NOT NULL, "is_active" bool NOT NULL, "limite_credito" decimal NOT NULL, "plazo_credito_dias" integer NOT NULL, "vendedor_asignado_id" bigint NULL REFERENCES "gestion_customuser" ("id") DEFERRABLE INITIALLY DEFERRED, "sede_id" bigint NULL REFERENCES "gestion_sede" ("id") DEFERRABLE INITIALLY DEFERRED, CONSTRAINT "gestion_cliente_limite_credito_positivo" CHECK ("limite_credito" >= '0')); (params None)
DEBUG 2026-04-21 14:53:48,154 [django.db.backends.schema] CREATE TABLE "gestion_pagocliente" ("id" integer NOT NULL PRIMARY KEY AUTOINCREMENT, "cliente_id" bigint NOT NULL REFERENCES "gestion_cliente" ("id") DEFERRABLE INITIALLY DEFERRED, "fecha" datetime NOT NULL, "monto" decimal NOT NULL, "metodo_pago" varchar(20) NOT NULL, "comprobante" varchar(100) NULL, "notas" varchar(500) NULL, "sede_id" bigint NULL REFERENCES "gestion_sede" ("id") DEFERRABLE INITIALLY DEFERRED); (params None)
DEBUG 2026-04-21 14:53:48,155 [django.db.backends.schema] CREATE TABLE "gestion_ordenproduccion" ("id" integer NOT NULL PRIMARY KEY AUTOINCREMENT, "codigo" varchar(100) NOT NULL UNIQUE, "producto_id" bigint NULL REFERENCES "gestion_producto" ("id") DEFERRABLE INITIALLY DEFERRED, "formula_color_id" bigint NULL REFERENCES "gestion_formulacolor" ("id") DEFERRABLE INITIALLY DEFERRED, "bodega_id" bigint NULL REFERENCES "gestion_bodega" ("id") DEFERRABLE INITIALLY DEFERRED, "area_id" bigint NULL REFERENCES "gestion_area" ("id") DEFERRABLE INITIALLY DEFERRED, "peso_neto_requerido" decimal NOT NULL, "estado" varchar(20) NOT NULL, "inventario_descontado" bool NOT NULL, "fecha_inicio_planificada" date NULL, "fecha_fin_planificada" date NULL, "maquina_asignada_id" bigint NULL REFERENCES "gestion_maquina" ("id") DEFERRABLE INITIALLY DEFERRED, "operario_asignado_id" bigint NULL REFERENCES "gestion_customuser" ("id") DEFERRABLE INITIALLY DEFERRED, "observaciones" varchar(500) NULL, "fecha_creacion" date NOT NULL, "sede_id" bigint NULL REFERENCES "gestion_sede" ("id") DEFERRABLE INITIALLY DEFERRED, CONSTRAINT "gestion_ordenproduccion_peso_neto_positivo" CHECK ("peso_neto_requerido" > '0')); (params None)
DEBUG 2026-04-21 14:53:48,155 [django.db.backends.schema] CREATE TABLE "gestion_loteproduccion" ("id" integer NOT NULL PRIMARY KEY AUTOINCREMENT, "orden_produccion_id" bigint NULL REFERENCES "gestion_ordenproduccion" ("id") DEFERRABLE INITIALLY DEFERRED, "codigo_lote" varchar(100) NOT NULL UNIQUE, "peso_neto_producido" decimal NOT NULL, "operario_id" bigint NULL REFERENCES "gestion_customuser" ("id") DEFERRABLE INITIALLY DEFERRED, "maquina_id" bigint NULL REFERENCES "gestion_maquina" ("id") DEFERRABLE INITIALLY DEFERRED, "turno" varchar(50) NOT NULL, "hora_inicio" datetime NOT NULL, "hora_final" datetime NOT NULL, "peso_bruto" decimal NOT NULL, "tara" decimal NOT NULL, "unidades_empaque" integer NOT NULL, "presentacion" varchar(100) NULL, "cantidad_metros" decimal NULL, CONSTRAINT "gestion_loteproduccion_peso_neto_positivo" CHECK ("peso_neto_producido" >= '0'), CONSTRAINT "gestion_loteproduccion_peso_bruto_positivo" CHECK ("peso_bruto" >= '0'), CONSTRAINT "gestion_loteproduccion_tara_positiva" CHECK ("tara" >= '0')); (params None)
DEBUG 2026-04-21 14:53:48,156 [django.db.backends.schema] CREATE TABLE "gestion_pedidoventa" ("id" integer NOT NULL PRIMARY KEY AUTOINCREMENT, "cliente_id" bigint NULL REFERENCES "gestion_cliente" ("id") DEFERRABLE INITIALLY DEFERRED, "guia_remision" varchar(100) NOT NULL, "fecha_pedido" datetime NOT NULL, "fecha_despacho" date NULL, "fecha_vencimiento" date NULL, "estado" varchar(20) NOT NULL, "esta_pagado" bool NOT NULL, "sede_id" bigint NULL REFERENCES "gestion_sede" ("id") DEFERRABLE INITIALLY DEFERRED, "vendedor_asignado_id" bigint NULL REFERENCES "gestion_customuser" ("id") DEFERRABLE INITIALLY DEFERRED, "valor_retencion" decimal NOT NULL, "anulado" bool NOT NULL, "motivo_anulacion" text NULL, "anulado_por_id" bigint NULL REFERENCES "gestion_customuser" ("id") DEFERRABLE INITIALLY DEFERRED, "fecha_anulacion" datetime NULL); (params None)
DEBUG 2026-04-21 14:53:48,156 [django.db.backends.schema] CREATE TABLE "gestion_detallepedido" ("id" integer NOT NULL PRIMARY KEY AUTOINCREMENT, "pedido_venta_id" bigint NULL REFERENCES "gestion_pedidoventa" ("id") DEFERRABLE INITIALLY DEFERRED, "producto_id" bigint NULL REFERENCES "gestion_producto" ("id") DEFERRABLE INITIALLY DEFERRED, "lote_id" bigint NULL REFERENCES "gestion_loteproduccion" ("id") DEFERRABLE INITIALLY DEFERRED, "cantidad" integer NOT NULL, "piezas" integer NOT NULL, "peso" decimal NOT NULL, "precio_unitario" decimal NOT NULL, "incluye_iva" bool NOT NULL, "subtotal" decimal NOT NULL, "total_con_iva" decimal NOT NULL, CONSTRAINT "gestion_detallepedido_cantidad_positiva" CHECK ("cantidad" >= 0), CONSTRAINT "gestion_detallepedido_precio_unitario_positivo" CHECK ("precio_unitario" >= '0')); (params None)
DEBUG 2026-04-21 14:53:48,157 [django.db.backends.schema] CREATE TABLE "inventory_stockbodega" ("id" integer NOT NULL PRIMARY KEY AUTOINCREMENT, "bodega_id" bigint NOT NULL REFERENCES "gestion_bodega" ("id") DEFERRABLE INITIALLY DEFERRED, "producto_id" bigint NOT NULL REFERENCES "gestion_producto" ("id") DEFERRABLE INITIALLY DEFERRED, "lote_id" bigint NULL REFERENCES "gestion_loteproduccion" ("id") DEFERRABLE INITIALLY DEFERRED, "cantidad" decimal NOT NULL); (params None)
DEBUG 2026-04-21 14:53:48,158 [django.db.backends.schema] CREATE TABLE "inventory_movimientoinventario" ("id" integer NOT NULL PRIMARY KEY AUTOINCREMENT, "fecha" datetime NOT NULL, "tipo_movimiento" varchar(20) NOT NULL, "producto_id" bigint NOT NULL REFERENCES "gestion_producto" ("id") DEFERRABLE INITIALLY DEFERRED, "lote_id" bigint NULL REFERENCES "gestion_loteproduccion" ("id") DEFERRABLE INITIALLY DEFERRED, "bodega_origen_id" bigint NULL REFERENCES "gestion_bodega" ("id") DEFERRABLE INITIALLY DEFERRED, "bodega_destino_id" bigint NULL REFERENCES "gestion_bodega" ("id") DEFERRABLE INITIALLY DEFERRED, "cantidad" decimal NOT NULL, "documento_ref" varchar(100) NULL, "usuario_id" bigint NULL REFERENCES "gestion_customuser" ("id") DEFERRABLE INITIALLY DEFERRED, "proveedor_id" bigint NULL REFERENCES "gestion_proveedor" ("id") DEFERRABLE INITIALLY DEFERRED, "pais" varchar(100) NULL, "calidad" varchar(100) NULL, "observaciones" varchar(500) NULL, "saldo_resultante" decimal NOT NULL, "editado" bool NOT NULL, "fecha_ultima_edicion" datetime NULL, CONSTRAINT "inventory_movimientoinventario_cantidad_positiva" CHECK ("cantidad" >= '0'), CONSTRAINT "inventory_movimientoinventario_saldo_positivo" CHECK ("saldo_resultante" >= '0')); (params None)
DEBUG 2026-04-21 14:53:48,158 [django.db.backends.schema] CREATE TABLE "inventory_auditoriamovimiento" ("id" integer NOT NULL PRIMARY KEY AUTOINCREMENT, "movimiento_id" bigint NOT NULL REFERENCES "inventory_movimientoinventario" ("id") DEFERRABLE INITIALLY DEFERRED, "fecha_modificacion" datetime NOT NULL, "usuario_modificador_id" bigint NULL REFERENCES "gestion_customuser" ("id") DEFERRABLE INITIALLY DEFERRED, "campo_modificado" varchar(50) NOT NULL, "valor_anterior" text NOT NULL, "valor_nuevo" text NOT NULL, "razon_cambio" text NOT NULL); (params None)
DEBUG 2026-04-21 14:53:48,159 [django.db.backends.schema] CREATE TABLE "inventory_historialdespacho" ("id" integer NOT NULL PRIMARY KEY AUTOINCREMENT, "fecha_despacho" datetime NOT NULL, "usuario_id" bigint NULL REFERENCES "gestion_customuser" ("id") DEFERRABLE INITIALLY DEFERRED, "total_bultos" integer NOT NULL, "total_peso" decimal NOT NULL, "observaciones" text NULL); (params None)
DEBUG 2026-04-21 14:53:48,159 [django.db.backends.schema] CREATE TABLE "inventory_detallehistorialdespachopedido" ("id" integer NOT NULL PRIMARY KEY AUTOINCREMENT, "historial_id" bigint NOT NULL REFERENCES "inventory_historialdespacho" ("id") DEFERRABLE INITIALLY DEFERRED, "pedido_id" bigint NOT NULL REFERENCES "gestion_pedidoventa" ("id") DEFERRABLE INITIALLY DEFERRED, "cantidad_despachada" decimal NOT NULL); (params None)
DEBUG 2026-04-21 14:53:48,159 [django.db.backends.schema] CREATE TABLE "inventory_detallehistorialdespacho" ("id" integer NOT NULL PRIMARY KEY AUTOINCREMENT, "historial_id" bigint NOT NULL REFERENCES "inventory_historialdespacho" ("id") DEFERRABLE INITIALLY DEFERRED, "lote_id" bigint NULL REFERENCES "gestion_loteproduccion" ("id") DEFERRABLE INITIALLY DEFERRED, "producto_id" bigint NULL REFERENCES "gestion_producto" ("id") DEFERRABLE INITIALLY DEFERRED, "peso" decimal NOT NULL, "es_devolucion" bool NOT NULL); (params None)
DEBUG 2026-04-21 14:53:48,160 [django.db.backends.schema] CREATE TABLE "inventory_requerimientomaterial" ("id" integer NOT NULL PRIMARY KEY AUTOINCREMENT, "producto_requerido_id" bigint NOT NULL REFERENCES "gestion_producto" ("id") DEFERRABLE INITIALLY DEFERRED, "cantidad_necesaria" decimal NOT NULL, "sede_id" bigint NOT NULL REFERENCES "gestion_sede" ("id") DEFERRABLE INITIALLY DEFERRED, "origen_tipo" varchar(20) NOT NULL, "origen_id" integer unsigned NOT NULL CHECK ("origen_id" >= 0), "fecha_requerida" date NULL, "fecha_calculo" datetime NOT NULL); (params None)
DEBUG 2026-04-21 14:53:48,160 [django.db.backends.schema] CREATE TABLE "inventory_ordencomprasugerida" ("id" integer NOT NULL PRIMARY KEY AUTOINCREMENT, "producto_id" bigint NOT NULL REFERENCES "gestion_producto" ("id") DEFERRABLE INITIALLY DEFERRED, "sede_id" bigint NOT NULL REFERENCES "gestion_sede" ("id") DEFERRABLE INITIALLY DEFERRED, "cantidad_sugerida" decimal NOT NULL, "estado" varchar(20) NOT NULL, "fecha_generacion" datetime NOT NULL, "observaciones" text NULL); (params None)
DEBUG 2026-04-21 14:53:48,161 [django.db.backends.schema] CREATE INDEX "gestion_auditlog_usuario_id_d45ebd94" ON "gestion_auditlog" ("usuario_id"); (params None)
DEBUG 2026-04-21 14:53:48,161 [django.db.backends.schema] CREATE INDEX "gestion_auditlog_fecha_hora_f9823b38" ON "gestion_auditlog" ("fecha_hora"); (params None)
DEBUG 2026-04-21 14:53:48,161 [django.db.backends.schema] CREATE INDEX "gestion_auditlog_content_type_id_30090ec4" ON "gestion_auditlog" ("content_type_id"); (params None)
DEBUG 2026-04-21 14:53:48,162 [django.db.backends.schema] CREATE INDEX "gestion_auditlog_object_sede_id_0909c9a8" ON "gestion_auditlog" ("object_sede_id"); (params None)
DEBUG 2026-04-21 14:53:48,162 [django.db.backends.schema] CREATE INDEX "gestion_area_sede_id_f05076cd" ON "gestion_area" ("sede_id"); (params None)
DEBUG 2026-04-21 14:53:48,162 [django.db.backends.schema] CREATE INDEX "gestion_customuser_sede_id_b624c6ce" ON "gestion_customuser" ("sede_id"); (params None)
DEBUG 2026-04-21 14:53:48,162 [django.db.backends.schema] CREATE INDEX "gestion_customuser_area_id_dcc127df" ON "gestion_customuser" ("area_id"); (params None)
DEBUG 2026-04-21 14:53:48,163 [django.db.backends.schema] CREATE UNIQUE INDEX "gestion_customuser_groups_customuser_id_group_id_15e0a562_uniq" ON "gestion_customuser_groups" ("customuser_id", "group_id"); (params None)
DEBUG 2026-04-21 14:53:48,163 [django.db.backends.schema] CREATE INDEX "gestion_customuser_groups_customuser_id_00a4ba1a" ON "gestion_customuser_groups" ("customuser_id"); (params None)
DEBUG 2026-04-21 14:53:48,163 [django.db.backends.schema] CREATE INDEX "gestion_customuser_groups_group_id_5b375038" ON "gestion_customuser_groups" ("group_id"); (params None)
DEBUG 2026-04-21 14:53:48,163 [django.db.backends.schema] CREATE UNIQUE INDEX "gestion_customuser_user_permissions_customuser_id_permission_id_5bc4e360_uniq" ON "gestion_customuser_user_permissions" ("customuser_id", "permission_id"); (params None)
DEBUG 2026-04-21 14:53:48,163 [django.db.backends.schema] CREATE INDEX "gestion_customuser_user_permissions_customuser_id_6eb7dbd3" ON "gestion_customuser_user_permissions" ("customuser_id"); (params None)
DEBUG 2026-04-21 14:53:48,164 [django.db.backends.schema] CREATE INDEX "gestion_customuser_user_permissions_permission_id_99727279" ON "gestion_customuser_user_permissions" ("permission_id"); (params None)
DEBUG 2026-04-21 14:53:48,164 [django.db.backends.schema] CREATE UNIQUE INDEX "gestion_customuser_superior_from_customuser_id_to_customuser_id_6a580f43_uniq" ON "gestion_customuser_superior" ("from_customuser_id", "to_customuser_id"); (params None)
DEBUG 2026-04-21 14:53:48,164 [django.db.backends.schema] CREATE INDEX "gestion_customuser_superior_from_customuser_id_3579c15a" ON "gestion_customuser_superior" ("from_customuser_id"); (params None)
DEBUG 2026-04-21 14:53:48,164 [django.db.backends.schema] CREATE INDEX "gestion_customuser_superior_to_customuser_id_cce4a305" ON "gestion_customuser_superior" ("to_customuser_id"); (params None)
DEBUG 2026-04-21 14:53:48,164 [django.db.backends.schema] CREATE UNIQUE INDEX "gestion_customuser_bodegas_asignadas_customuser_id_bodega_id_27d2d08d_uniq" ON "gestion_customuser_bodegas_asignadas" ("customuser_id", "bodega_id"); (params None)
DEBUG 2026-04-21 14:53:48,165 [django.db.backends.schema] CREATE INDEX "gestion_customuser_bodegas_asignadas_customuser_id_02e18f89" ON "gestion_customuser_bodegas_asignadas" ("customuser_id"); (params None)
DEBUG 2026-04-21 14:53:48,165 [django.db.backends.schema] CREATE INDEX "gestion_customuser_bodegas_asignadas_bodega_id_63596e2f" ON "gestion_customuser_bodegas_asignadas" ("bodega_id"); (params None)
DEBUG 2026-04-21 14:53:48,165 [django.db.backends.schema] CREATE INDEX "gestion_producto_sede_id_115119a3" ON "gestion_producto" ("sede_id"); (params None)
DEBUG 2026-04-21 14:53:48,165 [django.db.backends.schema] CREATE INDEX "gestion_batch_producto_id_c347dbdc" ON "gestion_batch" ("producto_id"); (params None)
DEBUG 2026-04-21 14:53:48,165 [django.db.backends.schema] CREATE INDEX "gestion_proveedor_sede_id_a2dfe727" ON "gestion_proveedor" ("sede_id"); (params None)
DEBUG 2026-04-21 14:53:48,166 [django.db.backends.schema] CREATE INDEX "gestion_bodega_sede_id_d9988bd2" ON "gestion_bodega" ("sede_id"); (params None)
DEBUG 2026-04-21 14:53:48,166 [django.db.backends.schema] CREATE INDEX "gestion_maquina_area_id_034f2362" ON "gestion_maquina" ("area_id"); (params None)
DEBUG 2026-04-21 14:53:48,166 [django.db.backends.schema] CREATE UNIQUE INDEX "gestion_maquina_operarios_maquina_id_customuser_id_10484111_uniq" ON "gestion_maquina_operarios" ("maquina_id", "customuser_id"); (params None)
DEBUG 2026-04-21 14:53:48,166 [django.db.backends.schema] CREATE INDEX "gestion_maquina_operarios_maquina_id_4b951605" ON "gestion_maquina_operarios" ("maquina_id"); (params None)
DEBUG 2026-04-21 14:53:48,167 [django.db.backends.schema] CREATE INDEX "gestion_maquina_operarios_customuser_id_d83d023c" ON "gestion_maquina_operarios" ("customuser_id"); (params None)
DEBUG 2026-04-21 14:53:48,167 [django.db.backends.schema] CREATE INDEX "gestion_formulacolor_estado_c14bda76" ON "gestion_formulacolor" ("estado"); (params None)
DEBUG 2026-04-21 14:53:48,167 [django.db.backends.schema] CREATE INDEX "gestion_formulacolor_creado_por_id_6b2d8dc1" ON "gestion_formulacolor" ("creado_por_id"); (params None)
DEBUG 2026-04-21 14:53:48,167 [django.db.backends.schema] CREATE INDEX "gestion_formulacolor_sede_id_3340fd0b" ON "gestion_formulacolor" ("sede_id"); (params None)
DEBUG 2026-04-21 14:53:48,167 [django.db.backends.schema] CREATE UNIQUE INDEX "gestion_fasereceta_formula_id_orden_5132b584_uniq" ON "gestion_fasereceta" ("formula_id", "orden"); (params None)
DEBUG 2026-04-21 14:53:48,168 [django.db.backends.schema] CREATE INDEX "gestion_fasereceta_formula_id_deb677c3" ON "gestion_fasereceta" ("formula_id"); (params None)
DEBUG 2026-04-21 14:53:48,168 [django.db.backends.schema] CREATE UNIQUE INDEX "gestion_detalleformula_fase_id_producto_id_4dddc320_uniq" ON "gestion_detalleformula" ("fase_id", "producto_id"); (params None)
DEBUG 2026-04-21 14:53:48,168 [django.db.backends.schema] CREATE INDEX "gestion_detalleformula_fase_id_2b9ccbb4" ON "gestion_detalleformula" ("fase_id"); (params None)
DEBUG 2026-04-21 14:53:48,168 [django.db.backends.schema] CREATE INDEX "gestion_detalleformula_producto_id_7b20aa84" ON "gestion_detalleformula" ("producto_id"); (params None)
DEBUG 2026-04-21 14:53:48,168 [django.db.backends.schema] CREATE INDEX "gestion_cliente_vendedor_asignado_id_998c6a11" ON "gestion_cliente" ("vendedor_asignado_id"); (params None)
DEBUG 2026-04-21 14:53:48,168 [django.db.backends.schema] CREATE INDEX "gestion_cliente_sede_id_49cd2d17" ON "gestion_cliente" ("sede_id"); (params None)
DEBUG 2026-04-21 14:53:48,168 [django.db.backends.schema] CREATE INDEX "gestion_pagocliente_cliente_id_90d4e79e" ON "gestion_pagocliente" ("cliente_id"); (params None)
DEBUG 2026-04-21 14:53:48,168 [django.db.backends.schema] CREATE INDEX "gestion_pagocliente_sede_id_8a0571ec" ON "gestion_pagocliente" ("sede_id"); (params None)
DEBUG 2026-04-21 14:53:48,168 [django.db.backends.schema] CREATE INDEX "gestion_ordenproduccion_producto_id_18783b73" ON "gestion_ordenproduccion" ("producto_id"); (params None)
DEBUG 2026-04-21 14:53:48,168 [django.db.backends.schema] CREATE INDEX "gestion_ordenproduccion_formula_color_id_84a160a7" ON "gestion_ordenproduccion" ("formula_color_id"); (params None)
DEBUG 2026-04-21 14:53:48,168 [django.db.backends.schema] CREATE INDEX "gestion_ordenproduccion_bodega_id_34f7f9b3" ON "gestion_ordenproduccion" ("bodega_id"); (params None)
DEBUG 2026-04-21 14:53:48,169 [django.db.backends.schema] CREATE INDEX "gestion_ordenproduccion_area_id_970b9759" ON "gestion_ordenproduccion" ("area_id"); (params None)
DEBUG 2026-04-21 14:53:48,169 [django.db.backends.schema] CREATE INDEX "gestion_ordenproduccion_estado_2614c2d3" ON "gestion_ordenproduccion" ("estado"); (params None)
DEBUG 2026-04-21 14:53:48,169 [django.db.backends.schema] CREATE INDEX "gestion_ordenproduccion_maquina_asignada_id_859c4aca" ON "gestion_ordenproduccion" ("maquina_asignada_id"); (params None)
DEBUG 2026-04-21 14:53:48,169 [django.db.backends.schema] CREATE INDEX "gestion_ordenproduccion_operario_asignado_id_eb931fdb" ON "gestion_ordenproduccion" ("operario_asignado_id"); (params None)
DEBUG 2026-04-21 14:53:48,169 [django.db.backends.schema] CREATE INDEX "gestion_ordenproduccion_sede_id_c49fd1ac" ON "gestion_ordenproduccion" ("sede_id"); (params None)
DEBUG 2026-04-21 14:53:48,169 [django.db.backends.schema] CREATE INDEX "gestion_loteproduccion_orden_produccion_id_de5ea505" ON "gestion_loteproduccion" ("orden_produccion_id"); (params None)
DEBUG 2026-04-21 14:53:48,169 [django.db.backends.schema] CREATE INDEX "gestion_loteproduccion_operario_id_2b4e01b7" ON "gestion_loteproduccion" ("operario_id"); (params None)
DEBUG 2026-04-21 14:53:48,169 [django.db.backends.schema] CREATE INDEX "gestion_loteproduccion_maquina_id_5e739ccc" ON "gestion_loteproduccion" ("maquina_id"); (params None)
DEBUG 2026-04-21 14:53:48,169 [django.db.backends.schema] CREATE INDEX "gestion_pedidoventa_cliente_id_0735b2d5" ON "gestion_pedidoventa" ("cliente_id"); (params None)
DEBUG 2026-04-21 14:53:48,169 [django.db.backends.schema] CREATE INDEX "gestion_pedidoventa_sede_id_bb0dc235" ON "gestion_pedidoventa" ("sede_id"); (params None)
DEBUG 2026-04-21 14:53:48,169 [django.db.backends.schema] CREATE INDEX "gestion_pedidoventa_vendedor_asignado_id_84b4826e" ON "gestion_pedidoventa" ("vendedor_asignado_id"); (params None)
DEBUG 2026-04-21 14:53:48,169 [django.db.backends.schema] CREATE INDEX "gestion_pedidoventa_anulado_f4f34057" ON "gestion_pedidoventa" ("anulado"); (params None)
DEBUG 2026-04-21 14:53:48,170 [django.db.backends.schema] CREATE INDEX "gestion_pedidoventa_anulado_por_id_46a7b447" ON "gestion_pedidoventa" ("anulado_por_id"); (params None)
DEBUG 2026-04-21 14:53:48,170 [django.db.backends.schema] CREATE INDEX "gestion_detallepedido_pedido_venta_id_12c2eecb" ON "gestion_detallepedido" ("pedido_venta_id"); (params None)
DEBUG 2026-04-21 14:53:48,170 [django.db.backends.schema] CREATE INDEX "gestion_detallepedido_producto_id_793aef90" ON "gestion_detallepedido" ("producto_id"); (params None)
DEBUG 2026-04-21 14:53:48,170 [django.db.backends.schema] CREATE INDEX "gestion_detallepedido_lote_id_c04893e4" ON "gestion_detallepedido" ("lote_id"); (params None)
DEBUG 2026-04-21 14:53:48,170 [django.db.backends.schema] CREATE UNIQUE INDEX "inventory_stockbodega_unique_without_lote" ON "inventory_stockbodega" ("bodega_id", "producto_id") WHERE "lote_id" IS NULL; (params None)
DEBUG 2026-04-21 14:53:48,170 [django.db.backends.schema] CREATE UNIQUE INDEX "inventory_stockbodega_unique_with_lote" ON "inventory_stockbodega" ("bodega_id", "producto_id", "lote_id") WHERE "lote_id" IS NOT NULL; (params None)
DEBUG 2026-04-21 14:53:48,170 [django.db.backends.schema] CREATE INDEX "inventory_stockbodega_bodega_id_bb1425a8" ON "inventory_stockbodega" ("bodega_id"); (params None)
DEBUG 2026-04-21 14:53:48,170 [django.db.backends.schema] CREATE INDEX "inventory_stockbodega_producto_id_61e1f5f4" ON "inventory_stockbodega" ("producto_id"); (params None)
DEBUG 2026-04-21 14:53:48,170 [django.db.backends.schema] CREATE INDEX "inventory_stockbodega_lote_id_67e0a90b" ON "inventory_stockbodega" ("lote_id"); (params None)
DEBUG 2026-04-21 14:53:48,170 [django.db.backends.schema] CREATE INDEX "inventory_movimientoinventario_fecha_2627f771" ON "inventory_movimientoinventario" ("fecha"); (params None)
DEBUG 2026-04-21 14:53:48,170 [django.db.backends.schema] CREATE INDEX "inventory_movimientoinventario_tipo_movimiento_3dde7751" ON "inventory_movimientoinventario" ("tipo_movimiento"); (params None)
DEBUG 2026-04-21 14:53:48,171 [django.db.backends.schema] CREATE INDEX "inventory_movimientoinventario_producto_id_6bddd397" ON "inventory_movimientoinventario" ("producto_id"); (params None)
DEBUG 2026-04-21 14:53:48,171 [django.db.backends.schema] CREATE INDEX "inventory_movimientoinventario_lote_id_c83b05e3" ON "inventory_movimientoinventario" ("lote_id"); (params None)
DEBUG 2026-04-21 14:53:48,171 [django.db.backends.schema] CREATE INDEX "inventory_movimientoinventario_bodega_origen_id_42c3366d" ON "inventory_movimientoinventario" ("bodega_origen_id"); (params None)
DEBUG 2026-04-21 14:53:48,171 [django.db.backends.schema] CREATE INDEX "inventory_movimientoinventario_bodega_destino_id_679d6bf0" ON "inventory_movimientoinventario" ("bodega_destino_id"); (params None)
DEBUG 2026-04-21 14:53:48,171 [django.db.backends.schema] CREATE INDEX "inventory_movimientoinventario_documento_ref_c22597ef" ON "inventory_movimientoinventario" ("documento_ref"); (params None)
DEBUG 2026-04-21 14:53:48,171 [django.db.backends.schema] CREATE INDEX "inventory_movimientoinventario_usuario_id_d5216762" ON "inventory_movimientoinventario" ("usuario_id"); (params None)
DEBUG 2026-04-21 14:53:48,171 [django.db.backends.schema] CREATE INDEX "inventory_movimientoinventario_proveedor_id_845301c0" ON "inventory_movimientoinventario" ("proveedor_id"); (params None)
DEBUG 2026-04-21 14:53:48,171 [django.db.backends.schema] CREATE INDEX "idx_mov_bodega_fecha_incl" ON "inventory_movimientoinventario" ("bodega_origen_id", "fecha"); (params None)
DEBUG 2026-04-21 14:53:48,171 [django.db.backends.schema] CREATE INDEX "inventory_auditoriamovimiento_movimiento_id_e880e497" ON "inventory_auditoriamovimiento" ("movimiento_id"); (params None)
DEBUG 2026-04-21 14:53:48,171 [django.db.backends.schema] CREATE INDEX "inventory_auditoriamovimiento_fecha_modificacion_eda1d8fc" ON "inventory_auditoriamovimiento" ("fecha_modificacion"); (params None)
DEBUG 2026-04-21 14:53:48,171 [django.db.backends.schema] CREATE INDEX "inventory_auditoriamovimiento_usuario_modificador_id_7a983ebf" ON "inventory_auditoriamovimiento" ("usuario_modificador_id"); (params None)
DEBUG 2026-04-21 14:53:48,171 [django.db.backends.schema] CREATE INDEX "inventory_a_movimie_1bd024_idx" ON "inventory_auditoriamovimiento" ("movimiento_id", "fecha_modificacion" DESC); (params None)
DEBUG 2026-04-21 14:53:48,172 [django.db.backends.schema] CREATE INDEX "inventory_historialdespacho_usuario_id_ffb323aa" ON "inventory_historialdespacho" ("usuario_id"); (params None)
DEBUG 2026-04-21 14:53:48,172 [django.db.backends.schema] CREATE INDEX "inventory_detallehistorialdespachopedido_historial_id_eeb072c3" ON "inventory_detallehistorialdespachopedido" ("historial_id"); (params None)
DEBUG 2026-04-21 14:53:48,172 [django.db.backends.schema] CREATE INDEX "inventory_detallehistorialdespachopedido_pedido_id_6a82123d" ON "inventory_detallehistorialdespachopedido" ("pedido_id"); (params None)
DEBUG 2026-04-21 14:53:48,172 [django.db.backends.schema] CREATE INDEX "inventory_detallehistorialdespacho_historial_id_425eb7da" ON "inventory_detallehistorialdespacho" ("historial_id"); (params None)
DEBUG 2026-04-21 14:53:48,172 [django.db.backends.schema] CREATE INDEX "inventory_detallehistorialdespacho_lote_id_866afcd6" ON "inventory_detallehistorialdespacho" ("lote_id"); (params None)
DEBUG 2026-04-21 14:53:48,172 [django.db.backends.schema] CREATE INDEX "inventory_detallehistorialdespacho_producto_id_261e4d3b" ON "inventory_detallehistorialdespacho" ("producto_id"); (params None)
DEBUG 2026-04-21 14:53:48,172 [django.db.backends.schema] CREATE INDEX "inventory_requerimientomaterial_producto_requerido_id_f8737225" ON "inventory_requerimientomaterial" ("producto_requerido_id"); (params None)
DEBUG 2026-04-21 14:53:48,172 [django.db.backends.schema] CREATE INDEX "inventory_requerimientomaterial_sede_id_09e3b919" ON "inventory_requerimientomaterial" ("sede_id"); (params None)
DEBUG 2026-04-21 14:53:48,172 [django.db.backends.schema] CREATE INDEX "inventory_r_sede_id_ab1ed1_idx" ON "inventory_requerimientomaterial" ("sede_id", "producto_requerido_id"); (params None)
DEBUG 2026-04-21 14:53:48,172 [django.db.backends.schema] CREATE UNIQUE INDEX "inventory_ordencomprasugerida_producto_id_sede_id_estado_ffe75d75_uniq" ON "inventory_ordencomprasugerida" ("producto_id", "sede_id", "estado"); (params None)
DEBUG 2026-04-21 14:53:48,172 [django.db.backends.schema] CREATE INDEX "inventory_ordencomprasugerida_producto_id_379a9325" ON "inventory_ordencomprasugerida" ("producto_id"); (params None)
DEBUG 2026-04-21 14:53:48,172 [django.db.backends.schema] CREATE INDEX "inventory_ordencomprasugerida_sede_id_63016517" ON "inventory_ordencomprasugerida" ("sede_id"); (params None)
DEBUG 2026-04-21 14:53:48,173 [django.db.backends.schema] CREATE TABLE "django_migrations" ("id" integer NOT NULL PRIMARY KEY AUTOINCREMENT, "app" varchar(255) NOT NULL, "name" varchar(255) NOT NULL, "applied" datetime NOT NULL); (params None)
DEBUG 2026-04-21 14:53:48,174 [django.db.backends.schema] CREATE TABLE "django_content_type" ("id" integer NOT NULL PRIMARY KEY AUTOINCREMENT, "name" varchar(100) NOT NULL, "app_label" varchar(100) NOT NULL, "model" varchar(100) NOT NULL); (params None)
DEBUG 2026-04-21 14:53:48,174 [django.db.backends.schema] CREATE UNIQUE INDEX "django_content_type_app_label_model_76bd3d3b_uniq" ON "django_content_type" ("app_label", "model"); (params ())
DEBUG 2026-04-21 14:53:48,177 [django.db.backends.schema] CREATE TABLE "django_admin_log" ("id" integer NOT NULL PRIMARY KEY AUTOINCREMENT, "action_time" datetime NOT NULL, "object_id" text NULL, "object_repr" varchar(200) NOT NULL, "action_flag" smallint unsigned NOT NULL CHECK ("action_flag" >= 0), "change_message" text NOT NULL, "content_type_id" integer NULL REFERENCES "django_content_type" ("id") DEFERRABLE INITIALLY DEFERRED, "user_id" bigint NOT NULL REFERENCES "gestion_customuser" ("id") DEFERRABLE INITIALLY DEFERRED); (params None)
DEBUG 2026-04-21 14:53:48,177 [django.db.backends.schema] CREATE INDEX "django_admin_log_content_type_id_c4bce8eb" ON "django_admin_log" ("content_type_id"); (params None)
DEBUG 2026-04-21 14:53:48,177 [django.db.backends.schema] CREATE INDEX "django_admin_log_user_id_c564eba6" ON "django_admin_log" ("user_id"); (params None)
DEBUG 2026-04-21 14:53:48,180 [django.db.backends.schema] CREATE TABLE "new__django_admin_log" ("id" integer NOT NULL PRIMARY KEY AUTOINCREMENT, "object_id" text NULL, "object_repr" varchar(200) NOT NULL, "action_flag" smallint unsigned NOT NULL CHECK ("action_flag" >= 0), "change_message" text NOT NULL, "content_type_id" integer NULL REFERENCES "django_content_type" ("id") DEFERRABLE INITIALLY DEFERRED, "user_id" bigint NOT NULL REFERENCES "gestion_customuser" ("id") DEFERRABLE INITIALLY DEFERRED, "action_time" datetime NOT NULL); (params None)
DEBUG 2026-04-21 14:53:48,180 [django.db.backends.schema] INSERT INTO "new__django_admin_log" ("id", "object_id", "object_repr", "action_flag", "change_message", "content_type_id", "user_id", "action_time") SELECT "id", "object_id", "object_repr", "action_flag", "change_message", "content_type_id", "user_id", "action_time" FROM "django_admin_log"; (params ())
DEBUG 2026-04-21 14:53:48,180 [django.db.backends.schema] DROP TABLE "django_admin_log"; (params ())
DEBUG 2026-04-21 14:53:48,180 [django.db.backends.schema] ALTER TABLE "new__django_admin_log" RENAME TO "django_admin_log"; (params ())
DEBUG 2026-04-21 14:53:48,182 [django.db.backends.schema] CREATE INDEX "django_admin_log_content_type_id_c4bce8eb" ON "django_admin_log" ("content_type_id"); (params ())
DEBUG 2026-04-21 14:53:48,182 [django.db.backends.schema] CREATE INDEX "django_admin_log_user_id_c564eba6" ON "django_admin_log" ("user_id"); (params ())
DEBUG 2026-04-21 14:53:48,186 [django.db.backends.schema] CREATE TABLE "new__django_content_type" ("id" integer NOT NULL PRIMARY KEY AUTOINCREMENT, "app_label" varchar(100) NOT NULL, "model" varchar(100) NOT NULL, "name" varchar(100) NULL); (params None)
DEBUG 2026-04-21 14:53:48,186 [django.db.backends.schema] INSERT INTO "new__django_content_type" ("id", "app_label", "model", "name") SELECT "id", "app_label", "model", "name" FROM "django_content_type"; (params ())
DEBUG 2026-04-21 14:53:48,186 [django.db.backends.schema] DROP TABLE "django_content_type"; (params ())
DEBUG 2026-04-21 14:53:48,186 [django.db.backends.schema] ALTER TABLE "new__django_content_type" RENAME TO "django_content_type"; (params ())
DEBUG 2026-04-21 14:53:48,188 [django.db.backends.schema] CREATE UNIQUE INDEX "django_content_type_app_label_model_76bd3d3b_uniq" ON "django_content_type" ("app_label", "model"); (params ())
DEBUG 2026-04-21 14:53:48,199 [django.db.backends.schema] ALTER TABLE "django_content_type" DROP COLUMN "name"; (params ())
DEBUG 2026-04-21 14:53:48,203 [django.db.backends.schema] CREATE TABLE "auth_permission" ("id" integer NOT NULL PRIMARY KEY AUTOINCREMENT, "name" varchar(50) NOT NULL, "content_type_id" integer NOT NULL REFERENCES "django_content_type" ("id") DEFERRABLE INITIALLY DEFERRED, "codename" varchar(100) NOT NULL); (params None)
DEBUG 2026-04-21 14:53:48,205 [django.db.backends.schema] CREATE TABLE "auth_group" ("id" integer NOT NULL PRIMARY KEY AUTOINCREMENT, "name" varchar(80) NOT NULL UNIQUE); (params None)
DEBUG 2026-04-21 14:53:48,206 [django.db.backends.schema] CREATE TABLE "auth_group_permissions" ("id" integer NOT NULL PRIMARY KEY AUTOINCREMENT, "group_id" integer NOT NULL REFERENCES "auth_group" ("id") DEFERRABLE INITIALLY DEFERRED, "permission_id" integer NOT NULL REFERENCES "auth_permission" ("id") DEFERRABLE INITIALLY DEFERRED); (params None)
DEBUG 2026-04-21 14:53:48,208 [django.db.backends.schema] CREATE UNIQUE INDEX "auth_permission_content_type_id_codename_01ab375a_uniq" ON "auth_permission" ("content_type_id", "codename"); (params None)
DEBUG 2026-04-21 14:53:48,208 [django.db.backends.schema] CREATE INDEX "auth_permission_content_type_id_2f476e4b" ON "auth_permission" ("content_type_id"); (params None)
DEBUG 2026-04-21 14:53:48,209 [django.db.backends.schema] CREATE UNIQUE INDEX "auth_group_permissions_group_id_permission_id_0cd325b0_uniq" ON "auth_group_permissions" ("group_id", "permission_id"); (params None)
DEBUG 2026-04-21 14:53:48,209 [django.db.backends.schema] CREATE INDEX "auth_group_permissions_group_id_b120cbf9" ON "auth_group_permissions" ("group_id"); (params None)
DEBUG 2026-04-21 14:53:48,209 [django.db.backends.schema] CREATE INDEX "auth_group_permissions_permission_id_84c5c92e" ON "auth_group_permissions" ("permission_id"); (params None)
DEBUG 2026-04-21 14:53:48,212 [django.db.backends.schema] CREATE TABLE "new__auth_permission" ("id" integer NOT NULL PRIMARY KEY AUTOINCREMENT, "content_type_id" integer NOT NULL REFERENCES "django_content_type" ("id") DEFERRABLE INITIALLY DEFERRED, "codename" varchar(100) NOT NULL, "name" varchar(255) NOT NULL); (params None)
DEBUG 2026-04-21 14:53:48,212 [django.db.backends.schema] INSERT INTO "new__auth_permission" ("id", "content_type_id", "codename", "name") SELECT "id", "content_type_id", "codename", "name" FROM "auth_permission"; (params ())
DEBUG 2026-04-21 14:53:48,212 [django.db.backends.schema] DROP TABLE "auth_permission"; (params ())
DEBUG 2026-04-21 14:53:48,212 [django.db.backends.schema] ALTER TABLE "new__auth_permission" RENAME TO "auth_permission"; (params ())
DEBUG 2026-04-21 14:53:48,213 [django.db.backends.schema] CREATE UNIQUE INDEX "auth_permission_content_type_id_codename_01ab375a_uniq" ON "auth_permission" ("content_type_id", "codename"); (params ())
DEBUG 2026-04-21 14:53:48,214 [django.db.backends.schema] CREATE INDEX "auth_permission_content_type_id_2f476e4b" ON "auth_permission" ("content_type_id"); (params ())
DEBUG 2026-04-21 14:53:48,230 [django.db.backends.schema] CREATE TABLE "new__auth_group" ("id" integer NOT NULL PRIMARY KEY AUTOINCREMENT, "name" varchar(150) NOT NULL UNIQUE); (params None)
DEBUG 2026-04-21 14:53:48,231 [django.db.backends.schema] INSERT INTO "new__auth_group" ("id", "name") SELECT "id", "name" FROM "auth_group"; (params ())
DEBUG 2026-04-21 14:53:48,231 [django.db.backends.schema] DROP TABLE "auth_group"; (params ())
DEBUG 2026-04-21 14:53:48,231 [django.db.backends.schema] ALTER TABLE "new__auth_group" RENAME TO "auth_group"; (params ())
DEBUG 2026-04-21 14:53:48,247 [django.db.backends.schema] CREATE TABLE "django_session" ("session_key" varchar(40) NOT NULL PRIMARY KEY, "session_data" text NOT NULL, "expire_date" datetime NOT NULL); (params None)
DEBUG 2026-04-21 14:53:48,247 [django.db.backends.schema] CREATE INDEX "django_session_expire_date_a5c62663" ON "django_session" ("expire_date"); (params None)
DEBUG 2026-04-21 14:53:48,248 [django.db.backends.schema] CREATE TABLE "token_blacklist_blacklistedtoken" ("id" integer NOT NULL PRIMARY KEY AUTOINCREMENT, "blacklisted_at" datetime NOT NULL); (params None)
DEBUG 2026-04-21 14:53:48,251 [django.db.backends.schema] CREATE TABLE "token_blacklist_outstandingtoken" ("id" integer NOT NULL PRIMARY KEY AUTOINCREMENT, "jti" char(32) NOT NULL UNIQUE, "token" text NOT NULL, "created_at" datetime NOT NULL, "expires_at" datetime NOT NULL, "user_id" bigint NOT NULL REFERENCES "gestion_customuser" ("id") DEFERRABLE INITIALLY DEFERRED); (params None)
DEBUG 2026-04-21 14:53:48,255 [django.db.backends.schema] CREATE TABLE "new__token_blacklist_blacklistedtoken" ("id" integer NOT NULL PRIMARY KEY AUTOINCREMENT, "blacklisted_at" datetime NOT NULL, "token_id" integer NOT NULL UNIQUE REFERENCES "token_blacklist_outstandingtoken" ("id") DEFERRABLE INITIALLY DEFERRED); (params None)
DEBUG 2026-04-21 14:53:48,255 [django.db.backends.schema] INSERT INTO "new__token_blacklist_blacklistedtoken" ("id", "blacklisted_at", "token_id") SELECT "id", "blacklisted_at", NULL FROM "token_blacklist_blacklistedtoken"; (params ())
DEBUG 2026-04-21 14:53:48,256 [django.db.backends.schema] DROP TABLE "token_blacklist_blacklistedtoken"; (params ())
DEBUG 2026-04-21 14:53:48,256 [django.db.backends.schema] ALTER TABLE "new__token_blacklist_blacklistedtoken" RENAME TO "token_blacklist_blacklistedtoken"; (params ())
DEBUG 2026-04-21 14:53:48,257 [django.db.backends.schema] CREATE INDEX "token_blacklist_outstandingtoken_user_id_83bc629a" ON "token_blacklist_outstandingtoken" ("user_id"); (params ())
DEBUG 2026-04-21 14:53:48,259 [django.db.backends.schema] ALTER TABLE "token_blacklist_outstandingtoken" ADD COLUMN "jti_hex" varchar(255) NULL; (params None)
DEBUG 2026-04-21 14:53:48,276 [django.db.backends.schema] CREATE TABLE "new__token_blacklist_outstandingtoken" ("id" integer NOT NULL PRIMARY KEY AUTOINCREMENT, "jti" char(32) NOT NULL UNIQUE, "token" text NOT NULL, "created_at" datetime NOT NULL, "expires_at" datetime NOT NULL, "user_id" bigint NOT NULL REFERENCES "gestion_customuser" ("id") DEFERRABLE INITIALLY DEFERRED, "jti_hex" varchar(255) NOT NULL UNIQUE); (params None)
DEBUG 2026-04-21 14:53:48,276 [django.db.backends.schema] INSERT INTO "new__token_blacklist_outstandingtoken" ("id", "jti", "token", "created_at", "expires_at", "user_id", "jti_hex") SELECT "id", "jti", "token", "created_at", "expires_at", "user_id", coalesce("jti_hex", NULL) FROM "token_blacklist_outstandingtoken"; (params ())
DEBUG 2026-04-21 14:53:48,276 [django.db.backends.schema] DROP TABLE "token_blacklist_outstandingtoken"; (params ())
DEBUG 2026-04-21 14:53:48,277 [django.db.backends.schema] ALTER TABLE "new__token_blacklist_outstandingtoken" RENAME TO "token_blacklist_outstandingtoken"; (params ())
DEBUG 2026-04-21 14:53:48,278 [django.db.backends.schema] CREATE INDEX "token_blacklist_outstandingtoken_user_id_83bc629a" ON "token_blacklist_outstandingtoken" ("user_id"); (params ())
DEBUG 2026-04-21 14:53:48,280 [django.db.backends.schema] CREATE TABLE "new__token_blacklist_outstandingtoken" ("id" integer NOT NULL PRIMARY KEY AUTOINCREMENT, "token" text NOT NULL, "created_at" datetime NOT NULL, "expires_at" datetime NOT NULL, "user_id" bigint NOT NULL REFERENCES "gestion_customuser" ("id") DEFERRABLE INITIALLY DEFERRED, "jti_hex" varchar(255) NOT NULL UNIQUE); (params None)
DEBUG 2026-04-21 14:53:48,281 [django.db.backends.schema] INSERT INTO "new__token_blacklist_outstandingtoken" ("id", "token", "created_at", "expires_at", "user_id", "jti_hex") SELECT "id", "token", "created_at", "expires_at", "user_id", "jti_hex" FROM "token_blacklist_outstandingtoken"; (params ())
DEBUG 2026-04-21 14:53:48,281 [django.db.backends.schema] DROP TABLE "token_blacklist_outstandingtoken"; (params ())
DEBUG 2026-04-21 14:53:48,281 [django.db.backends.schema] ALTER TABLE "new__token_blacklist_outstandingtoken" RENAME TO "token_blacklist_outstandingtoken"; (params ())
DEBUG 2026-04-21 14:53:48,282 [django.db.backends.schema] CREATE INDEX "token_blacklist_outstandingtoken_user_id_83bc629a" ON "token_blacklist_outstandingtoken" ("user_id"); (params ())
DEBUG 2026-04-21 14:53:48,285 [django.db.backends.schema] ALTER TABLE "token_blacklist_outstandingtoken" RENAME COLUMN "jti_hex" TO "jti"; (params ())
DEBUG 2026-04-21 14:53:48,289 [django.db.backends.schema] CREATE TABLE "new__token_blacklist_outstandingtoken" ("id" integer NOT NULL PRIMARY KEY AUTOINCREMENT, "token" text NOT NULL, "expires_at" datetime NOT NULL, "user_id" bigint NOT NULL REFERENCES "gestion_customuser" ("id") DEFERRABLE INITIALLY DEFERRED, "jti" varchar(255) NOT NULL UNIQUE, "created_at" datetime NULL); (params None)
DEBUG 2026-04-21 14:53:48,289 [django.db.backends.schema] INSERT INTO "new__token_blacklist_outstandingtoken" ("id", "token", "expires_at", "user_id", "jti", "created_at") SELECT "id", "token", "expires_at", "user_id", "jti", "created_at" FROM "token_blacklist_outstandingtoken"; (params ())
DEBUG 2026-04-21 14:53:48,290 [django.db.backends.schema] DROP TABLE "token_blacklist_outstandingtoken"; (params ())
DEBUG 2026-04-21 14:53:48,290 [django.db.backends.schema] ALTER TABLE "new__token_blacklist_outstandingtoken" RENAME TO "token_blacklist_outstandingtoken"; (params ())
DEBUG 2026-04-21 14:53:48,291 [django.db.backends.schema] CREATE INDEX "token_blacklist_outstandingtoken_user_id_83bc629a" ON "token_blacklist_outstandingtoken" ("user_id"); (params ())
DEBUG 2026-04-21 14:53:48,295 [django.db.backends.schema] CREATE TABLE "new__token_blacklist_outstandingtoken" ("id" integer NOT NULL PRIMARY KEY AUTOINCREMENT, "token" text NOT NULL, "created_at" datetime NULL, "expires_at" datetime NOT NULL, "jti" varchar(255) NOT NULL UNIQUE, "user_id" bigint NULL REFERENCES "gestion_customuser" ("id") DEFERRABLE INITIALLY DEFERRED); (params None)
DEBUG 2026-04-21 14:53:48,295 [django.db.backends.schema] INSERT INTO "new__token_blacklist_outstandingtoken" ("id", "token", "created_at", "expires_at", "jti", "user_id") SELECT "id", "token", "created_at", "expires_at", "jti", "user_id" FROM "token_blacklist_outstandingtoken"; (params ())
DEBUG 2026-04-21 14:53:48,295 [django.db.backends.schema] DROP TABLE "token_blacklist_outstandingtoken"; (params ())
DEBUG 2026-04-21 14:53:48,295 [django.db.backends.schema] ALTER TABLE "new__token_blacklist_outstandingtoken" RENAME TO "token_blacklist_outstandingtoken"; (params ())
DEBUG 2026-04-21 14:53:48,296 [django.db.backends.schema] CREATE INDEX "token_blacklist_outstandingtoken_user_id_83bc629a" ON "token_blacklist_outstandingtoken" ("user_id"); (params ())
DEBUG 2026-04-21 14:53:48,298 [django.db.backends.schema] CREATE TABLE "new__token_blacklist_blacklistedtoken" ("id" integer NOT NULL PRIMARY KEY AUTOINCREMENT, "blacklisted_at" datetime NOT NULL, "token_id" integer NOT NULL UNIQUE REFERENCES "token_blacklist_outstandingtoken" ("id") DEFERRABLE INITIALLY DEFERRED); (params None)
DEBUG 2026-04-21 14:53:48,298 [django.db.backends.schema] INSERT INTO "new__token_blacklist_blacklistedtoken" ("blacklisted_at", "token_id", "id") SELECT "blacklisted_at", "token_id", "id" FROM "token_blacklist_blacklistedtoken"; (params ())
DEBUG 2026-04-21 14:53:48,299 [django.db.backends.schema] DROP TABLE "token_blacklist_blacklistedtoken"; (params ())
DEBUG 2026-04-21 14:53:48,299 [django.db.backends.schema] ALTER TABLE "new__token_blacklist_blacklistedtoken" RENAME TO "token_blacklist_blacklistedtoken"; (params ())
DEBUG 2026-04-21 14:53:48,304 [django.db.backends.schema] CREATE TABLE "new__token_blacklist_outstandingtoken" ("id" integer NOT NULL PRIMARY KEY AUTOINCREMENT, "token" text NOT NULL, "created_at" datetime NULL, "expires_at" datetime NOT NULL, "user_id" bigint NULL REFERENCES "gestion_customuser" ("id") DEFERRABLE INITIALLY DEFERRED, "jti" varchar(255) NOT NULL UNIQUE); (params None)
DEBUG 2026-04-21 14:53:48,304 [django.db.backends.schema] INSERT INTO "new__token_blacklist_outstandingtoken" ("token", "created_at", "expires_at", "user_id", "jti", "id") SELECT "token", "created_at", "expires_at", "user_id", "jti", "id" FROM "token_blacklist_outstandingtoken"; (params ())
DEBUG 2026-04-21 14:53:48,304 [django.db.backends.schema] DROP TABLE "token_blacklist_outstandingtoken"; (params ())
DEBUG 2026-04-21 14:53:48,304 [django.db.backends.schema] ALTER TABLE "new__token_blacklist_outstandingtoken" RENAME TO "token_blacklist_outstandingtoken"; (params ())
DEBUG 2026-04-21 14:53:48,306 [django.db.backends.schema] CREATE INDEX "token_blacklist_outstandingtoken_user_id_83bc629a" ON "token_blacklist_outstandingtoken" ("user_id"); (params ())
DEBUG 2026-04-21 14:53:48,308 [django.db.backends.schema] CREATE TABLE "new__token_blacklist_blacklistedtoken" ("blacklisted_at" datetime NOT NULL, "token_id" bigint NOT NULL UNIQUE REFERENCES "token_blacklist_outstandingtoken" ("id") DEFERRABLE INITIALLY DEFERRED, "id" integer NOT NULL PRIMARY KEY AUTOINCREMENT); (params None)
DEBUG 2026-04-21 14:53:48,308 [django.db.backends.schema] INSERT INTO "new__token_blacklist_blacklistedtoken" ("blacklisted_at", "token_id", "id") SELECT "blacklisted_at", "token_id", "id" FROM "token_blacklist_blacklistedtoken"; (params ())
DEBUG 2026-04-21 14:53:48,308 [django.db.backends.schema] DROP TABLE "token_blacklist_blacklistedtoken"; (params ())
DEBUG 2026-04-21 14:53:48,308 [django.db.backends.schema] ALTER TABLE "new__token_blacklist_blacklistedtoken" RENAME TO "token_blacklist_blacklistedtoken"; (params ())
DEBUG 2026-04-21 14:53:48,314 [django.db.backends.schema] CREATE TABLE "new__token_blacklist_outstandingtoken" ("token" text NOT NULL, "created_at" datetime NULL, "expires_at" datetime NOT NULL, "user_id" bigint NULL REFERENCES "gestion_customuser" ("id") DEFERRABLE INITIALLY DEFERRED, "jti" varchar(255) NOT NULL UNIQUE, "id" integer NOT NULL PRIMARY KEY AUTOINCREMENT); (params None)
DEBUG 2026-04-21 14:53:48,314 [django.db.backends.schema] INSERT INTO "new__token_blacklist_outstandingtoken" ("token", "created_at", "expires_at", "user_id", "jti", "id") SELECT "token", "created_at", "expires_at", "user_id", "jti", "id" FROM "token_blacklist_outstandingtoken"; (params ())
DEBUG 2026-04-21 14:53:48,314 [django.db.backends.schema] DROP TABLE "token_blacklist_outstandingtoken"; (params ())
DEBUG 2026-04-21 14:53:48,314 [django.db.backends.schema] ALTER TABLE "new__token_blacklist_outstandingtoken" RENAME TO "token_blacklist_outstandingtoken"; (params ())
DEBUG 2026-04-21 14:53:48,315 [django.db.backends.schema] CREATE INDEX "token_blacklist_outstandingtoken_user_id_83bc629a" ON "token_blacklist_outstandingtoken" ("user_id"); (params ())
System check identified some issues:

WARNINGS:
inventory.MovimientoInventario: (models.W040) SQLite does not support indexes with non-key columns.
	HINT: Non-key columns will be ignored. Silence this warning if you don't care about it.

System check identified 1 issue (0 silenced).
EINFO 2026-04-21 14:53:48,379 [gestion.signals] Evento de auditoría registrado
INFO 2026-04-21 14:53:48,380 [gestion.signals] Evento de auditoría registrado
INFO 2026-04-21 14:53:48,505 [gestion.signals] Evento de auditoría registrado
INFO 2026-04-21 14:53:48,631 [gestion.signals] Evento de auditoría registrado
INFO 2026-04-21 14:53:48,757 [gestion.signals] Evento de auditoría registrado
EINFO 2026-04-21 14:53:48,763 [gestion.signals] Evento de auditoría registrado
INFO 2026-04-21 14:53:48,764 [gestion.signals] Evento de auditoría registrado
INFO 2026-04-21 14:53:48,888 [gestion.signals] Evento de auditoría registrado
INFO 2026-04-21 14:53:49,013 [gestion.signals] Evento de auditoría registrado
INFO 2026-04-21 14:53:49,134 [gestion.signals] Evento de auditoría registrado
EINFO 2026-04-21 14:53:49,142 [gestion.signals] Evento de auditoría registrado
INFO 2026-04-21 14:53:49,170 [gestion.signals] Evento de auditoría registrado
INFO 2026-04-21 14:53:49,173 [gestion.signals] Evento de auditoría registrado
.INFO 2026-04-21 14:53:49,174 [gestion.signals] Evento de auditoría registrado
INFO 2026-04-21 14:53:49,178 [gestion.signals] Evento de auditoría registrado
.INFO 2026-04-21 14:53:49,181 [gestion.signals] Evento de auditoría registrado
INFO 2026-04-21 14:53:49,185 [gestion.signals] Evento de auditoría registrado
..INFO 2026-04-21 14:53:49,190 [gestion.signals] Evento de auditoría registrado
INFO 2026-04-21 14:53:49,193 [gestion.signals] Evento de auditoría registrado
.INFO 2026-04-21 14:53:49,195 [gestion.signals] Evento de auditoría registrado
.INFO 2026-04-21 14:53:49,198 [gestion.signals] Evento de auditoría registrado
INFO 2026-04-21 14:53:49,202 [gestion.signals] Evento de auditoría registrado
.INFO 2026-04-21 14:53:49,203 [gestion.signals] Evento de auditoría registrado
INFO 2026-04-21 14:53:49,204 [gestion.signals] Evento de auditoría registrado
INFO 2026-04-21 14:53:49,205 [gestion.signals] Evento de auditoría registrado
INFO 2026-04-21 14:53:49,205 [gestion.signals] Evento de auditoría registrado
INFO 2026-04-21 14:53:49,206 [gestion.signals] Evento de auditoría registrado
EINFO 2026-04-21 14:53:49,208 [gestion.signals] Evento de auditoría registrado
INFO 2026-04-21 14:53:49,208 [gestion.signals] Evento de auditoría registrado
INFO 2026-04-21 14:53:49,209 [gestion.signals] Evento de auditoría registrado
INFO 2026-04-21 14:53:49,209 [gestion.signals] Evento de auditoría registrado
INFO 2026-04-21 14:53:49,210 [gestion.signals] Evento de auditoría registrado
E.INFO 2026-04-21 14:53:49,212 [gestion.signals] Evento de auditoría registrado
INFO 2026-04-21 14:53:49,213 [gestion.signals] Evento de auditoría registrado
INFO 2026-04-21 14:53:49,213 [gestion.signals] Evento de auditoría registrado
INFO 2026-04-21 14:53:49,214 [gestion.signals] Evento de auditoría registrado
INFO 2026-04-21 14:53:49,214 [gestion.signals] Evento de auditoría registrado
EINFO 2026-04-21 14:53:49,216 [gestion.signals] Evento de auditoría registrado
INFO 2026-04-21 14:53:49,216 [gestion.signals] Evento de auditoría registrado
INFO 2026-04-21 14:53:49,217 [gestion.signals] Evento de auditoría registrado
INFO 2026-04-21 14:53:49,217 [gestion.signals] Evento de auditoría registrado
INFO 2026-04-21 14:53:49,218 [gestion.signals] Evento de auditoría registrado
EINFO 2026-04-21 14:53:49,220 [gestion.signals] Evento de auditoría registrado
INFO 2026-04-21 14:53:49,220 [gestion.signals] Evento de auditoría registrado
INFO 2026-04-21 14:53:49,221 [gestion.signals] Evento de auditoría registrado
INFO 2026-04-21 14:53:49,221 [gestion.signals] Evento de auditoría registrado
INFO 2026-04-21 14:53:49,222 [gestion.signals] Evento de auditoría registrado
EINFO 2026-04-21 14:53:49,223 [gestion.signals] Evento de auditoría registrado
INFO 2026-04-21 14:53:49,227 [gestion.signals] Evento de auditoría registrado
INFO 2026-04-21 14:53:49,228 [gestion.signals] Evento de auditoría registrado
INFO 2026-04-21 14:53:49,360 [gestion.signals] Evento de auditoría registrado
INFO 2026-04-21 14:53:49,367 [gestion.signals] Evento de auditoría registrado
INFO 2026-04-21 14:53:49,368 [gestion.signals] Evento de auditoría registrado
INFO 2026-04-21 14:53:49,368 [gestion.utils] Iniciando reconciliación de pagos para cliente: Cliente Test 7
INFO 2026-04-21 14:53:49,370 [gestion.utils] Reconciliación completada. 0 pedidos actualizados para cliente 1. Saldo restante: 0.00
INFO 2026-04-21 14:53:49,370 [gestion.views] Pedido de venta anulado
INFO 2026-04-21 14:53:49,370 [gestion.middleware] POST /api/pedidos-venta/1/anular/ 200
INFO 2026-04-21 14:53:49,373 [gestion.middleware] GET /api/pedidos-venta/1/ 200
.INFO 2026-04-21 14:53:49,374 [gestion.signals] Evento de auditoría registrado
INFO 2026-04-21 14:53:49,379 [gestion.signals] Evento de auditoría registrado
INFO 2026-04-21 14:53:49,380 [gestion.signals] Evento de auditoría registrado
INFO 2026-04-21 14:53:49,508 [gestion.signals] Evento de auditoría registrado
INFO 2026-04-21 14:53:49,512 [gestion.signals] Evento de auditoría registrado
INFO 2026-04-21 14:53:49,512 [gestion.signals] Evento de auditoría registrado
INFO 2026-04-21 14:53:49,512 [gestion.utils] Iniciando reconciliación de pagos para cliente: Cliente Test 8
INFO 2026-04-21 14:53:49,514 [gestion.utils] Reconciliación completada. 0 pedidos actualizados para cliente 1. Saldo restante: 0.00
INFO 2026-04-21 14:53:49,514 [gestion.views] Pedido de venta anulado
INFO 2026-04-21 14:53:49,514 [gestion.middleware] POST /api/pedidos-venta/1/anular/ 200
.INFO 2026-04-21 14:53:49,516 [gestion.signals] Evento de auditoría registrado
INFO 2026-04-21 14:53:49,521 [gestion.signals] Evento de auditoría registrado
INFO 2026-04-21 14:53:49,521 [gestion.signals] Evento de auditoría registrado
INFO 2026-04-21 14:53:49,648 [gestion.signals] Evento de auditoría registrado
INFO 2026-04-21 14:53:49,651 [gestion.signals] Evento de auditoría registrado
INFO 2026-04-21 14:53:49,652 [gestion.signals] Evento de auditoría registrado
INFO 2026-04-21 14:53:49,652 [gestion.utils] Iniciando reconciliación de pagos para cliente: Cliente Test 9
INFO 2026-04-21 14:53:49,653 [gestion.utils] Reconciliación completada. 0 pedidos actualizados para cliente 1. Saldo restante: 0.00
INFO 2026-04-21 14:53:49,653 [gestion.views] Pedido de venta anulado
INFO 2026-04-21 14:53:49,654 [gestion.middleware] POST /api/pedidos-venta/1/anular/ 200
.INFO 2026-04-21 14:53:49,656 [gestion.signals] Evento de auditoría registrado
INFO 2026-04-21 14:53:49,659 [gestion.signals] Evento de auditoría registrado
INFO 2026-04-21 14:53:49,660 [gestion.signals] Evento de auditoría registrado
INFO 2026-04-21 14:53:49,784 [gestion.signals] Evento de auditoría registrado
INFO 2026-04-21 14:53:49,785 [gestion.middleware] POST /api/pedidos-venta/1/anular/ 401
.INFO 2026-04-21 14:53:49,787 [gestion.signals] Evento de auditoría registrado
INFO 2026-04-21 14:53:49,790 [gestion.signals] Evento de auditoría registrado
INFO 2026-04-21 14:53:49,791 [gestion.signals] Evento de auditoría registrado
INFO 2026-04-21 14:53:49,916 [gestion.signals] Evento de auditoría registrado
INFO 2026-04-21 14:53:49,918 [gestion.signals] Evento de auditoría registrado
INFO 2026-04-21 14:53:49,919 [gestion.signals] Evento de auditoría registrado
INFO 2026-04-21 14:53:49,919 [gestion.utils] Iniciando reconciliación de pagos para cliente: Cliente Test 11
INFO 2026-04-21 14:53:49,920 [gestion.utils] Reconciliación completada. 0 pedidos actualizados para cliente 1. Saldo restante: 0.00
INFO 2026-04-21 14:53:49,920 [gestion.views] Pedido de venta anulado
INFO 2026-04-21 14:53:49,920 [gestion.middleware] POST /api/pedidos-venta/1/anular/ 200
.INFO 2026-04-21 14:53:49,921 [gestion.signals] Evento de auditoría registrado
INFO 2026-04-21 14:53:49,925 [gestion.signals] Evento de auditoría registrado
INFO 2026-04-21 14:53:49,926 [gestion.signals] Evento de auditoría registrado
INFO 2026-04-21 14:53:50,050 [gestion.signals] Evento de auditoría registrado
INFO 2026-04-21 14:53:50,051 [gestion.signals] Evento de auditoría registrado
INFO 2026-04-21 14:53:50,182 [gestion.middleware] POST /api/pedidos-venta/1/anular/ 403
.INFO 2026-04-21 14:53:50,184 [gestion.signals] Evento de auditoría registrado
INFO 2026-04-21 14:53:50,188 [gestion.signals] Evento de auditoría registrado
INFO 2026-04-21 14:53:50,188 [gestion.signals] Evento de auditoría registrado
INFO 2026-04-21 14:53:50,318 [gestion.signals] Evento de auditoría registrado
INFO 2026-04-21 14:53:50,318 [gestion.signals] Evento de auditoría registrado
INFO 2026-04-21 14:53:50,446 [gestion.signals] Evento de auditoría registrado
INFO 2026-04-21 14:53:50,449 [gestion.signals] Evento de auditoría registrado
INFO 2026-04-21 14:53:50,449 [gestion.signals] Evento de auditoría registrado
INFO 2026-04-21 14:53:50,449 [gestion.utils] Iniciando reconciliación de pagos para cliente: Cliente Test 13
INFO 2026-04-21 14:53:50,451 [gestion.utils] Reconciliación completada. 0 pedidos actualizados para cliente 1. Saldo restante: 0.00
INFO 2026-04-21 14:53:50,451 [gestion.views] Pedido de venta anulado
INFO 2026-04-21 14:53:50,451 [gestion.middleware] POST /api/pedidos-venta/2/anular/ 200
.INFO 2026-04-21 14:53:50,452 [gestion.signals] Evento de auditoría registrado
INFO 2026-04-21 14:53:50,455 [gestion.signals] Evento de auditoría registrado
INFO 2026-04-21 14:53:50,456 [gestion.signals] Evento de auditoría registrado
INFO 2026-04-21 14:53:50,582 [gestion.signals] Evento de auditoría registrado
INFO 2026-04-21 14:53:50,584 [gestion.middleware] POST /api/pedidos-venta/1/anular/ 400
.INFO 2026-04-21 14:53:50,585 [gestion.signals] Evento de auditoría registrado
INFO 2026-04-21 14:53:50,589 [gestion.signals] Evento de auditoría registrado
INFO 2026-04-21 14:53:50,590 [gestion.signals] Evento de auditoría registrado
INFO 2026-04-21 14:53:50,716 [gestion.signals] Evento de auditoría registrado
INFO 2026-04-21 14:53:50,719 [gestion.middleware] POST /api/pedidos-venta/1/anular/ 400
.INFO 2026-04-21 14:53:50,721 [gestion.signals] Evento de auditoría registrado
INFO 2026-04-21 14:53:50,725 [gestion.signals] Evento de auditoría registrado
INFO 2026-04-21 14:53:50,726 [gestion.signals] Evento de auditoría registrado
INFO 2026-04-21 14:53:50,853 [gestion.signals] Evento de auditoría registrado
INFO 2026-04-21 14:53:50,855 [gestion.middleware] POST /api/pedidos-venta/1/anular/ 400
.INFO 2026-04-21 14:53:50,856 [gestion.signals] Evento de auditoría registrado
INFO 2026-04-21 14:53:50,860 [gestion.signals] Evento de auditoría registrado
INFO 2026-04-21 14:53:50,861 [gestion.signals] Evento de auditoría registrado
INFO 2026-04-21 14:53:50,987 [gestion.signals] Evento de auditoría registrado
INFO 2026-04-21 14:53:50,990 [gestion.signals] Evento de auditoría registrado
INFO 2026-04-21 14:53:50,990 [gestion.signals] Evento de auditoría registrado
INFO 2026-04-21 14:53:50,990 [gestion.utils] Iniciando reconciliación de pagos para cliente: Cliente Test 17
INFO 2026-04-21 14:53:50,992 [gestion.utils] Reconciliación completada. 0 pedidos actualizados para cliente 1. Saldo restante: 0.00
INFO 2026-04-21 14:53:50,992 [gestion.views] Pedido de venta anulado
INFO 2026-04-21 14:53:50,992 [gestion.middleware] POST /api/pedidos-venta/1/anular/ 200
.INFO 2026-04-21 14:53:50,993 [gestion.signals] Evento de auditoría registrado
INFO 2026-04-21 14:53:50,999 [gestion.signals] Evento de auditoría registrado
INFO 2026-04-21 14:53:50,999 [gestion.signals] Evento de auditoría registrado
INFO 2026-04-21 14:53:51,127 [gestion.signals] Evento de auditoría registrado
INFO 2026-04-21 14:53:51,130 [gestion.middleware] POST /api/pedidos-venta/1/anular/ 400
.INFO 2026-04-21 14:53:51,131 [gestion.signals] Evento de auditoría registrado
INFO 2026-04-21 14:53:51,135 [gestion.signals] Evento de auditoría registrado
INFO 2026-04-21 14:53:51,136 [gestion.signals] Evento de auditoría registrado
INFO 2026-04-21 14:53:51,262 [gestion.signals] Evento de auditoría registrado
INFO 2026-04-21 14:53:51,264 [gestion.signals] Evento de auditoría registrado
INFO 2026-04-21 14:53:51,265 [gestion.signals] Evento de auditoría registrado
INFO 2026-04-21 14:53:51,265 [gestion.utils] Iniciando reconciliación de pagos para cliente: Cliente Test 19
INFO 2026-04-21 14:53:51,266 [gestion.utils] Reconciliación completada. 0 pedidos actualizados para cliente 1. Saldo restante: 0.00
INFO 2026-04-21 14:53:51,267 [gestion.views] Pedido de venta anulado
INFO 2026-04-21 14:53:51,267 [gestion.middleware] POST /api/pedidos-venta/1/anular/ 200
INFO 2026-04-21 14:53:51,269 [gestion.middleware] POST /api/pedidos-venta/1/anular/ 400
.INFO 2026-04-21 14:53:51,270 [gestion.signals] Evento de auditoría registrado
INFO 2026-04-21 14:53:51,274 [gestion.signals] Evento de auditoría registrado
INFO 2026-04-21 14:53:51,274 [gestion.signals] Evento de auditoría registrado
INFO 2026-04-21 14:53:51,402 [gestion.signals] Evento de auditoría registrado
INFO 2026-04-21 14:53:51,405 [gestion.signals] Evento de auditoría registrado
INFO 2026-04-21 14:53:51,406 [gestion.signals] Evento de auditoría registrado
INFO 2026-04-21 14:53:51,406 [gestion.utils] Iniciando reconciliación de pagos para cliente: Cliente Test 20
INFO 2026-04-21 14:53:51,407 [gestion.utils] Reconciliación completada. 0 pedidos actualizados para cliente 1. Saldo restante: 0.00
INFO 2026-04-21 14:53:51,407 [gestion.views] Pedido de venta modificado
INFO 2026-04-21 14:53:51,407 [gestion.middleware] PATCH /api/pedidos-venta/1/modificar/ 200
.INFO 2026-04-21 14:53:51,408 [gestion.signals] Evento de auditoría registrado
INFO 2026-04-21 14:53:51,412 [gestion.signals] Evento de auditoría registrado
INFO 2026-04-21 14:53:51,413 [gestion.signals] Evento de auditoría registrado
INFO 2026-04-21 14:53:51,538 [gestion.signals] Evento de auditoría registrado
INFO 2026-04-21 14:53:51,541 [gestion.signals] Evento de auditoría registrado
INFO 2026-04-21 14:53:51,541 [gestion.signals] Evento de auditoría registrado
INFO 2026-04-21 14:53:51,541 [gestion.utils] Iniciando reconciliación de pagos para cliente: Cliente Test 21
INFO 2026-04-21 14:53:51,542 [gestion.utils] Reconciliación completada. 0 pedidos actualizados para cliente 1. Saldo restante: 0.00
INFO 2026-04-21 14:53:51,542 [gestion.views] Pedido de venta modificado
INFO 2026-04-21 14:53:51,543 [gestion.middleware] PATCH /api/pedidos-venta/1/modificar/ 200
.INFO 2026-04-21 14:53:51,544 [gestion.signals] Evento de auditoría registrado
INFO 2026-04-21 14:53:51,550 [gestion.signals] Evento de auditoría registrado
INFO 2026-04-21 14:53:51,551 [gestion.signals] Evento de auditoría registrado
INFO 2026-04-21 14:53:51,676 [gestion.signals] Evento de auditoría registrado
INFO 2026-04-21 14:53:51,680 [gestion.signals] Evento de auditoría registrado
INFO 2026-04-21 14:53:51,681 [gestion.signals] Evento de auditoría registrado
INFO 2026-04-21 14:53:51,681 [gestion.utils] Iniciando reconciliación de pagos para cliente: Cliente Test 22
INFO 2026-04-21 14:53:51,682 [gestion.utils] Reconciliación completada. 0 pedidos actualizados para cliente 1. Saldo restante: 0.00
INFO 2026-04-21 14:53:51,683 [gestion.views] Pedido de venta modificado
INFO 2026-04-21 14:53:51,683 [gestion.middleware] PATCH /api/pedidos-venta/1/modificar/ 200
.INFO 2026-04-21 14:53:51,684 [gestion.signals] Evento de auditoría registrado
INFO 2026-04-21 14:53:51,688 [gestion.signals] Evento de auditoría registrado
INFO 2026-04-21 14:53:51,688 [gestion.signals] Evento de auditoría registrado
INFO 2026-04-21 14:53:51,818 [gestion.signals] Evento de auditoría registrado
INFO 2026-04-21 14:53:51,821 [gestion.signals] Evento de auditoría registrado
INFO 2026-04-21 14:53:51,821 [gestion.signals] Evento de auditoría registrado
INFO 2026-04-21 14:53:51,821 [gestion.utils] Iniciando reconciliación de pagos para cliente: Cliente Test 23
INFO 2026-04-21 14:53:51,823 [gestion.utils] Reconciliación completada. 0 pedidos actualizados para cliente 1. Saldo restante: 0.00
INFO 2026-04-21 14:53:51,823 [gestion.views] Pedido de venta modificado
INFO 2026-04-21 14:53:51,823 [gestion.middleware] PATCH /api/pedidos-venta/1/modificar/ 200
.INFO 2026-04-21 14:53:51,824 [gestion.signals] Evento de auditoría registrado
INFO 2026-04-21 14:53:51,828 [gestion.signals] Evento de auditoría registrado
INFO 2026-04-21 14:53:51,829 [gestion.signals] Evento de auditoría registrado
INFO 2026-04-21 14:53:51,954 [gestion.signals] Evento de auditoría registrado
INFO 2026-04-21 14:53:51,955 [gestion.signals] Evento de auditoría registrado
INFO 2026-04-21 14:53:51,957 [gestion.middleware] PATCH /api/pedidos-venta/1/modificar/ 400
.INFO 2026-04-21 14:53:51,958 [gestion.signals] Evento de auditoría registrado
INFO 2026-04-21 14:53:51,961 [gestion.signals] Evento de auditoría registrado
INFO 2026-04-21 14:53:51,962 [gestion.signals] Evento de auditoría registrado
INFO 2026-04-21 14:53:52,087 [gestion.signals] Evento de auditoría registrado
INFO 2026-04-21 14:53:52,089 [gestion.middleware] PATCH /api/pedidos-venta/1/modificar/ 400
.INFO 2026-04-21 14:53:52,091 [gestion.signals] Evento de auditoría registrado
INFO 2026-04-21 14:53:52,095 [gestion.signals] Evento de auditoría registrado
INFO 2026-04-21 14:53:52,096 [gestion.signals] Evento de auditoría registrado
INFO 2026-04-21 14:53:52,220 [gestion.signals] Evento de auditoría registrado
INFO 2026-04-21 14:53:52,222 [gestion.signals] Evento de auditoría registrado
INFO 2026-04-21 14:53:52,223 [gestion.signals] Evento de auditoría registrado
INFO 2026-04-21 14:53:52,223 [gestion.utils] Iniciando reconciliación de pagos para cliente: Cliente Test 26
INFO 2026-04-21 14:53:52,224 [gestion.utils] Reconciliación completada. 0 pedidos actualizados para cliente 1. Saldo restante: 0.00
INFO 2026-04-21 14:53:52,224 [gestion.views] Pedido de venta modificado
INFO 2026-04-21 14:53:52,224 [gestion.middleware] PATCH /api/pedidos-venta/1/modificar/ 200
.INFO 2026-04-21 14:53:52,225 [gestion.signals] Evento de auditoría registrado
INFO 2026-04-21 14:53:52,233 [gestion.signals] Evento de auditoría registrado
INFO 2026-04-21 14:53:52,234 [gestion.signals] Evento de auditoría registrado
INFO 2026-04-21 14:53:52,362 [gestion.signals] Evento de auditoría registrado
INFO 2026-04-21 14:53:52,365 [gestion.middleware] PATCH /api/pedidos-venta/1/modificar/ 400
.INFO 2026-04-21 14:53:52,367 [gestion.signals] Evento de auditoría registrado
INFO 2026-04-21 14:53:52,372 [gestion.signals] Evento de auditoría registrado
INFO 2026-04-21 14:53:52,372 [gestion.signals] Evento de auditoría registrado
INFO 2026-04-21 14:53:52,500 [gestion.signals] Evento de auditoría registrado
INFO 2026-04-21 14:53:52,502 [gestion.middleware] PATCH /api/pedidos-venta/1/modificar/ 200
.INFO 2026-04-21 14:53:52,503 [gestion.signals] Evento de auditoría registrado
INFO 2026-04-21 14:53:52,507 [gestion.signals] Evento de auditoría registrado
INFO 2026-04-21 14:53:52,507 [gestion.signals] Evento de auditoría registrado
INFO 2026-04-21 14:53:52,630 [gestion.signals] Evento de auditoría registrado
INFO 2026-04-21 14:53:52,632 [gestion.signals] Evento de auditoría registrado
INFO 2026-04-21 14:53:52,756 [gestion.middleware] PATCH /api/pedidos-venta/1/modificar/ 404
....INFO 2026-04-21 14:53:52,760 [gestion.signals] Evento de auditoría registrado
INFO 2026-04-21 14:53:52,887 [gestion.signals] Evento de auditoría registrado
INFO 2026-04-21 14:53:52,892 [gestion.signals] Evento de auditoría registrado
INFO 2026-04-21 14:53:52,916 [gestion.middleware] PATCH /api/clientes/1/ 400
INFO 2026-04-21 14:53:52,923 [gestion.signals] Evento de auditoría registrado
INFO 2026-04-21 14:53:52,925 [gestion.middleware] PATCH /api/clientes/1/ 200
.INFO 2026-04-21 14:53:52,926 [gestion.signals] Evento de auditoría registrado
INFO 2026-04-21 14:53:53,053 [gestion.signals] Evento de auditoría registrado
INFO 2026-04-21 14:53:53,057 [gestion.signals] Evento de auditoría registrado
INFO 2026-04-21 14:53:53,063 [gestion.signals] Evento de auditoría registrado
INFO 2026-04-21 14:53:53,067 [gestion.middleware] POST /api/clientes/ 201
.INFO 2026-04-21 14:53:53,068 [gestion.signals] Evento de auditoría registrado
INFO 2026-04-21 14:53:53,191 [gestion.signals] Evento de auditoría registrado
INFO 2026-04-21 14:53:53,195 [gestion.signals] Evento de auditoría registrado
INFO 2026-04-21 14:53:53,203 [gestion.signals] Evento de auditoría registrado
INFO 2026-04-21 14:53:53,204 [gestion.middleware] PATCH /api/clientes/1/ 200
.INFO 2026-04-21 14:53:53,206 [gestion.signals] Evento de auditoría registrado
INFO 2026-04-21 14:53:53,333 [gestion.signals] Evento de auditoría registrado
INFO 2026-04-21 14:53:53,334 [gestion.signals] Evento de auditoría registrado
INFO 2026-04-21 14:53:53,335 [gestion.signals] Evento de auditoría registrado
INFO 2026-04-21 14:53:53,336 [gestion.signals] Evento de auditoría registrado
INFO 2026-04-21 14:53:53,337 [gestion.signals] Evento de auditoría registrado
INFO 2026-04-21 14:53:53,338 [gestion.signals] Evento de auditoría registrado
INFO 2026-04-21 14:53:53,339 [gestion.signals] Evento de auditoría registrado
INFO 2026-04-21 14:53:53,340 [gestion.signals] Evento de auditoría registrado
INFO 2026-04-21 14:53:53,346 [gestion.middleware] POST /api/formula-colors/1/calcular-dosificacion/ 200
.INFO 2026-04-21 14:53:53,347 [gestion.signals] Evento de auditoría registrado
INFO 2026-04-21 14:53:53,475 [gestion.signals] Evento de auditoría registrado
INFO 2026-04-21 14:53:53,476 [gestion.signals] Evento de auditoría registrado
INFO 2026-04-21 14:53:53,477 [gestion.signals] Evento de auditoría registrado
INFO 2026-04-21 14:53:53,477 [gestion.signals] Evento de auditoría registrado
INFO 2026-04-21 14:53:53,479 [gestion.signals] Evento de auditoría registrado
INFO 2026-04-21 14:53:53,479 [gestion.signals] Evento de auditoría registrado
INFO 2026-04-21 14:53:53,481 [gestion.signals] Evento de auditoría registrado
INFO 2026-04-21 14:53:53,482 [gestion.signals] Evento de auditoría registrado
INFO 2026-04-21 14:53:53,484 [gestion.middleware] POST /api/formula-colors/1/calcular-dosificacion/ 400
INFO 2026-04-21 14:53:53,487 [gestion.middleware] POST /api/formula-colors/1/calcular-dosificacion/ 400
.INFO 2026-04-21 14:53:53,488 [gestion.signals] Evento de auditoría registrado
INFO 2026-04-21 14:53:53,617 [gestion.signals] Evento de auditoría registrado
INFO 2026-04-21 14:53:53,619 [gestion.signals] Evento de auditoría registrado
INFO 2026-04-21 14:53:53,620 [gestion.signals] Evento de auditoría registrado
INFO 2026-04-21 14:53:53,620 [gestion.signals] Evento de auditoría registrado
INFO 2026-04-21 14:53:53,622 [gestion.signals] Evento de auditoría registrado
INFO 2026-04-21 14:53:53,622 [gestion.signals] Evento de auditoría registrado
INFO 2026-04-21 14:53:53,624 [gestion.signals] Evento de auditoría registrado
INFO 2026-04-21 14:53:53,625 [gestion.signals] Evento de auditoría registrado
INFO 2026-04-21 14:53:53,629 [gestion.middleware] POST /api/formula-colors/1/calcular-dosificacion/ 200
.INFO 2026-04-21 14:53:53,631 [gestion.signals] Evento de auditoría registrado
INFO 2026-04-21 14:53:53,758 [gestion.signals] Evento de auditoría registrado
INFO 2026-04-21 14:53:53,758 [gestion.signals] Evento de auditoría registrado
INFO 2026-04-21 14:53:53,759 [gestion.signals] Evento de auditoría registrado
INFO 2026-04-21 14:53:53,759 [gestion.signals] Evento de auditoría registrado
INFO 2026-04-21 14:53:53,761 [gestion.signals] Evento de auditoría registrado
INFO 2026-04-21 14:53:53,762 [gestion.signals] Evento de auditoría registrado
INFO 2026-04-21 14:53:53,763 [gestion.signals] Evento de auditoría registrado
INFO 2026-04-21 14:53:53,764 [gestion.signals] Evento de auditoría registrado
INFO 2026-04-21 14:53:53,765 [gestion.signals] Evento de auditoría registrado
INFO 2026-04-21 14:53:53,770 [gestion.middleware] GET /api/formula-colors/ 200
EINFO 2026-04-21 14:53:53,772 [gestion.signals] Evento de auditoría registrado
INFO 2026-04-21 14:53:53,896 [gestion.signals] Evento de auditoría registrado
INFO 2026-04-21 14:53:53,897 [gestion.signals] Evento de auditoría registrado
INFO 2026-04-21 14:53:53,898 [gestion.signals] Evento de auditoría registrado
INFO 2026-04-21 14:53:53,899 [gestion.signals] Evento de auditoría registrado
INFO 2026-04-21 14:53:53,901 [gestion.signals] Evento de auditoría registrado
INFO 2026-04-21 14:53:53,902 [gestion.signals] Evento de auditoría registrado
INFO 2026-04-21 14:53:53,903 [gestion.signals] Evento de auditoría registrado
INFO 2026-04-21 14:53:53,905 [gestion.signals] Evento de auditoría registrado
INFO 2026-04-21 14:53:53,909 [gestion.signals] Evento de auditoría registrado
INFO 2026-04-21 14:53:53,909 [gestion.signals] Evento de auditoría registrado
INFO 2026-04-21 14:53:53,910 [gestion.signals] Evento de auditoría registrado
INFO 2026-04-21 14:53:53,912 [gestion.signals] Evento de auditoría registrado
INFO 2026-04-21 14:53:53,913 [gestion.middleware] POST /api/formula-colors/ 201
.INFO 2026-04-21 14:53:53,915 [gestion.signals] Evento de auditoría registrado
INFO 2026-04-21 14:53:54,038 [gestion.signals] Evento de auditoría registrado
INFO 2026-04-21 14:53:54,039 [gestion.signals] Evento de auditoría registrado
INFO 2026-04-21 14:53:54,040 [gestion.signals] Evento de auditoría registrado
INFO 2026-04-21 14:53:54,040 [gestion.signals] Evento de auditoría registrado
INFO 2026-04-21 14:53:54,042 [gestion.signals] Evento de auditoría registrado
INFO 2026-04-21 14:53:54,042 [gestion.signals] Evento de auditoría registrado
INFO 2026-04-21 14:53:54,043 [gestion.signals] Evento de auditoría registrado
INFO 2026-04-21 14:53:54,045 [gestion.signals] Evento de auditoría registrado
INFO 2026-04-21 14:53:54,048 [gestion.middleware] POST /api/formula-colors/ 400
.INFO 2026-04-21 14:53:54,049 [gestion.signals] Evento de auditoría registrado
INFO 2026-04-21 14:53:54,174 [gestion.signals] Evento de auditoría registrado
INFO 2026-04-21 14:53:54,175 [gestion.signals] Evento de auditoría registrado
INFO 2026-04-21 14:53:54,176 [gestion.signals] Evento de auditoría registrado
INFO 2026-04-21 14:53:54,177 [gestion.signals] Evento de auditoría registrado
INFO 2026-04-21 14:53:54,179 [gestion.signals] Evento de auditoría registrado
INFO 2026-04-21 14:53:54,180 [gestion.signals] Evento de auditoría registrado
INFO 2026-04-21 14:53:54,181 [gestion.signals] Evento de auditoría registrado
INFO 2026-04-21 14:53:54,182 [gestion.signals] Evento de auditoría registrado
INFO 2026-04-21 14:53:54,187 [gestion.signals] Evento de auditoría registrado
INFO 2026-04-21 14:53:54,188 [gestion.signals] Evento de auditoría registrado
INFO 2026-04-21 14:53:54,189 [gestion.signals] Evento de auditoría registrado
INFO 2026-04-21 14:53:54,190 [gestion.signals] Evento de auditoría registrado
INFO 2026-04-21 14:53:54,193 [gestion.middleware] POST /api/formula-colors/1/duplicar/ 201
.INFO 2026-04-21 14:53:54,196 [gestion.signals] Evento de auditoría registrado
INFO 2026-04-21 14:53:54,196 [gestion.signals] Evento de auditoría registrado
INFO 2026-04-21 14:53:54,197 [gestion.signals] Evento de auditoría registrado
INFO 2026-04-21 14:53:54,321 [gestion.signals] Evento de auditoría registrado
INFO 2026-04-21 14:53:54,447 [gestion.signals] Evento de auditoría registrado
INFO 2026-04-21 14:53:54,570 [gestion.signals] Evento de auditoría registrado
INFO 2026-04-21 14:53:54,694 [gestion.signals] Evento de auditoría registrado
INFO 2026-04-21 14:53:54,820 [gestion.signals] Evento de auditoría registrado
INFO 2026-04-21 14:53:54,948 [gestion.signals] Evento de auditoría registrado
INFO 2026-04-21 14:53:55,075 [gestion.signals] Evento de auditoría registrado
INFO 2026-04-21 14:53:55,200 [gestion.signals] Evento de auditoría registrado
INFO 2026-04-21 14:53:55,324 [gestion.signals] Evento de auditoría registrado
INFO 2026-04-21 14:53:55,449 [gestion.signals] Evento de auditoría registrado
INFO 2026-04-21 14:53:55,576 [gestion.signals] Evento de auditoría registrado
INFO 2026-04-21 14:53:55,579 [gestion.middleware] GET /api/inventory/historial-despachos/ 200
INFO 2026-04-21 14:53:55,581 [gestion.middleware] GET /api/inventory/historial-despachos/ 200
INFO 2026-04-21 14:53:55,581 [gestion.middleware] GET /api/inventory/historial-despachos/ 403
INFO 2026-04-21 14:53:55,582 [gestion.middleware] GET /api/inventory/historial-despachos/ 403
INFO 2026-04-21 14:53:55,584 [gestion.middleware] GET /api/inventory/historial-despachos/ 200
INFO 2026-04-21 14:53:55,584 [gestion.middleware] GET /api/inventory/historial-despachos/ 403
INFO 2026-04-21 14:53:55,585 [gestion.middleware] GET /api/inventory/historial-despachos/ 403
INFO 2026-04-21 14:53:55,586 [gestion.middleware] GET /api/inventory/historial-despachos/ 403
INFO 2026-04-21 14:53:55,587 [gestion.middleware] GET /api/inventory/historial-despachos/ 403
INFO 2026-04-21 14:53:55,589 [gestion.middleware] GET /api/inventory/historial-despachos/ 200
INFO 2026-04-21 14:53:55,590 [gestion.middleware] GET /api/inventory/historial-despachos/ 403
.INFO 2026-04-21 14:53:55,592 [gestion.signals] Evento de auditoría registrado
INFO 2026-04-21 14:53:55,592 [gestion.signals] Evento de auditoría registrado
INFO 2026-04-21 14:53:55,593 [gestion.signals] Evento de auditoría registrado
INFO 2026-04-21 14:53:55,715 [gestion.signals] Evento de auditoría registrado
INFO 2026-04-21 14:53:55,849 [gestion.signals] Evento de auditoría registrado
INFO 2026-04-21 14:53:55,977 [gestion.signals] Evento de auditoría registrado
INFO 2026-04-21 14:53:56,105 [gestion.signals] Evento de auditoría registrado
INFO 2026-04-21 14:53:56,229 [gestion.signals] Evento de auditoría registrado
INFO 2026-04-21 14:53:56,356 [gestion.signals] Evento de auditoría registrado
INFO 2026-04-21 14:53:56,483 [gestion.signals] Evento de auditoría registrado
INFO 2026-04-21 14:53:56,606 [gestion.signals] Evento de auditoría registrado
INFO 2026-04-21 14:53:56,728 [gestion.signals] Evento de auditoría registrado
INFO 2026-04-21 14:53:56,863 [gestion.signals] Evento de auditoría registrado
INFO 2026-04-21 14:53:56,995 [gestion.signals] Evento de auditoría registrado
INFO 2026-04-21 14:53:56,997 [gestion.middleware] POST /api/inventory/process-despacho/ 400
INFO 2026-04-21 14:53:56,998 [gestion.middleware] POST /api/inventory/process-despacho/ 400
INFO 2026-04-21 14:53:56,999 [gestion.middleware] POST /api/inventory/process-despacho/ 403
INFO 2026-04-21 14:53:57,001 [gestion.middleware] POST /api/inventory/process-despacho/ 403
INFO 2026-04-21 14:53:57,002 [gestion.middleware] POST /api/inventory/process-despacho/ 403
INFO 2026-04-21 14:53:57,003 [gestion.middleware] POST /api/inventory/process-despacho/ 403
INFO 2026-04-21 14:53:57,004 [gestion.middleware] POST /api/inventory/process-despacho/ 403
INFO 2026-04-21 14:53:57,005 [gestion.middleware] POST /api/inventory/process-despacho/ 403
INFO 2026-04-21 14:53:57,006 [gestion.middleware] POST /api/inventory/process-despacho/ 403
INFO 2026-04-21 14:53:57,007 [gestion.middleware] POST /api/inventory/process-despacho/ 400
INFO 2026-04-21 14:53:57,008 [gestion.middleware] POST /api/inventory/process-despacho/ 403
.INFO 2026-04-21 14:53:57,009 [gestion.signals] Evento de auditoría registrado
INFO 2026-04-21 14:53:57,010 [gestion.signals] Evento de auditoría registrado
INFO 2026-04-21 14:53:57,010 [gestion.signals] Evento de auditoría registrado
INFO 2026-04-21 14:53:57,135 [gestion.signals] Evento de auditoría registrado
INFO 2026-04-21 14:53:57,261 [gestion.signals] Evento de auditoría registrado
INFO 2026-04-21 14:53:57,395 [gestion.signals] Evento de auditoría registrado
INFO 2026-04-21 14:53:57,524 [gestion.signals] Evento de auditoría registrado
INFO 2026-04-21 14:53:57,650 [gestion.signals] Evento de auditoría registrado
INFO 2026-04-21 14:53:57,777 [gestion.signals] Evento de auditoría registrado
INFO 2026-04-21 14:53:57,901 [gestion.signals] Evento de auditoría registrado
INFO 2026-04-21 14:53:58,025 [gestion.signals] Evento de auditoría registrado
INFO 2026-04-21 14:53:58,148 [gestion.signals] Evento de auditoría registrado
INFO 2026-04-21 14:53:58,272 [gestion.signals] Evento de auditoría registrado
INFO 2026-04-21 14:53:58,395 [gestion.signals] Evento de auditoría registrado
INFO 2026-04-21 14:53:58,398 [gestion.middleware] GET /api/inventory/stock/ 200
INFO 2026-04-21 14:53:58,400 [gestion.middleware] GET /api/inventory/stock/ 200
INFO 2026-04-21 14:53:58,402 [gestion.middleware] GET /api/inventory/stock/ 200
INFO 2026-04-21 14:53:58,404 [gestion.middleware] GET /api/inventory/stock/ 200
INFO 2026-04-21 14:53:58,405 [gestion.middleware] GET /api/inventory/stock/ 200
INFO 2026-04-21 14:53:58,407 [gestion.middleware] GET /api/inventory/stock/ 200
INFO 2026-04-21 14:53:58,409 [gestion.middleware] GET /api/inventory/stock/ 200
INFO 2026-04-21 14:53:58,409 [gestion.middleware] GET /api/inventory/stock/ 403
INFO 2026-04-21 14:53:58,411 [gestion.middleware] GET /api/inventory/stock/ 200
INFO 2026-04-21 14:53:58,414 [gestion.middleware] GET /api/inventory/stock/ 200
INFO 2026-04-21 14:53:58,416 [gestion.middleware] GET /api/inventory/stock/ 200
.INFO 2026-04-21 14:53:58,417 [gestion.signals] Evento de auditoría registrado
INFO 2026-04-21 14:53:58,417 [gestion.signals] Evento de auditoría registrado
INFO 2026-04-21 14:53:58,418 [gestion.signals] Evento de auditoría registrado
INFO 2026-04-21 14:53:58,541 [gestion.signals] Evento de auditoría registrado
INFO 2026-04-21 14:53:58,663 [gestion.signals] Evento de auditoría registrado
INFO 2026-04-21 14:53:58,788 [gestion.signals] Evento de auditoría registrado
INFO 2026-04-21 14:53:58,913 [gestion.signals] Evento de auditoría registrado
INFO 2026-04-21 14:53:59,035 [gestion.signals] Evento de auditoría registrado
INFO 2026-04-21 14:53:59,157 [gestion.signals] Evento de auditoría registrado
INFO 2026-04-21 14:53:59,282 [gestion.signals] Evento de auditoría registrado
INFO 2026-04-21 14:53:59,409 [gestion.signals] Evento de auditoría registrado
INFO 2026-04-21 14:53:59,532 [gestion.signals] Evento de auditoría registrado
INFO 2026-04-21 14:53:59,655 [gestion.signals] Evento de auditoría registrado
INFO 2026-04-21 14:53:59,779 [gestion.signals] Evento de auditoría registrado
INFO 2026-04-21 14:53:59,781 [gestion.middleware] GET /api/inventory/historial-despachos/ 401
INFO 2026-04-21 14:53:59,782 [gestion.middleware] GET /api/inventory/stock/ 401
INFO 2026-04-21 14:53:59,783 [gestion.middleware] POST /api/inventory/process-despacho/ 401
.INFO 2026-04-21 14:53:59,784 [gestion.signals] Evento de auditoría registrado
INFO 2026-04-21 14:53:59,911 [gestion.signals] Evento de auditoría registrado
INFO 2026-04-21 14:54:00,034 [gestion.signals] Evento de auditoría registrado
INFO 2026-04-21 14:54:00,157 [gestion.signals] Evento de auditoría registrado
INFO 2026-04-21 14:54:00,158 [gestion.signals] Evento de auditoría registrado
INFO 2026-04-21 14:54:00,158 [gestion.signals] Evento de auditoría registrado
INFO 2026-04-21 14:54:00,160 [gestion.signals] Evento de auditoría registrado
INFO 2026-04-21 14:54:00,161 [gestion.signals] Evento de auditoría registrado
INFO 2026-04-21 14:54:00,163 [gestion.signals] Evento de auditoría registrado
INFO 2026-04-21 14:54:00,164 [gestion.signals] Evento de auditoría registrado
INFO 2026-04-21 14:54:00,167 [gestion.signals] Evento de auditoría registrado
INFO 2026-04-21 14:54:00,167 [gestion.middleware] DELETE /api/formula-colors/2/ 204
.INFO 2026-04-21 14:54:00,169 [gestion.signals] Evento de auditoría registrado
INFO 2026-04-21 14:54:00,297 [gestion.signals] Evento de auditoría registrado
INFO 2026-04-21 14:54:00,421 [gestion.signals] Evento de auditoría registrado
INFO 2026-04-21 14:54:00,545 [gestion.signals] Evento de auditoría registrado
INFO 2026-04-21 14:54:00,546 [gestion.signals] Evento de auditoría registrado
INFO 2026-04-21 14:54:00,546 [gestion.signals] Evento de auditoría registrado
INFO 2026-04-21 14:54:00,547 [gestion.signals] Evento de auditoría registrado
INFO 2026-04-21 14:54:00,548 [gestion.signals] Evento de auditoría registrado
INFO 2026-04-21 14:54:00,549 [gestion.signals] Evento de auditoría registrado
INFO 2026-04-21 14:54:00,551 [gestion.middleware] POST /api/formula-colors/ 403
.INFO 2026-04-21 14:54:00,552 [gestion.signals] Evento de auditoría registrado
INFO 2026-04-21 14:54:00,681 [gestion.signals] Evento de auditoría registrado
INFO 2026-04-21 14:54:00,813 [gestion.signals] Evento de auditoría registrado
INFO 2026-04-21 14:54:00,945 [gestion.signals] Evento de auditoría registrado
INFO 2026-04-21 14:54:00,946 [gestion.signals] Evento de auditoría registrado
INFO 2026-04-21 14:54:00,947 [gestion.signals] Evento de auditoría registrado
INFO 2026-04-21 14:54:00,948 [gestion.signals] Evento de auditoría registrado
INFO 2026-04-21 14:54:00,949 [gestion.signals] Evento de auditoría registrado
INFO 2026-04-21 14:54:00,950 [gestion.signals] Evento de auditoría registrado
INFO 2026-04-21 14:54:00,951 [gestion.middleware] DELETE /api/formula-colors/1/ 403
.INFO 2026-04-21 14:54:00,952 [gestion.signals] Evento de auditoría registrado
INFO 2026-04-21 14:54:01,081 [gestion.signals] Evento de auditoría registrado
INFO 2026-04-21 14:54:01,215 [gestion.signals] Evento de auditoría registrado
INFO 2026-04-21 14:54:01,341 [gestion.signals] Evento de auditoría registrado
INFO 2026-04-21 14:54:01,342 [gestion.signals] Evento de auditoría registrado
INFO 2026-04-21 14:54:01,343 [gestion.signals] Evento de auditoría registrado
INFO 2026-04-21 14:54:01,344 [gestion.signals] Evento de auditoría registrado
INFO 2026-04-21 14:54:01,345 [gestion.signals] Evento de auditoría registrado
INFO 2026-04-21 14:54:01,346 [gestion.signals] Evento de auditoría registrado
INFO 2026-04-21 14:54:01,350 [gestion.middleware] POST /api/formula-colors/1/calcular-dosificacion/ 200
.INFO 2026-04-21 14:54:01,352 [gestion.signals] Evento de auditoría registrado
INFO 2026-04-21 14:54:01,483 [gestion.signals] Evento de auditoría registrado
INFO 2026-04-21 14:54:01,612 [gestion.signals] Evento de auditoría registrado
INFO 2026-04-21 14:54:01,739 [gestion.signals] Evento de auditoría registrado
INFO 2026-04-21 14:54:01,739 [gestion.signals] Evento de auditoría registrado
INFO 2026-04-21 14:54:01,740 [gestion.signals] Evento de auditoría registrado
INFO 2026-04-21 14:54:01,741 [gestion.signals] Evento de auditoría registrado
INFO 2026-04-21 14:54:01,742 [gestion.signals] Evento de auditoría registrado
INFO 2026-04-21 14:54:01,743 [gestion.signals] Evento de auditoría registrado
INFO 2026-04-21 14:54:01,747 [gestion.signals] Evento de auditoría registrado
INFO 2026-04-21 14:54:01,748 [gestion.signals] Evento de auditoría registrado
INFO 2026-04-21 14:54:01,749 [gestion.signals] Evento de auditoría registrado
INFO 2026-04-21 14:54:01,750 [gestion.middleware] POST /api/formula-colors/ 201
.INFO 2026-04-21 14:54:01,751 [gestion.signals] Evento de auditoría registrado
INFO 2026-04-21 14:54:01,881 [gestion.signals] Evento de auditoría registrado
INFO 2026-04-21 14:54:02,005 [gestion.signals] Evento de auditoría registrado
INFO 2026-04-21 14:54:02,133 [gestion.signals] Evento de auditoría registrado
INFO 2026-04-21 14:54:02,134 [gestion.signals] Evento de auditoría registrado
INFO 2026-04-21 14:54:02,135 [gestion.signals] Evento de auditoría registrado
INFO 2026-04-21 14:54:02,137 [gestion.signals] Evento de auditoría registrado
INFO 2026-04-21 14:54:02,138 [gestion.signals] Evento de auditoría registrado
INFO 2026-04-21 14:54:02,139 [gestion.signals] Evento de auditoría registrado
INFO 2026-04-21 14:54:02,143 [gestion.signals] Evento de auditoría registrado
INFO 2026-04-21 14:54:02,143 [gestion.signals] Evento de auditoría registrado
INFO 2026-04-21 14:54:02,145 [gestion.signals] Evento de auditoría registrado
INFO 2026-04-21 14:54:02,147 [gestion.middleware] POST /api/formula-colors/1/duplicar/ 201
.INFO 2026-04-21 14:54:02,149 [gestion.signals] Evento de auditoría registrado
INFO 2026-04-21 14:54:02,274 [gestion.signals] Evento de auditoría registrado
INFO 2026-04-21 14:54:02,400 [gestion.signals] Evento de auditoría registrado
INFO 2026-04-21 14:54:02,529 [gestion.signals] Evento de auditoría registrado
INFO 2026-04-21 14:54:02,530 [gestion.signals] Evento de auditoría registrado
INFO 2026-04-21 14:54:02,531 [gestion.signals] Evento de auditoría registrado
INFO 2026-04-21 14:54:02,533 [gestion.signals] Evento de auditoría registrado
INFO 2026-04-21 14:54:02,533 [gestion.signals] Evento de auditoría registrado
INFO 2026-04-21 14:54:02,534 [gestion.signals] Evento de auditoría registrado
INFO 2026-04-21 14:54:02,540 [gestion.signals] Evento de auditoría registrado
INFO 2026-04-21 14:54:02,541 [gestion.signals] Evento de auditoría registrado
WARNING 2026-04-21 14:54:02,541 [gestion.signals] Objeto eliminado del sistema
INFO 2026-04-21 14:54:02,542 [gestion.signals] Evento de auditoría registrado
INFO 2026-04-21 14:54:02,543 [gestion.signals] Evento de auditoría registrado
INFO 2026-04-21 14:54:02,545 [gestion.middleware] PUT /api/formula-colors/1/ 200
.INFO 2026-04-21 14:54:02,546 [gestion.signals] Evento de auditoría registrado
INFO 2026-04-21 14:54:02,673 [gestion.signals] Evento de auditoría registrado
INFO 2026-04-21 14:54:02,797 [gestion.signals] Evento de auditoría registrado
INFO 2026-04-21 14:54:02,918 [gestion.signals] Evento de auditoría registrado
INFO 2026-04-21 14:54:02,919 [gestion.signals] Evento de auditoría registrado
INFO 2026-04-21 14:54:02,920 [gestion.signals] Evento de auditoría registrado
INFO 2026-04-21 14:54:02,922 [gestion.signals] Evento de auditoría registrado
INFO 2026-04-21 14:54:02,923 [gestion.signals] Evento de auditoría registrado
INFO 2026-04-21 14:54:02,925 [gestion.signals] Evento de auditoría registrado
INFO 2026-04-21 14:54:02,931 [gestion.middleware] GET /api/formula-colors/ 200
.INFO 2026-04-21 14:54:02,932 [gestion.signals] Evento de auditoría registrado
INFO 2026-04-21 14:54:02,932 [gestion.signals] Evento de auditoría registrado
INFO 2026-04-21 14:54:03,070 [gestion.signals] Evento de auditoría registrado
INFO 2026-04-21 14:54:03,194 [gestion.signals] Evento de auditoría registrado
INFO 2026-04-21 14:54:03,317 [gestion.signals] Evento de auditoría registrado
INFO 2026-04-21 14:54:03,439 [gestion.signals] Evento de auditoría registrado
INFO 2026-04-21 14:54:03,564 [gestion.signals] Evento de auditoría registrado
INFO 2026-04-21 14:54:03,688 [gestion.signals] Evento de auditoría registrado
INFO 2026-04-21 14:54:03,812 [gestion.signals] Evento de auditoría registrado
INFO 2026-04-21 14:54:03,812 [gestion.signals] Evento de auditoría registrado
INFO 2026-04-21 14:54:03,813 [gestion.signals] Evento de auditoría registrado
INFO 2026-04-21 14:54:03,813 [gestion.signals] Evento de auditoría registrado
INFO 2026-04-21 14:54:03,814 [gestion.signals] Evento de auditoría registrado
INFO 2026-04-21 14:54:03,815 [gestion.signals] Evento de auditoría registrado
INFO 2026-04-21 14:54:03,817 [gestion.signals] Evento de auditoría registrado
INFO 2026-04-21 14:54:03,819 [gestion.signals] Evento de auditoría registrado
INFO 2026-04-21 14:54:03,821 [gestion.signals] Evento de auditoría registrado
INFO 2026-04-21 14:54:03,825 [gestion.signals] Evento de auditoría registrado
INFO 2026-04-21 14:54:03,949 [gestion.signals] Evento de auditoría registrado
INFO 2026-04-21 14:54:03,954 [gestion.middleware] PATCH /api/clientes/1/ 400
INFO 2026-04-21 14:54:03,963 [gestion.middleware] PATCH /api/clientes/1/ 200
.INFO 2026-04-21 14:54:03,964 [gestion.signals] Evento de auditoría registrado
INFO 2026-04-21 14:54:03,965 [gestion.signals] Evento de auditoría registrado
INFO 2026-04-21 14:54:04,102 [gestion.signals] Evento de auditoría registrado
INFO 2026-04-21 14:54:04,227 [gestion.signals] Evento de auditoría registrado
INFO 2026-04-21 14:54:04,350 [gestion.signals] Evento de auditoría registrado
INFO 2026-04-21 14:54:04,478 [gestion.signals] Evento de auditoría registrado
INFO 2026-04-21 14:54:04,601 [gestion.signals] Evento de auditoría registrado
INFO 2026-04-21 14:54:04,724 [gestion.signals] Evento de auditoría registrado
INFO 2026-04-21 14:54:04,847 [gestion.signals] Evento de auditoría registrado
INFO 2026-04-21 14:54:04,848 [gestion.signals] Evento de auditoría registrado
INFO 2026-04-21 14:54:04,849 [gestion.signals] Evento de auditoría registrado
INFO 2026-04-21 14:54:04,850 [gestion.signals] Evento de auditoría registrado
INFO 2026-04-21 14:54:04,850 [gestion.signals] Evento de auditoría registrado
INFO 2026-04-21 14:54:04,851 [gestion.signals] Evento de auditoría registrado
INFO 2026-04-21 14:54:04,853 [gestion.signals] Evento de auditoría registrado
INFO 2026-04-21 14:54:04,855 [gestion.signals] Evento de auditoría registrado
INFO 2026-04-21 14:54:04,856 [gestion.signals] Evento de auditoría registrado
INFO 2026-04-21 14:54:04,860 [gestion.signals] Evento de auditoría registrado
INFO 2026-04-21 14:54:04,864 [gestion.signals] Evento de auditoría registrado
INFO 2026-04-21 14:54:04,870 [gestion.middleware] POST /api/pedidos-venta/ 400
FINFO 2026-04-21 14:54:04,871 [gestion.signals] Evento de auditoría registrado
INFO 2026-04-21 14:54:04,871 [gestion.signals] Evento de auditoría registrado
INFO 2026-04-21 14:54:05,005 [gestion.signals] Evento de auditoría registrado
INFO 2026-04-21 14:54:05,128 [gestion.signals] Evento de auditoría registrado
INFO 2026-04-21 14:54:05,251 [gestion.signals] Evento de auditoría registrado
INFO 2026-04-21 14:54:05,373 [gestion.signals] Evento de auditoría registrado
INFO 2026-04-21 14:54:05,498 [gestion.signals] Evento de auditoría registrado
INFO 2026-04-21 14:54:05,619 [gestion.signals] Evento de auditoría registrado
INFO 2026-04-21 14:54:05,742 [gestion.signals] Evento de auditoría registrado
INFO 2026-04-21 14:54:05,743 [gestion.signals] Evento de auditoría registrado
INFO 2026-04-21 14:54:05,744 [gestion.signals] Evento de auditoría registrado
INFO 2026-04-21 14:54:05,745 [gestion.signals] Evento de auditoría registrado
INFO 2026-04-21 14:54:05,746 [gestion.signals] Evento de auditoría registrado
INFO 2026-04-21 14:54:05,747 [gestion.signals] Evento de auditoría registrado
INFO 2026-04-21 14:54:05,749 [gestion.signals] Evento de auditoría registrado
INFO 2026-04-21 14:54:05,751 [gestion.signals] Evento de auditoría registrado
INFO 2026-04-21 14:54:05,752 [gestion.signals] Evento de auditoría registrado
INFO 2026-04-21 14:54:05,756 [gestion.signals] Evento de auditoría registrado
INFO 2026-04-21 14:54:05,756 [gestion.signals] Evento de auditoría registrado
INFO 2026-04-21 14:54:05,762 [gestion.middleware] POST /api/pedidos-venta/ 400
FINFO 2026-04-21 14:54:05,764 [gestion.signals] Evento de auditoría registrado
INFO 2026-04-21 14:54:05,764 [gestion.signals] Evento de auditoría registrado
INFO 2026-04-21 14:54:05,899 [gestion.signals] Evento de auditoría registrado
INFO 2026-04-21 14:54:06,024 [gestion.signals] Evento de auditoría registrado
INFO 2026-04-21 14:54:06,147 [gestion.signals] Evento de auditoría registrado
INFO 2026-04-21 14:54:06,268 [gestion.signals] Evento de auditoría registrado
INFO 2026-04-21 14:54:06,390 [gestion.signals] Evento de auditoría registrado
INFO 2026-04-21 14:54:06,513 [gestion.signals] Evento de auditoría registrado
INFO 2026-04-21 14:54:06,636 [gestion.signals] Evento de auditoría registrado
INFO 2026-04-21 14:54:06,636 [gestion.signals] Evento de auditoría registrado
INFO 2026-04-21 14:54:06,637 [gestion.signals] Evento de auditoría registrado
INFO 2026-04-21 14:54:06,637 [gestion.signals] Evento de auditoría registrado
INFO 2026-04-21 14:54:06,638 [gestion.signals] Evento de auditoría registrado
INFO 2026-04-21 14:54:06,639 [gestion.signals] Evento de auditoría registrado
INFO 2026-04-21 14:54:06,640 [gestion.signals] Evento de auditoría registrado
INFO 2026-04-21 14:54:06,642 [gestion.signals] Evento de auditoría registrado
INFO 2026-04-21 14:54:06,644 [gestion.signals] Evento de auditoría registrado
INFO 2026-04-21 14:54:06,648 [gestion.signals] Evento de auditoría registrado
INFO 2026-04-21 14:54:06,654 [gestion.middleware] POST /api/pedidos-venta/ 400
FINFO 2026-04-21 14:54:06,655 [gestion.signals] Evento de auditoría registrado
INFO 2026-04-21 14:54:06,656 [gestion.signals] Evento de auditoría registrado
INFO 2026-04-21 14:54:06,791 [gestion.signals] Evento de auditoría registrado
INFO 2026-04-21 14:54:06,914 [gestion.signals] Evento de auditoría registrado
INFO 2026-04-21 14:54:07,037 [gestion.signals] Evento de auditoría registrado
INFO 2026-04-21 14:54:07,158 [gestion.signals] Evento de auditoría registrado
INFO 2026-04-21 14:54:07,281 [gestion.signals] Evento de auditoría registrado
INFO 2026-04-21 14:54:07,406 [gestion.signals] Evento de auditoría registrado
INFO 2026-04-21 14:54:07,529 [gestion.signals] Evento de auditoría registrado
INFO 2026-04-21 14:54:07,530 [gestion.signals] Evento de auditoría registrado
INFO 2026-04-21 14:54:07,530 [gestion.signals] Evento de auditoría registrado
INFO 2026-04-21 14:54:07,531 [gestion.signals] Evento de auditoría registrado
INFO 2026-04-21 14:54:07,531 [gestion.signals] Evento de auditoría registrado
INFO 2026-04-21 14:54:07,532 [gestion.signals] Evento de auditoría registrado
INFO 2026-04-21 14:54:07,534 [gestion.signals] Evento de auditoría registrado
INFO 2026-04-21 14:54:07,536 [gestion.signals] Evento de auditoría registrado
INFO 2026-04-21 14:54:07,537 [gestion.signals] Evento de auditoría registrado
INFO 2026-04-21 14:54:07,541 [gestion.signals] Evento de auditoría registrado
INFO 2026-04-21 14:54:07,544 [gestion.signals] Evento de auditoría registrado
INFO 2026-04-21 14:54:07,551 [gestion.signals] Evento de auditoría registrado
INFO 2026-04-21 14:54:07,552 [gestion.signals] Evento de auditoría registrado
INFO 2026-04-21 14:54:07,552 [gestion.views] Pedido de venta creado exitosamente
INFO 2026-04-21 14:54:07,552 [gestion.utils] Iniciando reconciliación de pagos para cliente: Cliente Test
INFO 2026-04-21 14:54:07,553 [gestion.utils] Reconciliación completada. 0 pedidos actualizados para cliente 1. Saldo restante: 0.00
INFO 2026-04-21 14:54:07,555 [gestion.middleware] POST /api/pedidos-venta/ 201
.INFO 2026-04-21 14:54:07,556 [gestion.signals] Evento de auditoría registrado
INFO 2026-04-21 14:54:07,557 [gestion.signals] Evento de auditoría registrado
INFO 2026-04-21 14:54:07,696 [gestion.signals] Evento de auditoría registrado
INFO 2026-04-21 14:54:07,818 [gestion.signals] Evento de auditoría registrado
INFO 2026-04-21 14:54:07,941 [gestion.signals] Evento de auditoría registrado
INFO 2026-04-21 14:54:08,063 [gestion.signals] Evento de auditoría registrado
INFO 2026-04-21 14:54:08,185 [gestion.signals] Evento de auditoría registrado
INFO 2026-04-21 14:54:08,307 [gestion.signals] Evento de auditoría registrado
INFO 2026-04-21 14:54:08,429 [gestion.signals] Evento de auditoría registrado
INFO 2026-04-21 14:54:08,430 [gestion.signals] Evento de auditoría registrado
INFO 2026-04-21 14:54:08,431 [gestion.signals] Evento de auditoría registrado
INFO 2026-04-21 14:54:08,431 [gestion.signals] Evento de auditoría registrado
INFO 2026-04-21 14:54:08,432 [gestion.signals] Evento de auditoría registrado
INFO 2026-04-21 14:54:08,433 [gestion.signals] Evento de auditoría registrado
INFO 2026-04-21 14:54:08,435 [gestion.signals] Evento de auditoría registrado
INFO 2026-04-21 14:54:08,438 [gestion.signals] Evento de auditoría registrado
INFO 2026-04-21 14:54:08,439 [gestion.signals] Evento de auditoría registrado
INFO 2026-04-21 14:54:08,443 [gestion.signals] Evento de auditoría registrado
INFO 2026-04-21 14:54:08,443 [gestion.signals] Evento de auditoría registrado
INFO 2026-04-21 14:54:08,444 [gestion.signals] Evento de auditoría registrado
INFO 2026-04-21 14:54:08,445 [gestion.signals] Evento de auditoría registrado
INFO 2026-04-21 14:54:08,445 [gestion.signals] Evento de auditoría registrado
INFO 2026-04-21 14:54:08,451 [gestion.middleware] GET /api/inventory/historial-despachos/ 200
.INFO 2026-04-21 14:54:08,452 [gestion.signals] Evento de auditoría registrado
INFO 2026-04-21 14:54:08,453 [gestion.signals] Evento de auditoría registrado
INFO 2026-04-21 14:54:08,587 [gestion.signals] Evento de auditoría registrado
INFO 2026-04-21 14:54:08,710 [gestion.signals] Evento de auditoría registrado
INFO 2026-04-21 14:54:08,835 [gestion.signals] Evento de auditoría registrado
INFO 2026-04-21 14:54:08,956 [gestion.signals] Evento de auditoría registrado
INFO 2026-04-21 14:54:09,080 [gestion.signals] Evento de auditoría registrado
INFO 2026-04-21 14:54:09,204 [gestion.signals] Evento de auditoría registrado
INFO 2026-04-21 14:54:09,328 [gestion.signals] Evento de auditoría registrado
INFO 2026-04-21 14:54:09,329 [gestion.signals] Evento de auditoría registrado
INFO 2026-04-21 14:54:09,329 [gestion.signals] Evento de auditoría registrado
INFO 2026-04-21 14:54:09,330 [gestion.signals] Evento de auditoría registrado
INFO 2026-04-21 14:54:09,330 [gestion.signals] Evento de auditoría registrado
INFO 2026-04-21 14:54:09,331 [gestion.signals] Evento de auditoría registrado
INFO 2026-04-21 14:54:09,333 [gestion.signals] Evento de auditoría registrado
INFO 2026-04-21 14:54:09,335 [gestion.signals] Evento de auditoría registrado
INFO 2026-04-21 14:54:09,336 [gestion.signals] Evento de auditoría registrado
INFO 2026-04-21 14:54:09,340 [gestion.signals] Evento de auditoría registrado
INFO 2026-04-21 14:54:09,341 [gestion.signals] Evento de auditoría registrado
INFO 2026-04-21 14:54:09,342 [gestion.signals] Evento de auditoría registrado
INFO 2026-04-21 14:54:09,342 [gestion.signals] Evento de auditoría registrado
INFO 2026-04-21 14:54:09,346 [gestion.signals] Evento de auditoría registrado
INFO 2026-04-21 14:54:09,348 [gestion.signals] Evento de auditoría registrado
INFO 2026-04-21 14:54:09,351 [gestion.signals] Evento de auditoría registrado
INFO 2026-04-21 14:54:09,354 [gestion.signals] Evento de auditoría registrado
WARNING 2026-04-21 14:54:09,354 [inventory.views] Fallo al validar despacho
INFO 2026-04-21 14:54:09,354 [gestion.middleware] POST /api/inventory/process-despacho/ 400
.INFO 2026-04-21 14:54:09,356 [gestion.signals] Evento de auditoría registrado
INFO 2026-04-21 14:54:09,357 [gestion.signals] Evento de auditoría registrado
INFO 2026-04-21 14:54:09,492 [gestion.signals] Evento de auditoría registrado
INFO 2026-04-21 14:54:09,617 [gestion.signals] Evento de auditoría registrado
INFO 2026-04-21 14:54:09,740 [gestion.signals] Evento de auditoría registrado
INFO 2026-04-21 14:54:09,861 [gestion.signals] Evento de auditoría registrado
INFO 2026-04-21 14:54:09,985 [gestion.signals] Evento de auditoría registrado
INFO 2026-04-21 14:54:10,109 [gestion.signals] Evento de auditoría registrado
INFO 2026-04-21 14:54:10,234 [gestion.signals] Evento de auditoría registrado
INFO 2026-04-21 14:54:10,234 [gestion.signals] Evento de auditoría registrado
INFO 2026-04-21 14:54:10,235 [gestion.signals] Evento de auditoría registrado
INFO 2026-04-21 14:54:10,235 [gestion.signals] Evento de auditoría registrado
INFO 2026-04-21 14:54:10,235 [gestion.signals] Evento de auditoría registrado
INFO 2026-04-21 14:54:10,236 [gestion.signals] Evento de auditoría registrado
INFO 2026-04-21 14:54:10,238 [gestion.signals] Evento de auditoría registrado
INFO 2026-04-21 14:54:10,240 [gestion.signals] Evento de auditoría registrado
INFO 2026-04-21 14:54:10,242 [gestion.signals] Evento de auditoría registrado
INFO 2026-04-21 14:54:10,247 [gestion.signals] Evento de auditoría registrado
INFO 2026-04-21 14:54:10,248 [gestion.signals] Evento de auditoría registrado
INFO 2026-04-21 14:54:10,250 [gestion.signals] Evento de auditoría registrado
WARNING 2026-04-21 14:54:10,250 [inventory.views] Fallo al validar despacho
INFO 2026-04-21 14:54:10,250 [gestion.middleware] POST /api/inventory/process-despacho/ 400
.INFO 2026-04-21 14:54:10,251 [gestion.signals] Evento de auditoría registrado
INFO 2026-04-21 14:54:10,252 [gestion.signals] Evento de auditoría registrado
INFO 2026-04-21 14:54:10,390 [gestion.signals] Evento de auditoría registrado
INFO 2026-04-21 14:54:10,518 [gestion.signals] Evento de auditoría registrado
INFO 2026-04-21 14:54:10,640 [gestion.signals] Evento de auditoría registrado
INFO 2026-04-21 14:54:10,765 [gestion.signals] Evento de auditoría registrado
INFO 2026-04-21 14:54:10,895 [gestion.signals] Evento de auditoría registrado
INFO 2026-04-21 14:54:11,019 [gestion.signals] Evento de auditoría registrado
INFO 2026-04-21 14:54:11,141 [gestion.signals] Evento de auditoría registrado
INFO 2026-04-21 14:54:11,142 [gestion.signals] Evento de auditoría registrado
INFO 2026-04-21 14:54:11,143 [gestion.signals] Evento de auditoría registrado
INFO 2026-04-21 14:54:11,144 [gestion.signals] Evento de auditoría registrado
INFO 2026-04-21 14:54:11,144 [gestion.signals] Evento de auditoría registrado
INFO 2026-04-21 14:54:11,146 [gestion.signals] Evento de auditoría registrado
INFO 2026-04-21 14:54:11,148 [gestion.signals] Evento de auditoría registrado
INFO 2026-04-21 14:54:11,150 [gestion.signals] Evento de auditoría registrado
INFO 2026-04-21 14:54:11,152 [gestion.signals] Evento de auditoría registrado
INFO 2026-04-21 14:54:11,155 [gestion.signals] Evento de auditoría registrado
INFO 2026-04-21 14:54:11,156 [gestion.signals] Evento de auditoría registrado
INFO 2026-04-21 14:54:11,156 [gestion.signals] Evento de auditoría registrado
INFO 2026-04-21 14:54:11,157 [gestion.signals] Evento de auditoría registrado
INFO 2026-04-21 14:54:11,157 [gestion.signals] Evento de auditoría registrado
INFO 2026-04-21 14:54:11,158 [gestion.signals] Evento de auditoría registrado
INFO 2026-04-21 14:54:11,160 [gestion.signals] Evento de auditoría registrado
INFO 2026-04-21 14:54:11,163 [gestion.signals] Evento de auditoría registrado
INFO 2026-04-21 14:54:11,164 [gestion.signals] Evento de auditoría registrado
INFO 2026-04-21 14:54:11,168 [gestion.signals] Evento de auditoría registrado
INFO 2026-04-21 14:54:11,171 [gestion.signals] Evento de auditoría registrado
INFO 2026-04-21 14:54:11,174 [gestion.signals] Evento de auditoría registrado
INFO 2026-04-21 14:54:11,177 [gestion.signals] Evento de auditoría registrado
INFO 2026-04-21 14:54:11,178 [gestion.signals] Evento de auditoría registrado
INFO 2026-04-21 14:54:11,179 [gestion.signals] Evento de auditoría registrado
INFO 2026-04-21 14:54:11,179 [inventory.views] Despacho procesado exitosamente
INFO 2026-04-21 14:54:11,179 [gestion.middleware] POST /api/inventory/process-despacho/ 200
.INFO 2026-04-21 14:54:11,185 [gestion.signals] Evento de auditoría registrado
INFO 2026-04-21 14:54:11,185 [gestion.signals] Evento de auditoría registrado
INFO 2026-04-21 14:54:11,317 [gestion.signals] Evento de auditoría registrado
INFO 2026-04-21 14:54:11,445 [gestion.signals] Evento de auditoría registrado
INFO 2026-04-21 14:54:11,566 [gestion.signals] Evento de auditoría registrado
INFO 2026-04-21 14:54:11,689 [gestion.signals] Evento de auditoría registrado
INFO 2026-04-21 14:54:11,812 [gestion.signals] Evento de auditoría registrado
INFO 2026-04-21 14:54:11,935 [gestion.signals] Evento de auditoría registrado
INFO 2026-04-21 14:54:12,058 [gestion.signals] Evento de auditoría registrado
INFO 2026-04-21 14:54:12,059 [gestion.signals] Evento de auditoría registrado
INFO 2026-04-21 14:54:12,059 [gestion.signals] Evento de auditoría registrado
INFO 2026-04-21 14:54:12,060 [gestion.signals] Evento de auditoría registrado
INFO 2026-04-21 14:54:12,061 [gestion.signals] Evento de auditoría registrado
INFO 2026-04-21 14:54:12,062 [gestion.signals] Evento de auditoría registrado
INFO 2026-04-21 14:54:12,064 [gestion.signals] Evento de auditoría registrado
INFO 2026-04-21 14:54:12,067 [gestion.signals] Evento de auditoría registrado
INFO 2026-04-21 14:54:12,069 [gestion.signals] Evento de auditoría registrado
INFO 2026-04-21 14:54:12,072 [gestion.signals] Evento de auditoría registrado
INFO 2026-04-21 14:54:12,073 [gestion.signals] Evento de auditoría registrado
INFO 2026-04-21 14:54:12,074 [gestion.middleware] POST /api/inventory/process-despacho/ 400
.INFO 2026-04-21 14:54:12,075 [gestion.signals] Evento de auditoría registrado
INFO 2026-04-21 14:54:12,075 [gestion.signals] Evento de auditoría registrado
INFO 2026-04-21 14:54:12,210 [gestion.signals] Evento de auditoría registrado
INFO 2026-04-21 14:54:12,333 [gestion.signals] Evento de auditoría registrado
INFO 2026-04-21 14:54:12,459 [gestion.signals] Evento de auditoría registrado
INFO 2026-04-21 14:54:12,582 [gestion.signals] Evento de auditoría registrado
INFO 2026-04-21 14:54:12,711 [gestion.signals] Evento de auditoría registrado
INFO 2026-04-21 14:54:12,834 [gestion.signals] Evento de auditoría registrado
INFO 2026-04-21 14:54:12,957 [gestion.signals] Evento de auditoría registrado
INFO 2026-04-21 14:54:12,957 [gestion.signals] Evento de auditoría registrado
INFO 2026-04-21 14:54:12,958 [gestion.signals] Evento de auditoría registrado
INFO 2026-04-21 14:54:12,959 [gestion.signals] Evento de auditoría registrado
INFO 2026-04-21 14:54:12,959 [gestion.signals] Evento de auditoría registrado
INFO 2026-04-21 14:54:12,960 [gestion.signals] Evento de auditoría registrado
INFO 2026-04-21 14:54:12,963 [gestion.signals] Evento de auditoría registrado
INFO 2026-04-21 14:54:12,965 [gestion.signals] Evento de auditoría registrado
INFO 2026-04-21 14:54:12,966 [gestion.signals] Evento de auditoría registrado
INFO 2026-04-21 14:54:12,970 [gestion.signals] Evento de auditoría registrado
INFO 2026-04-21 14:54:12,971 [gestion.signals] Evento de auditoría registrado
INFO 2026-04-21 14:54:12,971 [gestion.signals] Evento de auditoría registrado
INFO 2026-04-21 14:54:12,974 [gestion.signals] Evento de auditoría registrado
INFO 2026-04-21 14:54:12,977 [gestion.middleware] POST /api/scanning/validate 200
.INFO 2026-04-21 14:54:12,979 [gestion.signals] Evento de auditoría registrado
INFO 2026-04-21 14:54:12,979 [gestion.signals] Evento de auditoría registrado
INFO 2026-04-21 14:54:13,115 [gestion.signals] Evento de auditoría registrado
INFO 2026-04-21 14:54:13,237 [gestion.signals] Evento de auditoría registrado
INFO 2026-04-21 14:54:13,363 [gestion.signals] Evento de auditoría registrado
INFO 2026-04-21 14:54:13,492 [gestion.signals] Evento de auditoría registrado
INFO 2026-04-21 14:54:13,615 [gestion.signals] Evento de auditoría registrado
INFO 2026-04-21 14:54:13,737 [gestion.signals] Evento de auditoría registrado
INFO 2026-04-21 14:54:13,878 [gestion.signals] Evento de auditoría registrado
INFO 2026-04-21 14:54:13,879 [gestion.signals] Evento de auditoría registrado
INFO 2026-04-21 14:54:13,880 [gestion.signals] Evento de auditoría registrado
INFO 2026-04-21 14:54:13,880 [gestion.signals] Evento de auditoría registrado
INFO 2026-04-21 14:54:13,880 [gestion.signals] Evento de auditoría registrado
INFO 2026-04-21 14:54:13,881 [gestion.signals] Evento de auditoría registrado
INFO 2026-04-21 14:54:13,883 [gestion.signals] Evento de auditoría registrado
INFO 2026-04-21 14:54:13,885 [gestion.signals] Evento de auditoría registrado
INFO 2026-04-21 14:54:13,887 [gestion.signals] Evento de auditoría registrado
INFO 2026-04-21 14:54:13,892 [gestion.signals] Evento de auditoría registrado
INFO 2026-04-21 14:54:13,892 [gestion.signals] Evento de auditoría registrado
INFO 2026-04-21 14:54:13,893 [gestion.signals] Evento de auditoría registrado
INFO 2026-04-21 14:54:13,895 [gestion.middleware] POST /api/scanning/validate 200
.INFO 2026-04-21 14:54:13,896 [gestion.signals] Evento de auditoría registrado
INFO 2026-04-21 14:54:13,897 [gestion.signals] Evento de auditoría registrado
INFO 2026-04-21 14:54:14,035 [gestion.signals] Evento de auditoría registrado
INFO 2026-04-21 14:54:14,158 [gestion.signals] Evento de auditoría registrado
INFO 2026-04-21 14:54:14,281 [gestion.signals] Evento de auditoría registrado
INFO 2026-04-21 14:54:14,408 [gestion.signals] Evento de auditoría registrado
INFO 2026-04-21 14:54:14,530 [gestion.signals] Evento de auditoría registrado
INFO 2026-04-21 14:54:14,653 [gestion.signals] Evento de auditoría registrado
INFO 2026-04-21 14:54:14,774 [gestion.signals] Evento de auditoría registrado
INFO 2026-04-21 14:54:14,775 [gestion.signals] Evento de auditoría registrado
INFO 2026-04-21 14:54:14,776 [gestion.signals] Evento de auditoría registrado
INFO 2026-04-21 14:54:14,776 [gestion.signals] Evento de auditoría registrado
INFO 2026-04-21 14:54:14,776 [gestion.signals] Evento de auditoría registrado
INFO 2026-04-21 14:54:14,777 [gestion.signals] Evento de auditoría registrado
INFO 2026-04-21 14:54:14,779 [gestion.signals] Evento de auditoría registrado
INFO 2026-04-21 14:54:14,781 [gestion.signals] Evento de auditoría registrado
INFO 2026-04-21 14:54:14,783 [gestion.signals] Evento de auditoría registrado
INFO 2026-04-21 14:54:14,787 [gestion.signals] Evento de auditoría registrado
INFO 2026-04-21 14:54:14,788 [gestion.signals] Evento de auditoría registrado
INFO 2026-04-21 14:54:14,789 [gestion.signals] Evento de auditoría registrado
INFO 2026-04-21 14:54:14,792 [gestion.signals] Evento de auditoría registrado
.INFO 2026-04-21 14:54:14,794 [gestion.signals] Evento de auditoría registrado
INFO 2026-04-21 14:54:14,795 [gestion.signals] Evento de auditoría registrado
INFO 2026-04-21 14:54:14,928 [gestion.signals] Evento de auditoría registrado
INFO 2026-04-21 14:54:15,052 [gestion.signals] Evento de auditoría registrado
INFO 2026-04-21 14:54:15,174 [gestion.signals] Evento de auditoría registrado
INFO 2026-04-21 14:54:15,296 [gestion.signals] Evento de auditoría registrado
INFO 2026-04-21 14:54:15,420 [gestion.signals] Evento de auditoría registrado
INFO 2026-04-21 14:54:15,542 [gestion.signals] Evento de auditoría registrado
INFO 2026-04-21 14:54:15,664 [gestion.signals] Evento de auditoría registrado
INFO 2026-04-21 14:54:15,664 [gestion.signals] Evento de auditoría registrado
INFO 2026-04-21 14:54:15,665 [gestion.signals] Evento de auditoría registrado
INFO 2026-04-21 14:54:15,666 [gestion.signals] Evento de auditoría registrado
INFO 2026-04-21 14:54:15,666 [gestion.signals] Evento de auditoría registrado
INFO 2026-04-21 14:54:15,667 [gestion.signals] Evento de auditoría registrado
INFO 2026-04-21 14:54:15,669 [gestion.signals] Evento de auditoría registrado
INFO 2026-04-21 14:54:15,670 [gestion.signals] Evento de auditoría registrado
INFO 2026-04-21 14:54:15,672 [gestion.signals] Evento de auditoría registrado
INFO 2026-04-21 14:54:15,676 [gestion.signals] Evento de auditoría registrado
INFO 2026-04-21 14:54:15,676 [gestion.signals] Evento de auditoría registrado
INFO 2026-04-21 14:54:15,682 [gestion.signals] Evento de auditoría registrado
INFO 2026-04-21 14:54:15,684 [gestion.signals] Evento de auditoría registrado
INFO 2026-04-21 14:54:15,686 [gestion.signals] Evento de auditoría registrado
INFO 2026-04-21 14:54:15,688 [gestion.signals] Evento de auditoría registrado
INFO 2026-04-21 14:54:15,688 [gestion.signals] Evento de auditoría registrado
INFO 2026-04-21 14:54:15,691 [gestion.signals] Evento de auditoría registrado
INFO 2026-04-21 14:54:15,694 [gestion.signals] Evento de auditoría registrado
INFO 2026-04-21 14:54:15,697 [gestion.signals] Evento de auditoría registrado
INFO 2026-04-21 14:54:15,698 [gestion.signals] Evento de auditoría registrado
INFO 2026-04-21 14:54:15,699 [gestion.middleware] POST /api/ordenes-produccion/1/registrar-lote/ 201
ERROR 2026-04-21 14:54:15,704 [gestion.utils] Printing Service Unavailable: HTTPConnectionPool(host='printing', port=8001): Max retries exceeded with url: /zpl/etiqueta (Caused by NameResolutionError("HTTPConnection(host='printing', port=8001): Failed to resolve 'printing' ([Errno -3] Temporary failure in name resolution)"))
INFO 2026-04-21 14:54:15,704 [gestion.middleware] GET /api/lotes-produccion/1/generate_zpl/ 200
.INFO 2026-04-21 14:54:15,705 [gestion.signals] Evento de auditoría registrado
INFO 2026-04-21 14:54:15,706 [gestion.signals] Evento de auditoría registrado
INFO 2026-04-21 14:54:15,838 [gestion.signals] Evento de auditoría registrado
INFO 2026-04-21 14:54:15,962 [gestion.signals] Evento de auditoría registrado
INFO 2026-04-21 14:54:16,092 [gestion.signals] Evento de auditoría registrado
INFO 2026-04-21 14:54:16,219 [gestion.signals] Evento de auditoría registrado
INFO 2026-04-21 14:54:16,342 [gestion.signals] Evento de auditoría registrado
INFO 2026-04-21 14:54:16,468 [gestion.signals] Evento de auditoría registrado
INFO 2026-04-21 14:54:16,593 [gestion.signals] Evento de auditoría registrado
INFO 2026-04-21 14:54:16,595 [gestion.signals] Evento de auditoría registrado
INFO 2026-04-21 14:54:16,596 [gestion.signals] Evento de auditoría registrado
INFO 2026-04-21 14:54:16,596 [gestion.signals] Evento de auditoría registrado
INFO 2026-04-21 14:54:16,597 [gestion.signals] Evento de auditoría registrado
INFO 2026-04-21 14:54:16,598 [gestion.signals] Evento de auditoría registrado
INFO 2026-04-21 14:54:16,600 [gestion.signals] Evento de auditoría registrado
INFO 2026-04-21 14:54:16,602 [gestion.signals] Evento de auditoría registrado
INFO 2026-04-21 14:54:16,603 [gestion.signals] Evento de auditoría registrado
INFO 2026-04-21 14:54:16,607 [gestion.signals] Evento de auditoría registrado
INFO 2026-04-21 14:54:16,608 [gestion.signals] Evento de auditoría registrado
INFO 2026-04-21 14:54:16,613 [gestion.signals] Evento de auditoría registrado
INFO 2026-04-21 14:54:16,615 [gestion.signals] Evento de auditoría registrado
INFO 2026-04-21 14:54:16,617 [gestion.signals] Evento de auditoría registrado
INFO 2026-04-21 14:54:16,619 [gestion.signals] Evento de auditoría registrado
INFO 2026-04-21 14:54:16,620 [gestion.signals] Evento de auditoría registrado
INFO 2026-04-21 14:54:16,623 [gestion.signals] Evento de auditoría registrado
INFO 2026-04-21 14:54:16,626 [gestion.signals] Evento de auditoría registrado
INFO 2026-04-21 14:54:16,628 [gestion.signals] Evento de auditoría registrado
INFO 2026-04-21 14:54:16,629 [gestion.signals] Evento de auditoría registrado
INFO 2026-04-21 14:54:16,630 [gestion.middleware] POST /api/ordenes-produccion/1/registrar-lote/ 201
INFO 2026-04-21 14:54:16,635 [gestion.signals] Evento de auditoría registrado
INFO 2026-04-21 14:54:16,637 [gestion.signals] Evento de auditoría registrado
INFO 2026-04-21 14:54:16,640 [gestion.signals] Evento de auditoría registrado
INFO 2026-04-21 14:54:16,642 [gestion.signals] Evento de auditoría registrado
INFO 2026-04-21 14:54:16,642 [gestion.signals] Evento de auditoría registrado
INFO 2026-04-21 14:54:16,646 [gestion.signals] Evento de auditoría registrado
INFO 2026-04-21 14:54:16,649 [gestion.signals] Evento de auditoría registrado
INFO 2026-04-21 14:54:16,651 [gestion.signals] Evento de auditoría registrado
INFO 2026-04-21 14:54:16,652 [gestion.signals] Evento de auditoría registrado
INFO 2026-04-21 14:54:16,653 [gestion.middleware] POST /api/ordenes-produccion/1/registrar-lote/ 201
.INFO 2026-04-21 14:54:16,655 [gestion.signals] Evento de auditoría registrado
INFO 2026-04-21 14:54:16,655 [gestion.signals] Evento de auditoría registrado
INFO 2026-04-21 14:54:16,791 [gestion.signals] Evento de auditoría registrado
INFO 2026-04-21 14:54:16,917 [gestion.signals] Evento de auditoría registrado
INFO 2026-04-21 14:54:17,046 [gestion.signals] Evento de auditoría registrado
INFO 2026-04-21 14:54:17,172 [gestion.signals] Evento de auditoría registrado
INFO 2026-04-21 14:54:17,300 [gestion.signals] Evento de auditoría registrado
INFO 2026-04-21 14:54:17,425 [gestion.signals] Evento de auditoría registrado
INFO 2026-04-21 14:54:17,547 [gestion.signals] Evento de auditoría registrado
INFO 2026-04-21 14:54:17,548 [gestion.signals] Evento de auditoría registrado
INFO 2026-04-21 14:54:17,549 [gestion.signals] Evento de auditoría registrado
INFO 2026-04-21 14:54:17,550 [gestion.signals] Evento de auditoría registrado
INFO 2026-04-21 14:54:17,551 [gestion.signals] Evento de auditoría registrado
INFO 2026-04-21 14:54:17,552 [gestion.signals] Evento de auditoría registrado
INFO 2026-04-21 14:54:17,553 [gestion.signals] Evento de auditoría registrado
INFO 2026-04-21 14:54:17,555 [gestion.signals] Evento de auditoría registrado
INFO 2026-04-21 14:54:17,557 [gestion.signals] Evento de auditoría registrado
INFO 2026-04-21 14:54:17,560 [gestion.signals] Evento de auditoría registrado
INFO 2026-04-21 14:54:17,565 [gestion.signals] Evento de auditoría registrado
INFO 2026-04-21 14:54:17,565 [gestion.views] Orden de produccion creada exitosamente
INFO 2026-04-21 14:54:17,566 [gestion.middleware] POST /api/ordenes-produccion/ 201
INFO 2026-04-21 14:54:17,571 [gestion.signals] Evento de auditoría registrado
INFO 2026-04-21 14:54:17,572 [gestion.middleware] PATCH /api/ordenes-produccion/1/ 200
/usr/local/lib/python3.12/site-packages/rest_framework/pagination.py:207: UnorderedObjectListWarning: Pagination may yield inconsistent results with an unordered object_list: <class 'gestion.models.OrdenProduccion'> QuerySet.
  paginator = self.django_paginator_class(queryset, page_size)
INFO 2026-04-21 14:54:17,575 [gestion.middleware] GET /api/ordenes-produccion/ 200
INFO 2026-04-21 14:54:17,580 [gestion.signals] Evento de auditoría registrado
INFO 2026-04-21 14:54:17,583 [gestion.signals] Evento de auditoría registrado
INFO 2026-04-21 14:54:17,585 [gestion.signals] Evento de auditoría registrado
INFO 2026-04-21 14:54:17,587 [gestion.signals] Evento de auditoría registrado
INFO 2026-04-21 14:54:17,588 [gestion.signals] Evento de auditoría registrado
INFO 2026-04-21 14:54:17,590 [gestion.signals] Evento de auditoría registrado
INFO 2026-04-21 14:54:17,593 [gestion.signals] Evento de auditoría registrado
INFO 2026-04-21 14:54:17,595 [gestion.signals] Evento de auditoría registrado
INFO 2026-04-21 14:54:17,597 [gestion.signals] Evento de auditoría registrado
INFO 2026-04-21 14:54:17,598 [gestion.middleware] POST /api/ordenes-produccion/1/registrar-lote/ 201
.INFO 2026-04-21 14:54:17,599 [gestion.signals] Evento de auditoría registrado
INFO 2026-04-21 14:54:17,599 [gestion.signals] Evento de auditoría registrado
INFO 2026-04-21 14:54:17,734 [gestion.signals] Evento de auditoría registrado
INFO 2026-04-21 14:54:17,860 [gestion.signals] Evento de auditoría registrado
INFO 2026-04-21 14:54:17,982 [gestion.signals] Evento de auditoría registrado
INFO 2026-04-21 14:54:18,105 [gestion.signals] Evento de auditoría registrado
INFO 2026-04-21 14:54:18,226 [gestion.signals] Evento de auditoría registrado
INFO 2026-04-21 14:54:18,349 [gestion.signals] Evento de auditoría registrado
INFO 2026-04-21 14:54:18,472 [gestion.signals] Evento de auditoría registrado
INFO 2026-04-21 14:54:18,473 [gestion.signals] Evento de auditoría registrado
INFO 2026-04-21 14:54:18,473 [gestion.signals] Evento de auditoría registrado
INFO 2026-04-21 14:54:18,474 [gestion.signals] Evento de auditoría registrado
INFO 2026-04-21 14:54:18,474 [gestion.signals] Evento de auditoría registrado
INFO 2026-04-21 14:54:18,475 [gestion.signals] Evento de auditoría registrado
INFO 2026-04-21 14:54:18,477 [gestion.signals] Evento de auditoría registrado
INFO 2026-04-21 14:54:18,478 [gestion.signals] Evento de auditoría registrado
INFO 2026-04-21 14:54:18,482 [gestion.signals] Evento de auditoría registrado
INFO 2026-04-21 14:54:18,486 [gestion.signals] Evento de auditoría registrado
INFO 2026-04-21 14:54:18,487 [gestion.signals] Evento de auditoría registrado
INFO 2026-04-21 14:54:18,487 [gestion.signals] Evento de auditoría registrado
INFO 2026-04-21 14:54:18,489 [gestion.signals] Evento de auditoría registrado
INFO 2026-04-21 14:54:18,491 [gestion.signals] Evento de auditoría registrado
INFO 2026-04-21 14:54:18,494 [gestion.middleware] GET /api/inventory/bodegas/1/kardex/ 200
INFO 2026-04-21 14:54:18,497 [gestion.middleware] GET /api/inventory/bodegas/1/kardex/ 200
.INFO 2026-04-21 14:54:18,498 [gestion.signals] Evento de auditoría registrado
INFO 2026-04-21 14:54:18,498 [gestion.signals] Evento de auditoría registrado
INFO 2026-04-21 14:54:18,641 [gestion.signals] Evento de auditoría registrado
INFO 2026-04-21 14:54:18,763 [gestion.signals] Evento de auditoría registrado
INFO 2026-04-21 14:54:18,886 [gestion.signals] Evento de auditoría registrado
INFO 2026-04-21 14:54:19,008 [gestion.signals] Evento de auditoría registrado
INFO 2026-04-21 14:54:19,131 [gestion.signals] Evento de auditoría registrado
INFO 2026-04-21 14:54:19,253 [gestion.signals] Evento de auditoría registrado
INFO 2026-04-21 14:54:19,375 [gestion.signals] Evento de auditoría registrado
INFO 2026-04-21 14:54:19,376 [gestion.signals] Evento de auditoría registrado
INFO 2026-04-21 14:54:19,376 [gestion.signals] Evento de auditoría registrado
INFO 2026-04-21 14:54:19,377 [gestion.signals] Evento de auditoría registrado
INFO 2026-04-21 14:54:19,377 [gestion.signals] Evento de auditoría registrado
INFO 2026-04-21 14:54:19,378 [gestion.signals] Evento de auditoría registrado
INFO 2026-04-21 14:54:19,380 [gestion.signals] Evento de auditoría registrado
INFO 2026-04-21 14:54:19,381 [gestion.signals] Evento de auditoría registrado
INFO 2026-04-21 14:54:19,383 [gestion.signals] Evento de auditoría registrado
INFO 2026-04-21 14:54:19,389 [gestion.signals] Evento de auditoría registrado
INFO 2026-04-21 14:54:19,391 [gestion.signals] Evento de auditoría registrado
INFO 2026-04-21 14:54:19,394 [gestion.signals] Evento de auditoría registrado
INFO 2026-04-21 14:54:19,395 [gestion.signals] Evento de auditoría registrado
INFO 2026-04-21 14:54:19,399 [gestion.middleware] GET /api/inventory/bodegas/1/kardex/ 200
/usr/local/lib/python3.12/site-packages/django/db/models/fields/__init__.py:1671: RuntimeWarning: DateTimeField MovimientoInventario.fecha received a naive datetime (2026-04-20 00:00:00) while time zone support is active.
  warnings.warn(
INFO 2026-04-21 14:54:19,403 [gestion.middleware] GET /api/inventory/bodegas/1/kardex/ 200
.INFO 2026-04-21 14:54:19,404 [gestion.signals] Evento de auditoría registrado
INFO 2026-04-21 14:54:19,405 [gestion.signals] Evento de auditoría registrado
INFO 2026-04-21 14:54:19,540 [gestion.signals] Evento de auditoría registrado
INFO 2026-04-21 14:54:19,662 [gestion.signals] Evento de auditoría registrado
INFO 2026-04-21 14:54:19,784 [gestion.signals] Evento de auditoría registrado
INFO 2026-04-21 14:54:19,907 [gestion.signals] Evento de auditoría registrado
INFO 2026-04-21 14:54:20,029 [gestion.signals] Evento de auditoría registrado
INFO 2026-04-21 14:54:20,153 [gestion.signals] Evento de auditoría registrado
INFO 2026-04-21 14:54:20,274 [gestion.signals] Evento de auditoría registrado
INFO 2026-04-21 14:54:20,275 [gestion.signals] Evento de auditoría registrado
INFO 2026-04-21 14:54:20,276 [gestion.signals] Evento de auditoría registrado
INFO 2026-04-21 14:54:20,277 [gestion.signals] Evento de auditoría registrado
INFO 2026-04-21 14:54:20,277 [gestion.signals] Evento de auditoría registrado
INFO 2026-04-21 14:54:20,278 [gestion.signals] Evento de auditoría registrado
INFO 2026-04-21 14:54:20,280 [gestion.signals] Evento de auditoría registrado
INFO 2026-04-21 14:54:20,282 [gestion.signals] Evento de auditoría registrado
INFO 2026-04-21 14:54:20,284 [gestion.signals] Evento de auditoría registrado
INFO 2026-04-21 14:54:20,288 [gestion.signals] Evento de auditoría registrado
/usr/local/lib/python3.12/site-packages/django/db/models/fields/__init__.py:1671: RuntimeWarning: DateTimeField LoteProduccion.hora_inicio received a naive datetime (2023-01-02 08:00:00) while time zone support is active.
  warnings.warn(
/usr/local/lib/python3.12/site-packages/django/db/models/fields/__init__.py:1671: RuntimeWarning: DateTimeField LoteProduccion.hora_final received a naive datetime (2023-01-02 09:00:00) while time zone support is active.
  warnings.warn(
INFO 2026-04-21 14:54:20,289 [gestion.signals] Evento de auditoría registrado
INFO 2026-04-21 14:54:20,291 [gestion.middleware] GET /api/kpi-area/ 200
.INFO 2026-04-21 14:54:20,292 [gestion.signals] Evento de auditoría registrado
INFO 2026-04-21 14:54:20,292 [gestion.signals] Evento de auditoría registrado
INFO 2026-04-21 14:54:20,428 [gestion.signals] Evento de auditoría registrado
INFO 2026-04-21 14:54:20,549 [gestion.signals] Evento de auditoría registrado
INFO 2026-04-21 14:54:20,673 [gestion.signals] Evento de auditoría registrado
INFO 2026-04-21 14:54:20,795 [gestion.signals] Evento de auditoría registrado
INFO 2026-04-21 14:54:20,921 [gestion.signals] Evento de auditoría registrado
INFO 2026-04-21 14:54:21,045 [gestion.signals] Evento de auditoría registrado
INFO 2026-04-21 14:54:21,168 [gestion.signals] Evento de auditoría registrado
INFO 2026-04-21 14:54:21,169 [gestion.signals] Evento de auditoría registrado
INFO 2026-04-21 14:54:21,170 [gestion.signals] Evento de auditoría registrado
INFO 2026-04-21 14:54:21,171 [gestion.signals] Evento de auditoría registrado
INFO 2026-04-21 14:54:21,171 [gestion.signals] Evento de auditoría registrado
INFO 2026-04-21 14:54:21,173 [gestion.signals] Evento de auditoría registrado
INFO 2026-04-21 14:54:21,174 [gestion.signals] Evento de auditoría registrado
INFO 2026-04-21 14:54:21,176 [gestion.signals] Evento de auditoría registrado
INFO 2026-04-21 14:54:21,178 [gestion.signals] Evento de auditoría registrado
INFO 2026-04-21 14:54:21,181 [gestion.signals] Evento de auditoría registrado
INFO 2026-04-21 14:54:21,182 [gestion.signals] Evento de auditoría registrado
INFO 2026-04-21 14:54:21,184 [gestion.signals] Evento de auditoría registrado
INFO 2026-04-21 14:54:21,185 [gestion.signals] Evento de auditoría registrado
INFO 2026-04-21 14:54:21,187 [gestion.signals] Evento de auditoría registrado
INFO 2026-04-21 14:54:21,191 [gestion.middleware] GET /api/inventory/lotes/LOTE-TEST-TRZ/movimientos/ 200
.INFO 2026-04-21 14:54:21,192 [gestion.signals] Evento de auditoría registrado
INFO 2026-04-21 14:54:21,192 [gestion.signals] Evento de auditoría registrado
INFO 2026-04-21 14:54:21,326 [gestion.signals] Evento de auditoría registrado
INFO 2026-04-21 14:54:21,449 [gestion.signals] Evento de auditoría registrado
INFO 2026-04-21 14:54:21,573 [gestion.signals] Evento de auditoría registrado
INFO 2026-04-21 14:54:21,697 [gestion.signals] Evento de auditoría registrado
INFO 2026-04-21 14:54:21,819 [gestion.signals] Evento de auditoría registrado
INFO 2026-04-21 14:54:21,940 [gestion.signals] Evento de auditoría registrado
INFO 2026-04-21 14:54:22,063 [gestion.signals] Evento de auditoría registrado
INFO 2026-04-21 14:54:22,063 [gestion.signals] Evento de auditoría registrado
INFO 2026-04-21 14:54:22,064 [gestion.signals] Evento de auditoría registrado
INFO 2026-04-21 14:54:22,065 [gestion.signals] Evento de auditoría registrado
INFO 2026-04-21 14:54:22,065 [gestion.signals] Evento de auditoría registrado
INFO 2026-04-21 14:54:22,066 [gestion.signals] Evento de auditoría registrado
INFO 2026-04-21 14:54:22,068 [gestion.signals] Evento de auditoría registrado
INFO 2026-04-21 14:54:22,070 [gestion.signals] Evento de auditoría registrado
INFO 2026-04-21 14:54:22,073 [gestion.signals] Evento de auditoría registrado
INFO 2026-04-21 14:54:22,077 [gestion.signals] Evento de auditoría registrado
INFO 2026-04-21 14:54:22,077 [gestion.signals] Evento de auditoría registrado
INFO 2026-04-21 14:54:22,079 [gestion.signals] Evento de auditoría registrado
.INFO 2026-04-21 14:54:22,080 [gestion.signals] Evento de auditoría registrado
INFO 2026-04-21 14:54:22,080 [gestion.signals] Evento de auditoría registrado
INFO 2026-04-21 14:54:22,214 [gestion.signals] Evento de auditoría registrado
INFO 2026-04-21 14:54:22,337 [gestion.signals] Evento de auditoría registrado
INFO 2026-04-21 14:54:22,460 [gestion.signals] Evento de auditoría registrado
INFO 2026-04-21 14:54:22,584 [gestion.signals] Evento de auditoría registrado
INFO 2026-04-21 14:54:22,708 [gestion.signals] Evento de auditoría registrado
INFO 2026-04-21 14:54:22,835 [gestion.signals] Evento de auditoría registrado
INFO 2026-04-21 14:54:22,960 [gestion.signals] Evento de auditoría registrado
INFO 2026-04-21 14:54:22,962 [gestion.signals] Evento de auditoría registrado
INFO 2026-04-21 14:54:22,963 [gestion.signals] Evento de auditoría registrado
INFO 2026-04-21 14:54:22,963 [gestion.signals] Evento de auditoría registrado
INFO 2026-04-21 14:54:22,964 [gestion.signals] Evento de auditoría registrado
INFO 2026-04-21 14:54:22,965 [gestion.signals] Evento de auditoría registrado
INFO 2026-04-21 14:54:22,966 [gestion.signals] Evento de auditoría registrado
INFO 2026-04-21 14:54:22,968 [gestion.signals] Evento de auditoría registrado
INFO 2026-04-21 14:54:22,970 [gestion.signals] Evento de auditoría registrado
INFO 2026-04-21 14:54:22,974 [gestion.signals] Evento de auditoría registrado
INFO 2026-04-21 14:54:22,976 [gestion.signals] Evento de auditoría registrado
INFO 2026-04-21 14:54:22,983 [gestion.signals] Evento de auditoría registrado
INFO 2026-04-21 14:54:22,984 [gestion.signals] Evento de auditoría registrado
INFO 2026-04-21 14:54:22,984 [gestion.views] Pedido de venta creado exitosamente
INFO 2026-04-21 14:54:22,984 [gestion.utils] Iniciando reconciliación de pagos para cliente: Cliente Test
INFO 2026-04-21 14:54:22,986 [gestion.utils] Reconciliación completada. 0 pedidos actualizados para cliente 1. Saldo restante: 0.00
INFO 2026-04-21 14:54:22,987 [gestion.middleware] POST /api/pedidos-venta/ 201
INFO 2026-04-21 14:54:22,990 [gestion.signals] Evento de auditoría registrado
INFO 2026-04-21 14:54:22,997 [gestion.signals] Evento de auditoría registrado
INFO 2026-04-21 14:54:22,998 [gestion.signals] Evento de auditoría registrado
INFO 2026-04-21 14:54:22,998 [gestion.views] Pedido de venta creado exitosamente
INFO 2026-04-21 14:54:22,998 [gestion.utils] Iniciando reconciliación de pagos para cliente: Cliente Test
INFO 2026-04-21 14:54:23,000 [gestion.utils] Reconciliación completada. 0 pedidos actualizados para cliente 1. Saldo restante: 0.00
INFO 2026-04-21 14:54:23,001 [gestion.middleware] POST /api/pedidos-venta/ 201
INFO 2026-04-21 14:54:23,004 [gestion.signals] Evento de auditoría registrado
INFO 2026-04-21 14:54:23,011 [gestion.signals] Evento de auditoría registrado
INFO 2026-04-21 14:54:23,012 [gestion.signals] Evento de auditoría registrado
INFO 2026-04-21 14:54:23,013 [gestion.views] Pedido de venta creado exitosamente
INFO 2026-04-21 14:54:23,013 [gestion.utils] Iniciando reconciliación de pagos para cliente: Cliente Test
INFO 2026-04-21 14:54:23,014 [gestion.utils] Reconciliación completada. 0 pedidos actualizados para cliente 1. Saldo restante: 0.00
INFO 2026-04-21 14:54:23,015 [gestion.middleware] POST /api/pedidos-venta/ 201
.INFO 2026-04-21 14:54:23,017 [gestion.signals] Evento de auditoría registrado
INFO 2026-04-21 14:54:23,017 [gestion.signals] Evento de auditoría registrado
INFO 2026-04-21 14:54:23,153 [gestion.signals] Evento de auditoría registrado
INFO 2026-04-21 14:54:23,275 [gestion.signals] Evento de auditoría registrado
INFO 2026-04-21 14:54:23,398 [gestion.signals] Evento de auditoría registrado
INFO 2026-04-21 14:54:23,521 [gestion.signals] Evento de auditoría registrado
INFO 2026-04-21 14:54:23,644 [gestion.signals] Evento de auditoría registrado
INFO 2026-04-21 14:54:23,767 [gestion.signals] Evento de auditoría registrado
INFO 2026-04-21 14:54:23,889 [gestion.signals] Evento de auditoría registrado
INFO 2026-04-21 14:54:23,890 [gestion.signals] Evento de auditoría registrado
INFO 2026-04-21 14:54:23,891 [gestion.signals] Evento de auditoría registrado
INFO 2026-04-21 14:54:23,891 [gestion.signals] Evento de auditoría registrado
INFO 2026-04-21 14:54:23,891 [gestion.signals] Evento de auditoría registrado
INFO 2026-04-21 14:54:23,892 [gestion.signals] Evento de auditoría registrado
INFO 2026-04-21 14:54:23,894 [gestion.signals] Evento de auditoría registrado
INFO 2026-04-21 14:54:23,896 [gestion.signals] Evento de auditoría registrado
INFO 2026-04-21 14:54:23,898 [gestion.signals] Evento de auditoría registrado
INFO 2026-04-21 14:54:23,902 [gestion.signals] Evento de auditoría registrado
INFO 2026-04-21 14:54:23,906 [gestion.signals] Evento de auditoría registrado
INFO 2026-04-21 14:54:23,906 [gestion.utils] Iniciando reconciliación de pagos para cliente: Cliente Test
INFO 2026-04-21 14:54:23,907 [gestion.utils] Reconciliación completada. 0 pedidos actualizados para cliente 1. Saldo restante: 50
INFO 2026-04-21 14:54:23,907 [gestion.middleware] POST /api/pagos-cliente/ 201
.INFO 2026-04-21 14:54:23,908 [gestion.signals] Evento de auditoría registrado
INFO 2026-04-21 14:54:23,909 [gestion.signals] Evento de auditoría registrado
INFO 2026-04-21 14:54:24,042 [gestion.signals] Evento de auditoría registrado
INFO 2026-04-21 14:54:24,165 [gestion.signals] Evento de auditoría registrado
INFO 2026-04-21 14:54:24,288 [gestion.signals] Evento de auditoría registrado
INFO 2026-04-21 14:54:24,410 [gestion.signals] Evento de auditoría registrado
INFO 2026-04-21 14:54:24,534 [gestion.signals] Evento de auditoría registrado
INFO 2026-04-21 14:54:24,657 [gestion.signals] Evento de auditoría registrado
INFO 2026-04-21 14:54:24,778 [gestion.signals] Evento de auditoría registrado
INFO 2026-04-21 14:54:24,779 [gestion.signals] Evento de auditoría registrado
INFO 2026-04-21 14:54:24,780 [gestion.signals] Evento de auditoría registrado
INFO 2026-04-21 14:54:24,780 [gestion.signals] Evento de auditoría registrado
INFO 2026-04-21 14:54:24,781 [gestion.signals] Evento de auditoría registrado
INFO 2026-04-21 14:54:24,782 [gestion.signals] Evento de auditoría registrado
INFO 2026-04-21 14:54:24,783 [gestion.signals] Evento de auditoría registrado
INFO 2026-04-21 14:54:24,785 [gestion.signals] Evento de auditoría registrado
INFO 2026-04-21 14:54:24,787 [gestion.signals] Evento de auditoría registrado
INFO 2026-04-21 14:54:24,791 [gestion.signals] Evento de auditoría registrado
INFO 2026-04-21 14:54:24,791 [gestion.signals] Evento de auditoría registrado
INFO 2026-04-21 14:54:24,792 [gestion.signals] Evento de auditoría registrado
INFO 2026-04-21 14:54:24,793 [gestion.signals] Evento de auditoría registrado
INFO 2026-04-21 14:54:24,793 [gestion.signals] Evento de auditoría registrado
INFO 2026-04-21 14:54:24,797 [gestion.signals] Evento de auditoría registrado
INFO 2026-04-21 14:54:24,797 [gestion.utils] Iniciando reconciliación de pagos para cliente: Cliente Test
INFO 2026-04-21 14:54:24,800 [gestion.signals] Evento de auditoría registrado
INFO 2026-04-21 14:54:24,800 [gestion.utils] Reconciliación completada. 1 pedidos actualizados para cliente 1. Saldo restante: 0.00
INFO 2026-04-21 14:54:24,800 [gestion.middleware] POST /api/pagos-cliente/ 201
INFO 2026-04-21 14:54:24,804 [gestion.signals] Evento de auditoría registrado
INFO 2026-04-21 14:54:24,804 [gestion.utils] Iniciando reconciliación de pagos para cliente: Cliente Test
INFO 2026-04-21 14:54:24,806 [gestion.signals] Evento de auditoría registrado
INFO 2026-04-21 14:54:24,806 [gestion.utils] Reconciliación completada. 1 pedidos actualizados para cliente 1. Saldo restante: 0.000
INFO 2026-04-21 14:54:24,807 [gestion.middleware] POST /api/pagos-cliente/ 201
.INFO 2026-04-21 14:54:24,808 [gestion.signals] Evento de auditoría registrado
INFO 2026-04-21 14:54:24,808 [gestion.signals] Evento de auditoría registrado
INFO 2026-04-21 14:54:24,944 [gestion.signals] Evento de auditoría registrado
INFO 2026-04-21 14:54:25,079 [gestion.signals] Evento de auditoría registrado
INFO 2026-04-21 14:54:25,203 [gestion.signals] Evento de auditoría registrado
INFO 2026-04-21 14:54:25,339 [gestion.signals] Evento de auditoría registrado
INFO 2026-04-21 14:54:25,461 [gestion.signals] Evento de auditoría registrado
INFO 2026-04-21 14:54:25,597 [gestion.signals] Evento de auditoría registrado
INFO 2026-04-21 14:54:25,719 [gestion.signals] Evento de auditoría registrado
INFO 2026-04-21 14:54:25,720 [gestion.signals] Evento de auditoría registrado
INFO 2026-04-21 14:54:25,720 [gestion.signals] Evento de auditoría registrado
INFO 2026-04-21 14:54:25,721 [gestion.signals] Evento de auditoría registrado
INFO 2026-04-21 14:54:25,721 [gestion.signals] Evento de auditoría registrado
INFO 2026-04-21 14:54:25,722 [gestion.signals] Evento de auditoría registrado
INFO 2026-04-21 14:54:25,724 [gestion.signals] Evento de auditoría registrado
INFO 2026-04-21 14:54:25,726 [gestion.signals] Evento de auditoría registrado
INFO 2026-04-21 14:54:25,729 [gestion.signals] Evento de auditoría registrado
INFO 2026-04-21 14:54:25,733 [gestion.signals] Evento de auditoría registrado
INFO 2026-04-21 14:54:25,734 [gestion.signals] Evento de auditoría registrado
INFO 2026-04-21 14:54:25,734 [gestion.signals] Evento de auditoría registrado
INFO 2026-04-21 14:54:25,736 [gestion.signals] Evento de auditoría registrado
INFO 2026-04-21 14:54:25,739 [gestion.signals] Evento de auditoría registrado
.INFO 2026-04-21 14:54:25,741 [gestion.signals] Evento de auditoría registrado
INFO 2026-04-21 14:54:25,742 [gestion.signals] Evento de auditoría registrado
INFO 2026-04-21 14:54:25,890 [gestion.signals] Evento de auditoría registrado
INFO 2026-04-21 14:54:26,013 [gestion.signals] Evento de auditoría registrado
INFO 2026-04-21 14:54:26,148 [gestion.signals] Evento de auditoría registrado
INFO 2026-04-21 14:54:26,271 [gestion.signals] Evento de auditoría registrado
INFO 2026-04-21 14:54:26,405 [gestion.signals] Evento de auditoría registrado
INFO 2026-04-21 14:54:26,528 [gestion.signals] Evento de auditoría registrado
INFO 2026-04-21 14:54:26,664 [gestion.signals] Evento de auditoría registrado
INFO 2026-04-21 14:54:26,665 [gestion.signals] Evento de auditoría registrado
INFO 2026-04-21 14:54:26,666 [gestion.signals] Evento de auditoría registrado
INFO 2026-04-21 14:54:26,666 [gestion.signals] Evento de auditoría registrado
INFO 2026-04-21 14:54:26,666 [gestion.signals] Evento de auditoría registrado
INFO 2026-04-21 14:54:26,667 [gestion.signals] Evento de auditoría registrado
INFO 2026-04-21 14:54:26,669 [gestion.signals] Evento de auditoría registrado
INFO 2026-04-21 14:54:26,671 [gestion.signals] Evento de auditoría registrado
INFO 2026-04-21 14:54:26,673 [gestion.signals] Evento de auditoría registrado
INFO 2026-04-21 14:54:26,677 [gestion.signals] Evento de auditoría registrado
INFO 2026-04-21 14:54:26,679 [gestion.signals] Evento de auditoría registrado
INFO 2026-04-21 14:54:26,681 [gestion.signals] Evento de auditoría registrado
.INFO 2026-04-21 14:54:26,682 [gestion.signals] Evento de auditoría registrado
INFO 2026-04-21 14:54:26,682 [gestion.signals] Evento de auditoría registrado
INFO 2026-04-21 14:54:26,817 [gestion.signals] Evento de auditoría registrado
INFO 2026-04-21 14:54:26,942 [gestion.signals] Evento de auditoría registrado
INFO 2026-04-21 14:54:27,066 [gestion.signals] Evento de auditoría registrado
INFO 2026-04-21 14:54:27,189 [gestion.signals] Evento de auditoría registrado
INFO 2026-04-21 14:54:27,310 [gestion.signals] Evento de auditoría registrado
INFO 2026-04-21 14:54:27,432 [gestion.signals] Evento de auditoría registrado
INFO 2026-04-21 14:54:27,555 [gestion.signals] Evento de auditoría registrado
INFO 2026-04-21 14:54:27,556 [gestion.signals] Evento de auditoría registrado
INFO 2026-04-21 14:54:27,557 [gestion.signals] Evento de auditoría registrado
INFO 2026-04-21 14:54:27,557 [gestion.signals] Evento de auditoría registrado
INFO 2026-04-21 14:54:27,558 [gestion.signals] Evento de auditoría registrado
INFO 2026-04-21 14:54:27,559 [gestion.signals] Evento de auditoría registrado
INFO 2026-04-21 14:54:27,561 [gestion.signals] Evento de auditoría registrado
INFO 2026-04-21 14:54:27,563 [gestion.signals] Evento de auditoría registrado
INFO 2026-04-21 14:54:27,565 [gestion.signals] Evento de auditoría registrado
INFO 2026-04-21 14:54:27,569 [gestion.signals] Evento de auditoría registrado
INFO 2026-04-21 14:54:27,569 [gestion.signals] Evento de auditoría registrado
INFO 2026-04-21 14:54:27,571 [gestion.middleware] POST /api/detalles-pedido/ 400
FINFO 2026-04-21 14:54:27,572 [gestion.signals] Evento de auditoría registrado
INFO 2026-04-21 14:54:27,573 [gestion.signals] Evento de auditoría registrado
INFO 2026-04-21 14:54:27,707 [gestion.signals] Evento de auditoría registrado
INFO 2026-04-21 14:54:27,830 [gestion.signals] Evento de auditoría registrado
INFO 2026-04-21 14:54:27,961 [gestion.signals] Evento de auditoría registrado
INFO 2026-04-21 14:54:28,083 [gestion.signals] Evento de auditoría registrado
INFO 2026-04-21 14:54:28,206 [gestion.signals] Evento de auditoría registrado
INFO 2026-04-21 14:54:28,328 [gestion.signals] Evento de auditoría registrado
INFO 2026-04-21 14:54:28,452 [gestion.signals] Evento de auditoría registrado
INFO 2026-04-21 14:54:28,452 [gestion.signals] Evento de auditoría registrado
INFO 2026-04-21 14:54:28,453 [gestion.signals] Evento de auditoría registrado
INFO 2026-04-21 14:54:28,453 [gestion.signals] Evento de auditoría registrado
INFO 2026-04-21 14:54:28,454 [gestion.signals] Evento de auditoría registrado
INFO 2026-04-21 14:54:28,455 [gestion.signals] Evento de auditoría registrado
INFO 2026-04-21 14:54:28,457 [gestion.signals] Evento de auditoría registrado
INFO 2026-04-21 14:54:28,459 [gestion.signals] Evento de auditoría registrado
INFO 2026-04-21 14:54:28,461 [gestion.signals] Evento de auditoría registrado
INFO 2026-04-21 14:54:28,465 [gestion.signals] Evento de auditoría registrado
INFO 2026-04-21 14:54:28,465 [gestion.signals] Evento de auditoría registrado
INFO 2026-04-21 14:54:28,466 [gestion.signals] Evento de auditoría registrado
INFO 2026-04-21 14:54:28,468 [gestion.signals] Evento de auditoría registrado
INFO 2026-04-21 14:54:28,472 [gestion.signals] Evento de auditoría registrado
INFO 2026-04-21 14:54:28,474 [gestion.signals] Evento de auditoría registrado
INFO 2026-04-21 14:54:28,477 [gestion.signals] Evento de auditoría registrado
INFO 2026-04-21 14:54:28,479 [gestion.signals] Evento de auditoría registrado
INFO 2026-04-21 14:54:28,479 [gestion.signals] Evento de auditoría registrado
INFO 2026-04-21 14:54:28,482 [gestion.signals] Evento de auditoría registrado
INFO 2026-04-21 14:54:28,485 [gestion.signals] Evento de auditoría registrado
INFO 2026-04-21 14:54:28,487 [gestion.signals] Evento de auditoría registrado
INFO 2026-04-21 14:54:28,488 [gestion.signals] Evento de auditoría registrado
INFO 2026-04-21 14:54:28,489 [gestion.middleware] POST /api/ordenes-produccion/1/registrar-lote/ 201
ERROR 2026-04-21 14:54:28,496 [gestion.exceptions] Excepción no manejada en vista
Traceback (most recent call last):
  File "/usr/local/lib/python3.12/site-packages/rest_framework/views.py", line 512, in dispatch
    response = handler(request, *args, **kwargs)
               ^^^^^^^^^^^^^^^^^^^^^^^^^^^^^^^^^
  File "/usr/local/lib/python3.12/contextlib.py", line 81, in inner
    return func(*args, **kwds)
           ^^^^^^^^^^^^^^^^^^^
  File "/app/gestion/views.py", line 895, in rechazar
    stock_output.save()
  File "/app/gestion/models.py", line 175, in save
    self.full_clean()
  File "/usr/local/lib/python3.12/site-packages/django/db/models/base.py", line 1679, in full_clean
    raise ValidationError(errors)
django.core.exceptions.ValidationError: {'cantidad': ['Ensure that there are no more than 2 decimal places.']}
INFO 2026-04-21 14:54:28,497 [gestion.middleware] POST /api/lotes-produccion/1/rechazar/ 500
ERROR 2026-04-21 14:54:28,497 [django.request] Internal Server Error: /api/lotes-produccion/1/rechazar/
FINFO 2026-04-21 14:54:28,499 [gestion.signals] Evento de auditoría registrado
INFO 2026-04-21 14:54:28,499 [gestion.signals] Evento de auditoría registrado
INFO 2026-04-21 14:54:28,634 [gestion.signals] Evento de auditoría registrado
INFO 2026-04-21 14:54:28,756 [gestion.signals] Evento de auditoría registrado
INFO 2026-04-21 14:54:28,880 [gestion.signals] Evento de auditoría registrado
INFO 2026-04-21 14:54:29,002 [gestion.signals] Evento de auditoría registrado
INFO 2026-04-21 14:54:29,127 [gestion.signals] Evento de auditoría registrado
INFO 2026-04-21 14:54:29,250 [gestion.signals] Evento de auditoría registrado
INFO 2026-04-21 14:54:29,373 [gestion.signals] Evento de auditoría registrado
INFO 2026-04-21 14:54:29,373 [gestion.signals] Evento de auditoría registrado
INFO 2026-04-21 14:54:29,374 [gestion.signals] Evento de auditoría registrado
INFO 2026-04-21 14:54:29,375 [gestion.signals] Evento de auditoría registrado
INFO 2026-04-21 14:54:29,375 [gestion.signals] Evento de auditoría registrado
INFO 2026-04-21 14:54:29,376 [gestion.signals] Evento de auditoría registrado
INFO 2026-04-21 14:54:29,378 [gestion.signals] Evento de auditoría registrado
INFO 2026-04-21 14:54:29,380 [gestion.signals] Evento de auditoría registrado
INFO 2026-04-21 14:54:29,382 [gestion.signals] Evento de auditoría registrado
INFO 2026-04-21 14:54:29,385 [gestion.signals] Evento de auditoría registrado
INFO 2026-04-21 14:54:29,386 [gestion.signals] Evento de auditoría registrado
INFO 2026-04-21 14:54:29,386 [gestion.signals] Evento de auditoría registrado
INFO 2026-04-21 14:54:29,388 [gestion.signals] Evento de auditoría registrado
INFO 2026-04-21 14:54:29,393 [gestion.signals] Evento de auditoría registrado
INFO 2026-04-21 14:54:29,395 [gestion.signals] Evento de auditoría registrado
INFO 2026-04-21 14:54:29,397 [gestion.signals] Evento de auditoría registrado
INFO 2026-04-21 14:54:29,399 [gestion.signals] Evento de auditoría registrado
INFO 2026-04-21 14:54:29,400 [gestion.signals] Evento de auditoría registrado
INFO 2026-04-21 14:54:29,402 [gestion.signals] Evento de auditoría registrado
INFO 2026-04-21 14:54:29,406 [gestion.signals] Evento de auditoría registrado
INFO 2026-04-21 14:54:29,408 [gestion.signals] Evento de auditoría registrado
INFO 2026-04-21 14:54:29,409 [gestion.signals] Evento de auditoría registrado
INFO 2026-04-21 14:54:29,410 [gestion.middleware] POST /api/ordenes-produccion/1/registrar-lote/ 201
.INFO 2026-04-21 14:54:29,411 [gestion.signals] Evento de auditoría registrado
INFO 2026-04-21 14:54:29,411 [gestion.signals] Evento de auditoría registrado
INFO 2026-04-21 14:54:29,547 [gestion.signals] Evento de auditoría registrado
INFO 2026-04-21 14:54:29,671 [gestion.signals] Evento de auditoría registrado
INFO 2026-04-21 14:54:29,794 [gestion.signals] Evento de auditoría registrado
INFO 2026-04-21 14:54:29,918 [gestion.signals] Evento de auditoría registrado
INFO 2026-04-21 14:54:30,042 [gestion.signals] Evento de auditoría registrado
INFO 2026-04-21 14:54:30,164 [gestion.signals] Evento de auditoría registrado
INFO 2026-04-21 14:54:30,287 [gestion.signals] Evento de auditoría registrado
INFO 2026-04-21 14:54:30,288 [gestion.signals] Evento de auditoría registrado
INFO 2026-04-21 14:54:30,288 [gestion.signals] Evento de auditoría registrado
INFO 2026-04-21 14:54:30,288 [gestion.signals] Evento de auditoría registrado
INFO 2026-04-21 14:54:30,289 [gestion.signals] Evento de auditoría registrado
INFO 2026-04-21 14:54:30,290 [gestion.signals] Evento de auditoría registrado
INFO 2026-04-21 14:54:30,293 [gestion.signals] Evento de auditoría registrado
INFO 2026-04-21 14:54:30,295 [gestion.signals] Evento de auditoría registrado
INFO 2026-04-21 14:54:30,297 [gestion.signals] Evento de auditoría registrado
INFO 2026-04-21 14:54:30,300 [gestion.signals] Evento de auditoría registrado
INFO 2026-04-21 14:54:30,424 [gestion.signals] Evento de auditoría registrado
INFO 2026-04-21 14:54:30,425 [gestion.signals] Evento de auditoría registrado
INFO 2026-04-21 14:54:30,428 [gestion.middleware] GET /api/ordenes-produccion/ 200
.INFO 2026-04-21 14:54:30,429 [gestion.signals] Evento de auditoría registrado
INFO 2026-04-21 14:54:30,429 [gestion.signals] Evento de auditoría registrado
INFO 2026-04-21 14:54:30,565 [gestion.signals] Evento de auditoría registrado
INFO 2026-04-21 14:54:30,685 [gestion.signals] Evento de auditoría registrado
INFO 2026-04-21 14:54:30,810 [gestion.signals] Evento de auditoría registrado
INFO 2026-04-21 14:54:30,936 [gestion.signals] Evento de auditoría registrado
INFO 2026-04-21 14:54:31,061 [gestion.signals] Evento de auditoría registrado
INFO 2026-04-21 14:54:31,184 [gestion.signals] Evento de auditoría registrado
INFO 2026-04-21 14:54:31,307 [gestion.signals] Evento de auditoría registrado
INFO 2026-04-21 14:54:31,308 [gestion.signals] Evento de auditoría registrado
INFO 2026-04-21 14:54:31,309 [gestion.signals] Evento de auditoría registrado
INFO 2026-04-21 14:54:31,309 [gestion.signals] Evento de auditoría registrado
INFO 2026-04-21 14:54:31,310 [gestion.signals] Evento de auditoría registrado
INFO 2026-04-21 14:54:31,312 [gestion.signals] Evento de auditoría registrado
INFO 2026-04-21 14:54:31,313 [gestion.signals] Evento de auditoría registrado
INFO 2026-04-21 14:54:31,315 [gestion.signals] Evento de auditoría registrado
INFO 2026-04-21 14:54:31,317 [gestion.signals] Evento de auditoría registrado
INFO 2026-04-21 14:54:31,321 [gestion.signals] Evento de auditoría registrado
INFO 2026-04-21 14:54:31,323 [gestion.signals] Evento de auditoría registrado
INFO 2026-04-21 14:54:31,325 [gestion.middleware] GET /api/inventory/retro-kardex/ 200
.INFO 2026-04-21 14:54:31,326 [gestion.signals] Evento de auditoría registrado
INFO 2026-04-21 14:54:31,327 [gestion.signals] Evento de auditoría registrado
INFO 2026-04-21 14:54:31,461 [gestion.signals] Evento de auditoría registrado
INFO 2026-04-21 14:54:31,583 [gestion.signals] Evento de auditoría registrado
INFO 2026-04-21 14:54:31,706 [gestion.signals] Evento de auditoría registrado
INFO 2026-04-21 14:54:31,828 [gestion.signals] Evento de auditoría registrado
INFO 2026-04-21 14:54:31,952 [gestion.signals] Evento de auditoría registrado
INFO 2026-04-21 14:54:32,076 [gestion.signals] Evento de auditoría registrado
INFO 2026-04-21 14:54:32,198 [gestion.signals] Evento de auditoría registrado
INFO 2026-04-21 14:54:32,199 [gestion.signals] Evento de auditoría registrado
INFO 2026-04-21 14:54:32,200 [gestion.signals] Evento de auditoría registrado
INFO 2026-04-21 14:54:32,200 [gestion.signals] Evento de auditoría registrado
INFO 2026-04-21 14:54:32,200 [gestion.signals] Evento de auditoría registrado
INFO 2026-04-21 14:54:32,201 [gestion.signals] Evento de auditoría registrado
INFO 2026-04-21 14:54:32,203 [gestion.signals] Evento de auditoría registrado
INFO 2026-04-21 14:54:32,205 [gestion.signals] Evento de auditoría registrado
INFO 2026-04-21 14:54:32,206 [gestion.signals] Evento de auditoría registrado
INFO 2026-04-21 14:54:32,210 [gestion.signals] Evento de auditoría registrado
INFO 2026-04-21 14:54:32,213 [gestion.signals] Evento de auditoría registrado
INFO 2026-04-21 14:54:32,215 [gestion.signals] Evento de auditoría registrado
.INFO 2026-04-21 14:54:32,216 [gestion.signals] Evento de auditoría registrado
INFO 2026-04-21 14:54:32,216 [gestion.signals] Evento de auditoría registrado
INFO 2026-04-21 14:54:32,351 [gestion.signals] Evento de auditoría registrado
INFO 2026-04-21 14:54:32,473 [gestion.signals] Evento de auditoría registrado
INFO 2026-04-21 14:54:32,597 [gestion.signals] Evento de auditoría registrado
INFO 2026-04-21 14:54:32,719 [gestion.signals] Evento de auditoría registrado
INFO 2026-04-21 14:54:32,842 [gestion.signals] Evento de auditoría registrado
INFO 2026-04-21 14:54:32,969 [gestion.signals] Evento de auditoría registrado
INFO 2026-04-21 14:54:33,093 [gestion.signals] Evento de auditoría registrado
INFO 2026-04-21 14:54:33,095 [gestion.signals] Evento de auditoría registrado
INFO 2026-04-21 14:54:33,096 [gestion.signals] Evento de auditoría registrado
INFO 2026-04-21 14:54:33,096 [gestion.signals] Evento de auditoría registrado
INFO 2026-04-21 14:54:33,096 [gestion.signals] Evento de auditoría registrado
INFO 2026-04-21 14:54:33,097 [gestion.signals] Evento de auditoría registrado
INFO 2026-04-21 14:54:33,099 [gestion.signals] Evento de auditoría registrado
INFO 2026-04-21 14:54:33,101 [gestion.signals] Evento de auditoría registrado
INFO 2026-04-21 14:54:33,103 [gestion.signals] Evento de auditoría registrado
INFO 2026-04-21 14:54:33,106 [gestion.signals] Evento de auditoría registrado
INFO 2026-04-21 14:54:33,113 [gestion.signals] Evento de auditoría registrado
INFO 2026-04-21 14:54:33,115 [gestion.middleware] POST /api/clientes/ 201
.INFO 2026-04-21 14:54:33,118 [gestion.signals] Evento de auditoría registrado
INFO 2026-04-21 14:54:33,118 [gestion.signals] Evento de auditoría registrado
INFO 2026-04-21 14:54:33,253 [gestion.signals] Evento de auditoría registrado
INFO 2026-04-21 14:54:33,374 [gestion.signals] Evento de auditoría registrado
INFO 2026-04-21 14:54:33,497 [gestion.signals] Evento de auditoría registrado
INFO 2026-04-21 14:54:33,620 [gestion.signals] Evento de auditoría registrado
INFO 2026-04-21 14:54:33,742 [gestion.signals] Evento de auditoría registrado
INFO 2026-04-21 14:54:33,864 [gestion.signals] Evento de auditoría registrado
INFO 2026-04-21 14:54:33,987 [gestion.signals] Evento de auditoría registrado
INFO 2026-04-21 14:54:33,988 [gestion.signals] Evento de auditoría registrado
INFO 2026-04-21 14:54:33,989 [gestion.signals] Evento de auditoría registrado
INFO 2026-04-21 14:54:33,990 [gestion.signals] Evento de auditoría registrado
INFO 2026-04-21 14:54:33,991 [gestion.signals] Evento de auditoría registrado
INFO 2026-04-21 14:54:33,997 [gestion.signals] Evento de auditoría registrado
INFO 2026-04-21 14:54:33,998 [gestion.signals] Evento de auditoría registrado
INFO 2026-04-21 14:54:34,000 [gestion.signals] Evento de auditoría registrado
INFO 2026-04-21 14:54:34,002 [gestion.signals] Evento de auditoría registrado
INFO 2026-04-21 14:54:34,007 [gestion.signals] Evento de auditoría registrado
INFO 2026-04-21 14:54:34,011 [gestion.signals] Evento de auditoría registrado
/usr/local/lib/python3.12/site-packages/rest_framework/pagination.py:207: UnorderedObjectListWarning: Pagination may yield inconsistent results with an unordered object_list: <class 'gestion.models.Cliente'> QuerySet.
  paginator = self.django_paginator_class(queryset, page_size)
INFO 2026-04-21 14:54:34,019 [gestion.middleware] GET /api/clientes/ 200
FINFO 2026-04-21 14:54:34,021 [gestion.signals] Evento de auditoría registrado
INFO 2026-04-21 14:54:34,021 [gestion.signals] Evento de auditoría registrado
INFO 2026-04-21 14:54:34,163 [gestion.signals] Evento de auditoría registrado
INFO 2026-04-21 14:54:34,284 [gestion.signals] Evento de auditoría registrado
INFO 2026-04-21 14:54:34,407 [gestion.signals] Evento de auditoría registrado
INFO 2026-04-21 14:54:34,530 [gestion.signals] Evento de auditoría registrado
INFO 2026-04-21 14:54:34,653 [gestion.signals] Evento de auditoría registrado
INFO 2026-04-21 14:54:34,776 [gestion.signals] Evento de auditoría registrado
INFO 2026-04-21 14:54:34,899 [gestion.signals] Evento de auditoría registrado
INFO 2026-04-21 14:54:34,900 [gestion.signals] Evento de auditoría registrado
INFO 2026-04-21 14:54:34,901 [gestion.signals] Evento de auditoría registrado
INFO 2026-04-21 14:54:34,902 [gestion.signals] Evento de auditoría registrado
INFO 2026-04-21 14:54:34,902 [gestion.signals] Evento de auditoría registrado
INFO 2026-04-21 14:54:34,903 [gestion.signals] Evento de auditoría registrado
INFO 2026-04-21 14:54:34,905 [gestion.signals] Evento de auditoría registrado
INFO 2026-04-21 14:54:34,906 [gestion.signals] Evento de auditoría registrado
INFO 2026-04-21 14:54:34,908 [gestion.signals] Evento de auditoría registrado
INFO 2026-04-21 14:54:34,911 [gestion.signals] Evento de auditoría registrado
INFO 2026-04-21 14:54:34,912 [gestion.signals] Evento de auditoría registrado
INFO 2026-04-21 14:54:34,913 [gestion.signals] Evento de auditoría registrado
INFO 2026-04-21 14:54:34,916 [gestion.middleware] GET /api/pedidos-venta/ 200
.INFO 2026-04-21 14:54:34,917 [gestion.signals] Evento de auditoría registrado
INFO 2026-04-21 14:54:34,918 [gestion.signals] Evento de auditoría registrado
INFO 2026-04-21 14:54:35,053 [gestion.signals] Evento de auditoría registrado
INFO 2026-04-21 14:54:35,176 [gestion.signals] Evento de auditoría registrado
INFO 2026-04-21 14:54:35,298 [gestion.signals] Evento de auditoría registrado
INFO 2026-04-21 14:54:35,420 [gestion.signals] Evento de auditoría registrado
INFO 2026-04-21 14:54:35,543 [gestion.signals] Evento de auditoría registrado
INFO 2026-04-21 14:54:35,664 [gestion.signals] Evento de auditoría registrado
INFO 2026-04-21 14:54:35,788 [gestion.signals] Evento de auditoría registrado
INFO 2026-04-21 14:54:35,788 [gestion.signals] Evento de auditoría registrado
INFO 2026-04-21 14:54:35,789 [gestion.signals] Evento de auditoría registrado
INFO 2026-04-21 14:54:35,790 [gestion.signals] Evento de auditoría registrado
INFO 2026-04-21 14:54:35,790 [gestion.signals] Evento de auditoría registrado
INFO 2026-04-21 14:54:35,792 [gestion.signals] Evento de auditoría registrado
INFO 2026-04-21 14:54:35,793 [gestion.signals] Evento de auditoría registrado
INFO 2026-04-21 14:54:35,795 [gestion.signals] Evento de auditoría registrado
INFO 2026-04-21 14:54:35,797 [gestion.signals] Evento de auditoría registrado
INFO 2026-04-21 14:54:35,801 [gestion.signals] Evento de auditoría registrado
INFO 2026-04-21 14:54:35,802 [gestion.middleware] POST /api/ordenes-produccion/ 403
.INFO 2026-04-21 14:54:35,803 [gestion.signals] Evento de auditoría registrado
INFO 2026-04-21 14:54:35,804 [gestion.signals] Evento de auditoría registrado
INFO 2026-04-21 14:54:35,938 [gestion.signals] Evento de auditoría registrado
INFO 2026-04-21 14:54:36,062 [gestion.signals] Evento de auditoría registrado
INFO 2026-04-21 14:54:36,185 [gestion.signals] Evento de auditoría registrado
INFO 2026-04-21 14:54:36,307 [gestion.signals] Evento de auditoría registrado
INFO 2026-04-21 14:54:36,429 [gestion.signals] Evento de auditoría registrado
INFO 2026-04-21 14:54:36,552 [gestion.signals] Evento de auditoría registrado
INFO 2026-04-21 14:54:36,675 [gestion.signals] Evento de auditoría registrado
INFO 2026-04-21 14:54:36,676 [gestion.signals] Evento de auditoría registrado
INFO 2026-04-21 14:54:36,677 [gestion.signals] Evento de auditoría registrado
INFO 2026-04-21 14:54:36,678 [gestion.signals] Evento de auditoría registrado
INFO 2026-04-21 14:54:36,678 [gestion.signals] Evento de auditoría registrado
INFO 2026-04-21 14:54:36,679 [gestion.signals] Evento de auditoría registrado
INFO 2026-04-21 14:54:36,681 [gestion.signals] Evento de auditoría registrado
INFO 2026-04-21 14:54:36,683 [gestion.signals] Evento de auditoría registrado
INFO 2026-04-21 14:54:36,685 [gestion.signals] Evento de auditoría registrado
INFO 2026-04-21 14:54:36,689 [gestion.signals] Evento de auditoría registrado
INFO 2026-04-21 14:54:36,689 [gestion.signals] Evento de auditoría registrado
/usr/local/lib/python3.12/site-packages/rest_framework/fields.py:992: UserWarning: min_value should be an integer or Decimal instance.
  warnings.warn("min_value should be an integer or Decimal instance.")
INFO 2026-04-21 14:54:36,694 [gestion.signals] Evento de auditoría registrado
INFO 2026-04-21 14:54:36,696 [gestion.signals] Evento de auditoría registrado
INFO 2026-04-21 14:54:36,698 [gestion.signals] Evento de auditoría registrado
INFO 2026-04-21 14:54:36,700 [gestion.signals] Evento de auditoría registrado
INFO 2026-04-21 14:54:36,700 [gestion.middleware] POST /api/inventory/transferencias/ 200
.INFO 2026-04-21 14:54:36,704 [gestion.signals] Evento de auditoría registrado
INFO 2026-04-21 14:54:36,704 [gestion.signals] Evento de auditoría registrado
INFO 2026-04-21 14:54:36,705 [gestion.signals] Evento de auditoría registrado
INFO 2026-04-21 14:54:36,827 [gestion.signals] Evento de auditoría registrado
INFO 2026-04-21 14:54:36,949 [gestion.signals] Evento de auditoría registrado
INFO 2026-04-21 14:54:36,950 [gestion.signals] Evento de auditoría registrado
INFO 2026-04-21 14:54:36,950 [gestion.signals] Evento de auditoría registrado
INFO 2026-04-21 14:54:36,951 [gestion.signals] Evento de auditoría registrado
INFO 2026-04-21 14:54:36,952 [gestion.signals] Evento de auditoría registrado
INFO 2026-04-21 14:54:36,953 [gestion.signals] Evento de auditoría registrado
INFO 2026-04-21 14:54:36,953 [gestion.signals] Evento de auditoría registrado
ERROR 2026-04-21 14:54:36,954 [gestion.exceptions] Excepción no manejada en vista
Traceback (most recent call last):
  File "/usr/local/lib/python3.12/site-packages/rest_framework/views.py", line 512, in dispatch
    response = handler(request, *args, **kwargs)
               ^^^^^^^^^^^^^^^^^^^^^^^^^^^^^^^^^
  File "/app/gestion/views.py", line 116, in reporte_eficiencia
    filter=models.Q(loteproduccion__hora_final__date=hoy),
           ^^^^^^
NameError: name 'models' is not defined
INFO 2026-04-21 14:54:36,957 [gestion.middleware] GET /areas/1/reporte-eficiencia/ 500
ERROR 2026-04-21 14:54:36,957 [django.request] Internal Server Error: /areas/1/reporte-eficiencia/
FINFO 2026-04-21 14:54:36,959 [gestion.signals] Evento de auditoría registrado
INFO 2026-04-21 14:54:36,959 [gestion.signals] Evento de auditoría registrado
INFO 2026-04-21 14:54:36,960 [gestion.signals] Evento de auditoría registrado
INFO 2026-04-21 14:54:37,083 [gestion.signals] Evento de auditoría registrado
INFO 2026-04-21 14:54:37,206 [gestion.signals] Evento de auditoría registrado
INFO 2026-04-21 14:54:37,207 [gestion.signals] Evento de auditoría registrado
INFO 2026-04-21 14:54:37,207 [gestion.signals] Evento de auditoría registrado
INFO 2026-04-21 14:54:37,208 [gestion.signals] Evento de auditoría registrado
INFO 2026-04-21 14:54:37,209 [gestion.signals] Evento de auditoría registrado
INFO 2026-04-21 14:54:37,209 [gestion.signals] Evento de auditoría registrado
INFO 2026-04-21 14:54:37,210 [gestion.signals] Evento de auditoría registrado
/usr/local/lib/python3.12/site-packages/rest_framework/pagination.py:207: UnorderedObjectListWarning: Pagination may yield inconsistent results with an unordered object_list: <class 'gestion.models.Maquina'> QuerySet.
  paginator = self.django_paginator_class(queryset, page_size)
INFO 2026-04-21 14:54:37,214 [gestion.middleware] GET /maquinas/ 200
FINFO 2026-04-21 14:54:37,215 [gestion.signals] Evento de auditoría registrado
INFO 2026-04-21 14:54:37,216 [gestion.signals] Evento de auditoría registrado
INFO 2026-04-21 14:54:37,216 [gestion.signals] Evento de auditoría registrado
INFO 2026-04-21 14:54:37,338 [gestion.signals] Evento de auditoría registrado
INFO 2026-04-21 14:54:37,462 [gestion.signals] Evento de auditoría registrado
INFO 2026-04-21 14:54:37,463 [gestion.signals] Evento de auditoría registrado
INFO 2026-04-21 14:54:37,463 [gestion.signals] Evento de auditoría registrado
INFO 2026-04-21 14:54:37,464 [gestion.signals] Evento de auditoría registrado
INFO 2026-04-21 14:54:37,465 [gestion.signals] Evento de auditoría registrado
INFO 2026-04-21 14:54:37,465 [gestion.signals] Evento de auditoría registrado
INFO 2026-04-21 14:54:37,466 [gestion.signals] Evento de auditoría registrado
INFO 2026-04-21 14:54:37,472 [gestion.middleware] GET /users/2/desempeno/ 200
.INFO 2026-04-21 14:54:37,597 [gestion.signals] Evento de auditoría registrado
INFO 2026-04-21 14:54:37,597 [gestion.signals] Evento de auditoría registrado
INFO 2026-04-21 14:54:37,598 [gestion.signals] Evento de auditoría registrado
INFO 2026-04-21 14:54:37,598 [gestion.signals] Evento de auditoría registrado
INFO 2026-04-21 14:54:37,598 [gestion.signals] Evento de auditoría registrado
EINFO 2026-04-21 14:54:37,723 [gestion.signals] Evento de auditoría registrado
INFO 2026-04-21 14:54:37,724 [gestion.signals] Evento de auditoría registrado
INFO 2026-04-21 14:54:37,724 [gestion.signals] Evento de auditoría registrado
INFO 2026-04-21 14:54:37,725 [gestion.signals] Evento de auditoría registrado
INFO 2026-04-21 14:54:37,728 [gestion.signals] Evento de auditoría registrado
INFO 2026-04-21 14:54:37,729 [gestion.signals] Evento de auditoría registrado
INFO 2026-04-21 14:54:37,730 [gestion.signals] Evento de auditoría registrado
INFO 2026-04-21 14:54:37,730 [gestion.signals] Evento de auditoría registrado
INFO 2026-04-21 14:54:37,731 [gestion.signals] Evento de auditoría registrado
INFO 2026-04-21 14:54:37,731 [gestion.signals] Evento de auditoría registrado
INFO 2026-04-21 14:54:37,735 [gestion.middleware] GET /api/inventory/historial-despachos/ 200
.INFO 2026-04-21 14:54:37,858 [gestion.signals] Evento de auditoría registrado
INFO 2026-04-21 14:54:37,859 [gestion.signals] Evento de auditoría registrado
INFO 2026-04-21 14:54:37,860 [gestion.signals] Evento de auditoría registrado
INFO 2026-04-21 14:54:37,860 [gestion.signals] Evento de auditoría registrado
INFO 2026-04-21 14:54:37,864 [gestion.signals] Evento de auditoría registrado
INFO 2026-04-21 14:54:37,865 [gestion.signals] Evento de auditoría registrado
INFO 2026-04-21 14:54:37,866 [gestion.signals] Evento de auditoría registrado
INFO 2026-04-21 14:54:37,866 [gestion.signals] Evento de auditoría registrado
INFO 2026-04-21 14:54:37,867 [gestion.middleware] GET /api/inventory/historial-despachos/ 401
.INFO 2026-04-21 14:54:37,990 [gestion.signals] Evento de auditoría registrado
INFO 2026-04-21 14:54:37,991 [gestion.signals] Evento de auditoría registrado
INFO 2026-04-21 14:54:37,992 [gestion.signals] Evento de auditoría registrado
INFO 2026-04-21 14:54:37,993 [gestion.signals] Evento de auditoría registrado
INFO 2026-04-21 14:54:37,998 [gestion.signals] Evento de auditoría registrado
INFO 2026-04-21 14:54:37,998 [gestion.signals] Evento de auditoría registrado
INFO 2026-04-21 14:54:37,999 [gestion.signals] Evento de auditoría registrado
INFO 2026-04-21 14:54:37,999 [gestion.signals] Evento de auditoría registrado
INFO 2026-04-21 14:54:37,999 [gestion.signals] Evento de auditoría registrado
.INFO 2026-04-21 14:54:38,129 [gestion.signals] Evento de auditoría registrado
INFO 2026-04-21 14:54:38,130 [gestion.signals] Evento de auditoría registrado
INFO 2026-04-21 14:54:38,131 [gestion.signals] Evento de auditoría registrado
INFO 2026-04-21 14:54:38,131 [gestion.signals] Evento de auditoría registrado
INFO 2026-04-21 14:54:38,132 [gestion.signals] Evento de auditoría registrado
INFO 2026-04-21 14:54:38,132 [gestion.signals] Evento de auditoría registrado
INFO 2026-04-21 14:54:38,134 [gestion.signals] Evento de auditoría registrado
INFO 2026-04-21 14:54:38,136 [gestion.signals] Evento de auditoría registrado
INFO 2026-04-21 14:54:38,138 [gestion.signals] Evento de auditoría registrado
INFO 2026-04-21 14:54:38,140 [gestion.signals] Evento de auditoría registrado
INFO 2026-04-21 14:54:38,145 [gestion.middleware] GET /api/inventory/movimientos/ 200
.INFO 2026-04-21 14:54:38,268 [gestion.signals] Evento de auditoría registrado
INFO 2026-04-21 14:54:38,269 [gestion.signals] Evento de auditoría registrado
INFO 2026-04-21 14:54:38,270 [gestion.signals] Evento de auditoría registrado
INFO 2026-04-21 14:54:38,271 [gestion.signals] Evento de auditoría registrado
INFO 2026-04-21 14:54:38,271 [gestion.signals] Evento de auditoría registrado
INFO 2026-04-21 14:54:38,272 [gestion.signals] Evento de auditoría registrado
INFO 2026-04-21 14:54:38,274 [gestion.signals] Evento de auditoría registrado
INFO 2026-04-21 14:54:38,275 [gestion.signals] Evento de auditoría registrado
INFO 2026-04-21 14:54:38,277 [gestion.signals] Evento de auditoría registrado
INFO 2026-04-21 14:54:38,279 [gestion.signals] Evento de auditoría registrado
INFO 2026-04-21 14:54:38,284 [gestion.middleware] GET /api/inventory/movimientos/ 200
.INFO 2026-04-21 14:54:38,408 [gestion.signals] Evento de auditoría registrado
INFO 2026-04-21 14:54:38,408 [gestion.signals] Evento de auditoría registrado
INFO 2026-04-21 14:54:38,409 [gestion.signals] Evento de auditoría registrado
INFO 2026-04-21 14:54:38,409 [gestion.signals] Evento de auditoría registrado
INFO 2026-04-21 14:54:38,410 [gestion.signals] Evento de auditoría registrado
INFO 2026-04-21 14:54:38,410 [gestion.signals] Evento de auditoría registrado
INFO 2026-04-21 14:54:38,412 [gestion.signals] Evento de auditoría registrado
INFO 2026-04-21 14:54:38,414 [gestion.signals] Evento de auditoría registrado
INFO 2026-04-21 14:54:38,417 [gestion.signals] Evento de auditoría registrado
INFO 2026-04-21 14:54:38,418 [gestion.signals] Evento de auditoría registrado
INFO 2026-04-21 14:54:38,423 [gestion.middleware] GET /api/inventory/movimientos/ 200
.INFO 2026-04-21 14:54:38,548 [gestion.signals] Evento de auditoría registrado
INFO 2026-04-21 14:54:38,549 [gestion.signals] Evento de auditoría registrado
INFO 2026-04-21 14:54:38,549 [gestion.signals] Evento de auditoría registrado
INFO 2026-04-21 14:54:38,550 [gestion.signals] Evento de auditoría registrado
INFO 2026-04-21 14:54:38,550 [gestion.signals] Evento de auditoría registrado
INFO 2026-04-21 14:54:38,550 [gestion.signals] Evento de auditoría registrado
INFO 2026-04-21 14:54:38,552 [gestion.signals] Evento de auditoría registrado
INFO 2026-04-21 14:54:38,554 [gestion.signals] Evento de auditoría registrado
INFO 2026-04-21 14:54:38,556 [gestion.signals] Evento de auditoría registrado
INFO 2026-04-21 14:54:38,558 [gestion.signals] Evento de auditoría registrado
INFO 2026-04-21 14:54:38,562 [gestion.middleware] GET /api/inventory/movimientos/ 200
.INFO 2026-04-21 14:54:38,684 [gestion.signals] Evento de auditoría registrado
INFO 2026-04-21 14:54:38,685 [gestion.signals] Evento de auditoría registrado
INFO 2026-04-21 14:54:38,685 [gestion.signals] Evento de auditoría registrado
INFO 2026-04-21 14:54:38,686 [gestion.signals] Evento de auditoría registrado
INFO 2026-04-21 14:54:38,686 [gestion.signals] Evento de auditoría registrado
INFO 2026-04-21 14:54:38,687 [gestion.signals] Evento de auditoría registrado
INFO 2026-04-21 14:54:38,689 [gestion.signals] Evento de auditoría registrado
INFO 2026-04-21 14:54:38,692 [gestion.signals] Evento de auditoría registrado
INFO 2026-04-21 14:54:38,694 [gestion.signals] Evento de auditoría registrado
INFO 2026-04-21 14:54:38,695 [gestion.signals] Evento de auditoría registrado
INFO 2026-04-21 14:54:38,699 [gestion.middleware] GET /api/inventory/movimientos/ 200
.INFO 2026-04-21 14:54:38,699 [gestion.signals] Evento de auditoría registrado
INFO 2026-04-21 14:54:38,700 [gestion.signals] Evento de auditoría registrado
INFO 2026-04-21 14:54:38,701 [gestion.signals] Evento de auditoría registrado
INFO 2026-04-21 14:54:38,701 [gestion.signals] Evento de auditoría registrado
INFO 2026-04-21 14:54:38,702 [gestion.signals] Evento de auditoría registrado
INFO 2026-04-21 14:54:38,703 [gestion.signals] Evento de auditoría registrado
INFO 2026-04-21 14:54:38,704 [gestion.signals] Evento de auditoría registrado
INFO 2026-04-21 14:54:38,705 [gestion.signals] Evento de auditoría registrado
INFO 2026-04-21 14:54:38,705 [gestion.signals] Evento de auditoría registrado
EINFO 2026-04-21 14:54:38,708 [gestion.signals] Evento de auditoría registrado
INFO 2026-04-21 14:54:38,709 [gestion.signals] Evento de auditoría registrado
INFO 2026-04-21 14:54:38,709 [gestion.signals] Evento de auditoría registrado
INFO 2026-04-21 14:54:38,833 [gestion.signals] Evento de auditoría registrado
INFO 2026-04-21 14:54:38,955 [gestion.signals] Evento de auditoría registrado
INFO 2026-04-21 14:54:38,957 [inventory.reporting_proxy] Proxying report request: path='export/kardex', user='admin_test', params=<QueryDict: {'bodega_id': ['2']}>
INFO 2026-04-21 14:54:38,986 [gestion.middleware] GET /api/reporting/export/kardex 200
.INFO 2026-04-21 14:54:38,988 [gestion.signals] Evento de auditoría registrado
INFO 2026-04-21 14:54:38,988 [gestion.signals] Evento de auditoría registrado
INFO 2026-04-21 14:54:38,988 [gestion.signals] Evento de auditoría registrado
INFO 2026-04-21 14:54:39,113 [gestion.signals] Evento de auditoría registrado
INFO 2026-04-21 14:54:39,237 [gestion.signals] Evento de auditoría registrado
INFO 2026-04-21 14:54:39,238 [inventory.reporting_proxy] Proxying report request: path='export/kardex', user='bodeguero_test', params=<QueryDict: {'bodega_id': ['1']}>
INFO 2026-04-21 14:54:39,244 [gestion.middleware] GET /api/reporting/export/kardex 200
.INFO 2026-04-21 14:54:39,245 [gestion.signals] Evento de auditoría registrado
INFO 2026-04-21 14:54:39,246 [gestion.signals] Evento de auditoría registrado
INFO 2026-04-21 14:54:39,246 [gestion.signals] Evento de auditoría registrado
INFO 2026-04-21 14:54:39,368 [gestion.signals] Evento de auditoría registrado
INFO 2026-04-21 14:54:39,492 [gestion.signals] Evento de auditoría registrado
INFO 2026-04-21 14:54:39,493 [inventory.reporting_proxy] Proxying report request: path='export/kardex', user='bodeguero_test', params=<QueryDict: {'bodega_id': ['2']}>
INFO 2026-04-21 14:54:39,494 [gestion.middleware] GET /api/reporting/export/kardex 403
.INFO 2026-04-21 14:54:39,495 [gestion.signals] Evento de auditoría registrado
INFO 2026-04-21 14:54:39,495 [gestion.signals] Evento de auditoría registrado
INFO 2026-04-21 14:54:39,495 [gestion.signals] Evento de auditoría registrado
INFO 2026-04-21 14:54:39,619 [gestion.signals] Evento de auditoría registrado
INFO 2026-04-21 14:54:39,740 [gestion.signals] Evento de auditoría registrado
INFO 2026-04-21 14:54:39,742 [inventory.reporting_proxy] Proxying report request: path='export/productos', user='bodeguero_test', params=<QueryDict: {}>
INFO 2026-04-21 14:54:39,746 [gestion.middleware] GET /api/reporting/export/productos 200
.INFO 2026-04-21 14:54:39,747 [gestion.signals] Evento de auditoría registrado
INFO 2026-04-21 14:54:39,748 [gestion.signals] Evento de auditoría registrado
INFO 2026-04-21 14:54:39,748 [gestion.signals] Evento de auditoría registrado
INFO 2026-04-21 14:54:39,871 [gestion.signals] Evento de auditoría registrado
INFO 2026-04-21 14:54:39,994 [gestion.signals] Evento de auditoría registrado
INFO 2026-04-21 14:54:39,995 [inventory.reporting_proxy] Proxying report request: path='export/kardex', user='bodeguero_test', params=<QueryDict: {}>
INFO 2026-04-21 14:54:39,996 [gestion.middleware] GET /api/reporting/export/kardex 400
.INFO 2026-04-21 14:54:39,997 [gestion.signals] Evento de auditoría registrado
INFO 2026-04-21 14:54:39,997 [gestion.signals] Evento de auditoría registrado
INFO 2026-04-21 14:54:39,997 [gestion.signals] Evento de auditoría registrado
INFO 2026-04-21 14:54:40,120 [gestion.signals] Evento de auditoría registrado
INFO 2026-04-21 14:54:40,245 [gestion.signals] Evento de auditoría registrado
INFO 2026-04-21 14:54:40,248 [gestion.middleware] GET /api/reporting/export/productos 401
.INFO 2026-04-21 14:54:40,249 [gestion.signals] Evento de auditoría registrado
INFO 2026-04-21 14:54:40,249 [gestion.signals] Evento de auditoría registrado
INFO 2026-04-21 14:54:40,250 [gestion.signals] Evento de auditoría registrado
INFO 2026-04-21 14:54:40,374 [gestion.signals] Evento de auditoría registrado
INFO 2026-04-21 14:54:40,498 [gestion.signals] Evento de auditoría registrado
INFO 2026-04-21 14:54:40,623 [gestion.signals] Evento de auditoría registrado
INFO 2026-04-21 14:54:40,746 [gestion.signals] Evento de auditoría registrado
INFO 2026-04-21 14:54:40,869 [gestion.signals] Evento de auditoría registrado
INFO 2026-04-21 14:54:40,995 [gestion.signals] Evento de auditoría registrado
INFO 2026-04-21 14:54:41,120 [gestion.signals] Evento de auditoría registrado
INFO 2026-04-21 14:54:41,243 [gestion.signals] Evento de auditoría registrado
INFO 2026-04-21 14:54:41,369 [gestion.signals] Evento de auditoría registrado
INFO 2026-04-21 14:54:41,494 [gestion.signals] Evento de auditoría registrado
INFO 2026-04-21 14:54:41,616 [gestion.signals] Evento de auditoría registrado
INFO 2026-04-21 14:54:41,618 [gestion.middleware] GET /api/inventory/historial-despachos/ 200
INFO 2026-04-21 14:54:41,621 [gestion.middleware] GET /api/inventory/historial-despachos/ 200
INFO 2026-04-21 14:54:41,622 [gestion.middleware] GET /api/inventory/historial-despachos/ 403
INFO 2026-04-21 14:54:41,623 [gestion.middleware] GET /api/inventory/historial-despachos/ 403
INFO 2026-04-21 14:54:41,624 [gestion.middleware] GET /api/inventory/historial-despachos/ 200
INFO 2026-04-21 14:54:41,625 [gestion.middleware] GET /api/inventory/historial-despachos/ 403
INFO 2026-04-21 14:54:41,626 [gestion.middleware] GET /api/inventory/historial-despachos/ 403
INFO 2026-04-21 14:54:41,627 [gestion.middleware] GET /api/inventory/historial-despachos/ 403
INFO 2026-04-21 14:54:41,652 [gestion.middleware] GET /api/inventory/historial-despachos/ 403
INFO 2026-04-21 14:54:41,654 [gestion.middleware] GET /api/inventory/historial-despachos/ 200
INFO 2026-04-21 14:54:41,655 [gestion.middleware] GET /api/inventory/historial-despachos/ 403
.INFO 2026-04-21 14:54:41,656 [gestion.signals] Evento de auditoría registrado
INFO 2026-04-21 14:54:41,657 [gestion.signals] Evento de auditoría registrado
INFO 2026-04-21 14:54:41,657 [gestion.signals] Evento de auditoría registrado
INFO 2026-04-21 14:54:41,779 [gestion.signals] Evento de auditoría registrado
INFO 2026-04-21 14:54:41,912 [gestion.signals] Evento de auditoría registrado
INFO 2026-04-21 14:54:42,047 [gestion.signals] Evento de auditoría registrado
INFO 2026-04-21 14:54:42,174 [gestion.signals] Evento de auditoría registrado
INFO 2026-04-21 14:54:42,300 [gestion.signals] Evento de auditoría registrado
INFO 2026-04-21 14:54:42,424 [gestion.signals] Evento de auditoría registrado
INFO 2026-04-21 14:54:42,547 [gestion.signals] Evento de auditoría registrado
INFO 2026-04-21 14:54:42,671 [gestion.signals] Evento de auditoría registrado
INFO 2026-04-21 14:54:42,794 [gestion.signals] Evento de auditoría registrado
INFO 2026-04-21 14:54:42,918 [gestion.signals] Evento de auditoría registrado
INFO 2026-04-21 14:54:43,042 [gestion.signals] Evento de auditoría registrado
INFO 2026-04-21 14:54:43,044 [gestion.middleware] POST /api/inventory/process-despacho/ 400
INFO 2026-04-21 14:54:43,045 [gestion.middleware] POST /api/inventory/process-despacho/ 400
INFO 2026-04-21 14:54:43,046 [gestion.middleware] POST /api/inventory/process-despacho/ 403
INFO 2026-04-21 14:54:43,047 [gestion.middleware] POST /api/inventory/process-despacho/ 403
INFO 2026-04-21 14:54:43,048 [gestion.middleware] POST /api/inventory/process-despacho/ 403
INFO 2026-04-21 14:54:43,049 [gestion.middleware] POST /api/inventory/process-despacho/ 403
INFO 2026-04-21 14:54:43,050 [gestion.middleware] POST /api/inventory/process-despacho/ 403
INFO 2026-04-21 14:54:43,051 [gestion.middleware] POST /api/inventory/process-despacho/ 403
INFO 2026-04-21 14:54:43,052 [gestion.middleware] POST /api/inventory/process-despacho/ 403
INFO 2026-04-21 14:54:43,053 [gestion.middleware] POST /api/inventory/process-despacho/ 400
INFO 2026-04-21 14:54:43,054 [gestion.middleware] POST /api/inventory/process-despacho/ 403
.INFO 2026-04-21 14:54:43,055 [gestion.signals] Evento de auditoría registrado
INFO 2026-04-21 14:54:43,056 [gestion.signals] Evento de auditoría registrado
INFO 2026-04-21 14:54:43,056 [gestion.signals] Evento de auditoría registrado
INFO 2026-04-21 14:54:43,181 [gestion.signals] Evento de auditoría registrado
INFO 2026-04-21 14:54:43,305 [gestion.signals] Evento de auditoría registrado
INFO 2026-04-21 14:54:43,428 [gestion.signals] Evento de auditoría registrado
INFO 2026-04-21 14:54:43,552 [gestion.signals] Evento de auditoría registrado
INFO 2026-04-21 14:54:43,675 [gestion.signals] Evento de auditoría registrado
INFO 2026-04-21 14:54:43,800 [gestion.signals] Evento de auditoría registrado
INFO 2026-04-21 14:54:43,921 [gestion.signals] Evento de auditoría registrado
INFO 2026-04-21 14:54:44,046 [gestion.signals] Evento de auditoría registrado
INFO 2026-04-21 14:54:44,171 [gestion.signals] Evento de auditoría registrado
INFO 2026-04-21 14:54:44,295 [gestion.signals] Evento de auditoría registrado
INFO 2026-04-21 14:54:44,419 [gestion.signals] Evento de auditoría registrado
INFO 2026-04-21 14:54:44,421 [gestion.middleware] GET /api/inventory/stock/ 200
INFO 2026-04-21 14:54:44,423 [gestion.middleware] GET /api/inventory/stock/ 200
INFO 2026-04-21 14:54:44,425 [gestion.middleware] GET /api/inventory/stock/ 200
INFO 2026-04-21 14:54:44,427 [gestion.middleware] GET /api/inventory/stock/ 200
INFO 2026-04-21 14:54:44,428 [gestion.middleware] GET /api/inventory/stock/ 200
INFO 2026-04-21 14:54:44,430 [gestion.middleware] GET /api/inventory/stock/ 200
INFO 2026-04-21 14:54:44,432 [gestion.middleware] GET /api/inventory/stock/ 200
INFO 2026-04-21 14:54:44,433 [gestion.middleware] GET /api/inventory/stock/ 403
INFO 2026-04-21 14:54:44,435 [gestion.middleware] GET /api/inventory/stock/ 200
INFO 2026-04-21 14:54:44,437 [gestion.middleware] GET /api/inventory/stock/ 200
INFO 2026-04-21 14:54:44,439 [gestion.middleware] GET /api/inventory/stock/ 200
.INFO 2026-04-21 14:54:44,440 [gestion.signals] Evento de auditoría registrado
INFO 2026-04-21 14:54:44,441 [gestion.signals] Evento de auditoría registrado
INFO 2026-04-21 14:54:44,441 [gestion.signals] Evento de auditoría registrado
INFO 2026-04-21 14:54:44,565 [gestion.signals] Evento de auditoría registrado
INFO 2026-04-21 14:54:44,690 [gestion.signals] Evento de auditoría registrado
INFO 2026-04-21 14:54:44,813 [gestion.signals] Evento de auditoría registrado
INFO 2026-04-21 14:54:44,937 [gestion.signals] Evento de auditoría registrado
INFO 2026-04-21 14:54:45,061 [gestion.signals] Evento de auditoría registrado
INFO 2026-04-21 14:54:45,185 [gestion.signals] Evento de auditoría registrado
INFO 2026-04-21 14:54:45,310 [gestion.signals] Evento de auditoría registrado
INFO 2026-04-21 14:54:45,433 [gestion.signals] Evento de auditoría registrado
INFO 2026-04-21 14:54:45,559 [gestion.signals] Evento de auditoría registrado
INFO 2026-04-21 14:54:45,683 [gestion.signals] Evento de auditoría registrado
INFO 2026-04-21 14:54:45,807 [gestion.signals] Evento de auditoría registrado
INFO 2026-04-21 14:54:45,810 [gestion.middleware] GET /api/inventory/historial-despachos/ 401
INFO 2026-04-21 14:54:45,811 [gestion.middleware] GET /api/inventory/stock/ 401
INFO 2026-04-21 14:54:45,812 [gestion.middleware] POST /api/inventory/process-despacho/ 401
..........
======================================================================
ERROR: test_pd (unittest.loader._FailedTest.test_pd)
----------------------------------------------------------------------
ImportError: Failed to import test module: test_pd
Traceback (most recent call last):
  File "/usr/local/lib/python3.12/unittest/loader.py", line 396, in _find_test_path
    module = self._get_module_from_name(name)
             ^^^^^^^^^^^^^^^^^^^^^^^^^^^^^^^^
  File "/usr/local/lib/python3.12/unittest/loader.py", line 339, in _get_module_from_name
    __import__(name)
  File "/app/test_pd.py", line 1, in <module>
    import pandas as pd
ModuleNotFoundError: No module named 'pandas'


======================================================================
ERROR: test_admin_filters_by_sede (gestion.test_sede_filtering.SedeFilteringTestCase.test_admin_filters_by_sede)
Admin should be able to see all but also filter by sede_id.
----------------------------------------------------------------------
Traceback (most recent call last):
  File "/app/gestion/test_sede_filtering.py", line 28, in setUp
    self.c1 = Cliente.objects.create(ruc_cedula="1", nombre_razon_social="C1 S1", vendedor_asignado=self.v1_s1, sede=self.sede1)
              ^^^^^^^^^^^^^^^^^^^^^^^^^^^^^^^^^^^^^^^^^^^^^^^^^^^^^^^^^^^^^^^^^^^^^^^^^^^^^^^^^^^^^^^^^^^^^^^^^^^^^^^^^^^^^^^^^^
  File "/usr/local/lib/python3.12/site-packages/django/db/models/manager.py", line 87, in manager_method
    return getattr(self.get_queryset(), name)(*args, **kwargs)
           ^^^^^^^^^^^^^^^^^^^^^^^^^^^^^^^^^^^^^^^^^^^^^^^^^^^
  File "/usr/local/lib/python3.12/site-packages/django/db/models/query.py", line 663, in create
    obj.save(force_insert=True, using=self.db)
  File "/app/gestion/models.py", line 175, in save
    self.full_clean()
  File "/usr/local/lib/python3.12/site-packages/django/db/models/base.py", line 1679, in full_clean
    raise ValidationError(errors)
django.core.exceptions.ValidationError: {'direccion_envio': ['This field cannot be blank.'], 'nivel_precio': ['This field cannot be blank.']}

======================================================================
ERROR: test_salesman_restricted_and_can_filter_further (gestion.test_sede_filtering.SedeFilteringTestCase.test_salesman_restricted_and_can_filter_further)
Salesman is restricted to their assigned clients, and can filter by sede (though usually they only have one sede).
----------------------------------------------------------------------
Traceback (most recent call last):
  File "/app/gestion/test_sede_filtering.py", line 28, in setUp
    self.c1 = Cliente.objects.create(ruc_cedula="1", nombre_razon_social="C1 S1", vendedor_asignado=self.v1_s1, sede=self.sede1)
              ^^^^^^^^^^^^^^^^^^^^^^^^^^^^^^^^^^^^^^^^^^^^^^^^^^^^^^^^^^^^^^^^^^^^^^^^^^^^^^^^^^^^^^^^^^^^^^^^^^^^^^^^^^^^^^^^^^
  File "/usr/local/lib/python3.12/site-packages/django/db/models/manager.py", line 87, in manager_method
    return getattr(self.get_queryset(), name)(*args, **kwargs)
           ^^^^^^^^^^^^^^^^^^^^^^^^^^^^^^^^^^^^^^^^^^^^^^^^^^^
  File "/usr/local/lib/python3.12/site-packages/django/db/models/query.py", line 663, in create
    obj.save(force_insert=True, using=self.db)
  File "/app/gestion/models.py", line 175, in save
    self.full_clean()
  File "/usr/local/lib/python3.12/site-packages/django/db/models/base.py", line 1679, in full_clean
    raise ValidationError(errors)
django.core.exceptions.ValidationError: {'direccion_envio': ['This field cannot be blank.'], 'nivel_precio': ['This field cannot be blank.']}

======================================================================
ERROR: test_orden_dado_datos_validos_cuando_crear_entonces_codigo_es_unico (gestion.tests.test_orden_produccion_estados.TestOrdenProduccionCreacion.test_orden_dado_datos_validos_cuando_crear_entonces_codigo_es_unico)
----------------------------------------------------------------------
Traceback (most recent call last):
  File "/usr/local/lib/python3.12/site-packages/django/db/backends/utils.py", line 105, in _execute
    return self.cursor.execute(sql, params)
           ^^^^^^^^^^^^^^^^^^^^^^^^^^^^^^^^
  File "/usr/local/lib/python3.12/site-packages/django/db/backends/sqlite3/base.py", line 360, in execute
    return super().execute(query, params)
           ^^^^^^^^^^^^^^^^^^^^^^^^^^^^^^
sqlite3.IntegrityError: NOT NULL constraint failed: gestion_ordenproduccion.peso_neto_requerido

The above exception was the direct cause of the following exception:

Traceback (most recent call last):
  File "/app/gestion/tests/test_orden_produccion_estados.py", line 53, in test_orden_dado_datos_validos_cuando_crear_entonces_codigo_es_unico
    orden1 = OrdenProduccionFactory()
             ^^^^^^^^^^^^^^^^^^^^^^^^
  File "/usr/local/lib/python3.12/site-packages/factory/base.py", line 43, in __call__
    return cls.create(**kwargs)
           ^^^^^^^^^^^^^^^^^^^^
  File "/usr/local/lib/python3.12/site-packages/factory/base.py", line 539, in create
    return cls._generate(enums.CREATE_STRATEGY, kwargs)
           ^^^^^^^^^^^^^^^^^^^^^^^^^^^^^^^^^^^^^^^^^^^^
  File "/usr/local/lib/python3.12/site-packages/factory/django.py", line 122, in _generate
    return super()._generate(strategy, params)
           ^^^^^^^^^^^^^^^^^^^^^^^^^^^^^^^^^^^
  File "/usr/local/lib/python3.12/site-packages/factory/base.py", line 468, in _generate
    return step.build()
           ^^^^^^^^^^^^
  File "/usr/local/lib/python3.12/site-packages/factory/builder.py", line 274, in build
    instance = self.factory_meta.instantiate(
               ^^^^^^^^^^^^^^^^^^^^^^^^^^^^^^
  File "/usr/local/lib/python3.12/site-packages/factory/base.py", line 320, in instantiate
    return self.factory._create(model, *args, **kwargs)
           ^^^^^^^^^^^^^^^^^^^^^^^^^^^^^^^^^^^^^^^^^^^^
  File "/usr/local/lib/python3.12/site-packages/factory/django.py", line 175, in _create
    return manager.create(*args, **kwargs)
           ^^^^^^^^^^^^^^^^^^^^^^^^^^^^^^^
  File "/usr/local/lib/python3.12/site-packages/django/db/models/manager.py", line 87, in manager_method
    return getattr(self.get_queryset(), name)(*args, **kwargs)
           ^^^^^^^^^^^^^^^^^^^^^^^^^^^^^^^^^^^^^^^^^^^^^^^^^^^
  File "/usr/local/lib/python3.12/site-packages/django/db/models/query.py", line 663, in create
    obj.save(force_insert=True, using=self.db)
  File "/usr/local/lib/python3.12/site-packages/django/db/models/base.py", line 902, in save
    self.save_base(
  File "/usr/local/lib/python3.12/site-packages/django/db/models/base.py", line 1008, in save_base
    updated = self._save_table(
              ^^^^^^^^^^^^^^^^^
  File "/usr/local/lib/python3.12/site-packages/django/db/models/base.py", line 1169, in _save_table
    results = self._do_insert(
              ^^^^^^^^^^^^^^^^
  File "/usr/local/lib/python3.12/site-packages/django/db/models/base.py", line 1210, in _do_insert
    return manager._insert(
           ^^^^^^^^^^^^^^^^
  File "/usr/local/lib/python3.12/site-packages/django/db/models/manager.py", line 87, in manager_method
    return getattr(self.get_queryset(), name)(*args, **kwargs)
           ^^^^^^^^^^^^^^^^^^^^^^^^^^^^^^^^^^^^^^^^^^^^^^^^^^^
  File "/usr/local/lib/python3.12/site-packages/django/db/models/query.py", line 1868, in _insert
    return query.get_compiler(using=using).execute_sql(returning_fields)
           ^^^^^^^^^^^^^^^^^^^^^^^^^^^^^^^^^^^^^^^^^^^^^^^^^^^^^^^^^^^^^
  File "/usr/local/lib/python3.12/site-packages/django/db/models/sql/compiler.py", line 1882, in execute_sql
    cursor.execute(sql, params)
  File "/usr/local/lib/python3.12/site-packages/django/db/backends/utils.py", line 79, in execute
    return self._execute_with_wrappers(
           ^^^^^^^^^^^^^^^^^^^^^^^^^^^^
  File "/usr/local/lib/python3.12/site-packages/django/db/backends/utils.py", line 92, in _execute_with_wrappers
    return executor(sql, params, many, context)
           ^^^^^^^^^^^^^^^^^^^^^^^^^^^^^^^^^^^^
  File "/usr/local/lib/python3.12/site-packages/django/db/backends/utils.py", line 100, in _execute
    with self.db.wrap_database_errors:
         ^^^^^^^^^^^^^^^^^^^^^^^^^^^^
  File "/usr/local/lib/python3.12/site-packages/django/db/utils.py", line 91, in __exit__
    raise dj_exc_value.with_traceback(traceback) from exc_value
  File "/usr/local/lib/python3.12/site-packages/django/db/backends/utils.py", line 105, in _execute
    return self.cursor.execute(sql, params)
           ^^^^^^^^^^^^^^^^^^^^^^^^^^^^^^^^
  File "/usr/local/lib/python3.12/site-packages/django/db/backends/sqlite3/base.py", line 360, in execute
    return super().execute(query, params)
           ^^^^^^^^^^^^^^^^^^^^^^^^^^^^^^
django.db.utils.IntegrityError: NOT NULL constraint failed: gestion_ordenproduccion.peso_neto_requerido

======================================================================
ERROR: test_orden_dado_estado_inicial_cuando_crear_entonces_es_pendiente_por_defecto (gestion.tests.test_orden_produccion_estados.TestOrdenProduccionCreacion.test_orden_dado_estado_inicial_cuando_crear_entonces_es_pendiente_por_defecto)
----------------------------------------------------------------------
Traceback (most recent call last):
  File "/usr/local/lib/python3.12/site-packages/django/db/backends/utils.py", line 105, in _execute
    return self.cursor.execute(sql, params)
           ^^^^^^^^^^^^^^^^^^^^^^^^^^^^^^^^
  File "/usr/local/lib/python3.12/site-packages/django/db/backends/sqlite3/base.py", line 360, in execute
    return super().execute(query, params)
           ^^^^^^^^^^^^^^^^^^^^^^^^^^^^^^
sqlite3.IntegrityError: NOT NULL constraint failed: gestion_ordenproduccion.peso_neto_requerido

The above exception was the direct cause of the following exception:

Traceback (most recent call last):
  File "/app/gestion/tests/test_orden_produccion_estados.py", line 58, in test_orden_dado_estado_inicial_cuando_crear_entonces_es_pendiente_por_defecto
    orden = OrdenProduccionFactory()
            ^^^^^^^^^^^^^^^^^^^^^^^^
  File "/usr/local/lib/python3.12/site-packages/factory/base.py", line 43, in __call__
    return cls.create(**kwargs)
           ^^^^^^^^^^^^^^^^^^^^
  File "/usr/local/lib/python3.12/site-packages/factory/base.py", line 539, in create
    return cls._generate(enums.CREATE_STRATEGY, kwargs)
           ^^^^^^^^^^^^^^^^^^^^^^^^^^^^^^^^^^^^^^^^^^^^
  File "/usr/local/lib/python3.12/site-packages/factory/django.py", line 122, in _generate
    return super()._generate(strategy, params)
           ^^^^^^^^^^^^^^^^^^^^^^^^^^^^^^^^^^^
  File "/usr/local/lib/python3.12/site-packages/factory/base.py", line 468, in _generate
    return step.build()
           ^^^^^^^^^^^^
  File "/usr/local/lib/python3.12/site-packages/factory/builder.py", line 274, in build
    instance = self.factory_meta.instantiate(
               ^^^^^^^^^^^^^^^^^^^^^^^^^^^^^^
  File "/usr/local/lib/python3.12/site-packages/factory/base.py", line 320, in instantiate
    return self.factory._create(model, *args, **kwargs)
           ^^^^^^^^^^^^^^^^^^^^^^^^^^^^^^^^^^^^^^^^^^^^
  File "/usr/local/lib/python3.12/site-packages/factory/django.py", line 175, in _create
    return manager.create(*args, **kwargs)
           ^^^^^^^^^^^^^^^^^^^^^^^^^^^^^^^
  File "/usr/local/lib/python3.12/site-packages/django/db/models/manager.py", line 87, in manager_method
    return getattr(self.get_queryset(), name)(*args, **kwargs)
           ^^^^^^^^^^^^^^^^^^^^^^^^^^^^^^^^^^^^^^^^^^^^^^^^^^^
  File "/usr/local/lib/python3.12/site-packages/django/db/models/query.py", line 663, in create
    obj.save(force_insert=True, using=self.db)
  File "/usr/local/lib/python3.12/site-packages/django/db/models/base.py", line 902, in save
    self.save_base(
  File "/usr/local/lib/python3.12/site-packages/django/db/models/base.py", line 1008, in save_base
    updated = self._save_table(
              ^^^^^^^^^^^^^^^^^
  File "/usr/local/lib/python3.12/site-packages/django/db/models/base.py", line 1169, in _save_table
    results = self._do_insert(
              ^^^^^^^^^^^^^^^^
  File "/usr/local/lib/python3.12/site-packages/django/db/models/base.py", line 1210, in _do_insert
    return manager._insert(
           ^^^^^^^^^^^^^^^^
  File "/usr/local/lib/python3.12/site-packages/django/db/models/manager.py", line 87, in manager_method
    return getattr(self.get_queryset(), name)(*args, **kwargs)
           ^^^^^^^^^^^^^^^^^^^^^^^^^^^^^^^^^^^^^^^^^^^^^^^^^^^
  File "/usr/local/lib/python3.12/site-packages/django/db/models/query.py", line 1868, in _insert
    return query.get_compiler(using=using).execute_sql(returning_fields)
           ^^^^^^^^^^^^^^^^^^^^^^^^^^^^^^^^^^^^^^^^^^^^^^^^^^^^^^^^^^^^^
  File "/usr/local/lib/python3.12/site-packages/django/db/models/sql/compiler.py", line 1882, in execute_sql
    cursor.execute(sql, params)
  File "/usr/local/lib/python3.12/site-packages/django/db/backends/utils.py", line 79, in execute
    return self._execute_with_wrappers(
           ^^^^^^^^^^^^^^^^^^^^^^^^^^^^
  File "/usr/local/lib/python3.12/site-packages/django/db/backends/utils.py", line 92, in _execute_with_wrappers
    return executor(sql, params, many, context)
           ^^^^^^^^^^^^^^^^^^^^^^^^^^^^^^^^^^^^
  File "/usr/local/lib/python3.12/site-packages/django/db/backends/utils.py", line 100, in _execute
    with self.db.wrap_database_errors:
         ^^^^^^^^^^^^^^^^^^^^^^^^^^^^
  File "/usr/local/lib/python3.12/site-packages/django/db/utils.py", line 91, in __exit__
    raise dj_exc_value.with_traceback(traceback) from exc_value
  File "/usr/local/lib/python3.12/site-packages/django/db/backends/utils.py", line 105, in _execute
    return self.cursor.execute(sql, params)
           ^^^^^^^^^^^^^^^^^^^^^^^^^^^^^^^^
  File "/usr/local/lib/python3.12/site-packages/django/db/backends/sqlite3/base.py", line 360, in execute
    return super().execute(query, params)
           ^^^^^^^^^^^^^^^^^^^^^^^^^^^^^^
django.db.utils.IntegrityError: NOT NULL constraint failed: gestion_ordenproduccion.peso_neto_requerido

======================================================================
ERROR: test_orden_dado_estado_en_proceso_cuando_mover_a_finalizada_entonces_transicion_exitosa (gestion.tests.test_orden_produccion_estados.TestOrdenProduccionTransicionesValidas.test_orden_dado_estado_en_proceso_cuando_mover_a_finalizada_entonces_transicion_exitosa)
----------------------------------------------------------------------
Traceback (most recent call last):
  File "/usr/local/lib/python3.12/site-packages/django/db/backends/utils.py", line 105, in _execute
    return self.cursor.execute(sql, params)
           ^^^^^^^^^^^^^^^^^^^^^^^^^^^^^^^^
  File "/usr/local/lib/python3.12/site-packages/django/db/backends/sqlite3/base.py", line 360, in execute
    return super().execute(query, params)
           ^^^^^^^^^^^^^^^^^^^^^^^^^^^^^^
sqlite3.IntegrityError: NOT NULL constraint failed: gestion_ordenproduccion.peso_neto_requerido

The above exception was the direct cause of the following exception:

Traceback (most recent call last):
  File "/app/gestion/tests/test_orden_produccion_estados.py", line 30, in test_orden_dado_estado_en_proceso_cuando_mover_a_finalizada_entonces_transicion_exitosa
    orden = OrdenProduccionFactory(estado='en_proceso')
            ^^^^^^^^^^^^^^^^^^^^^^^^^^^^^^^^^^^^^^^^^^^
  File "/usr/local/lib/python3.12/site-packages/factory/base.py", line 43, in __call__
    return cls.create(**kwargs)
           ^^^^^^^^^^^^^^^^^^^^
  File "/usr/local/lib/python3.12/site-packages/factory/base.py", line 539, in create
    return cls._generate(enums.CREATE_STRATEGY, kwargs)
           ^^^^^^^^^^^^^^^^^^^^^^^^^^^^^^^^^^^^^^^^^^^^
  File "/usr/local/lib/python3.12/site-packages/factory/django.py", line 122, in _generate
    return super()._generate(strategy, params)
           ^^^^^^^^^^^^^^^^^^^^^^^^^^^^^^^^^^^
  File "/usr/local/lib/python3.12/site-packages/factory/base.py", line 468, in _generate
    return step.build()
           ^^^^^^^^^^^^
  File "/usr/local/lib/python3.12/site-packages/factory/builder.py", line 274, in build
    instance = self.factory_meta.instantiate(
               ^^^^^^^^^^^^^^^^^^^^^^^^^^^^^^
  File "/usr/local/lib/python3.12/site-packages/factory/base.py", line 320, in instantiate
    return self.factory._create(model, *args, **kwargs)
           ^^^^^^^^^^^^^^^^^^^^^^^^^^^^^^^^^^^^^^^^^^^^
  File "/usr/local/lib/python3.12/site-packages/factory/django.py", line 175, in _create
    return manager.create(*args, **kwargs)
           ^^^^^^^^^^^^^^^^^^^^^^^^^^^^^^^
  File "/usr/local/lib/python3.12/site-packages/django/db/models/manager.py", line 87, in manager_method
    return getattr(self.get_queryset(), name)(*args, **kwargs)
           ^^^^^^^^^^^^^^^^^^^^^^^^^^^^^^^^^^^^^^^^^^^^^^^^^^^
  File "/usr/local/lib/python3.12/site-packages/django/db/models/query.py", line 663, in create
    obj.save(force_insert=True, using=self.db)
  File "/usr/local/lib/python3.12/site-packages/django/db/models/base.py", line 902, in save
    self.save_base(
  File "/usr/local/lib/python3.12/site-packages/django/db/models/base.py", line 1008, in save_base
    updated = self._save_table(
              ^^^^^^^^^^^^^^^^^
  File "/usr/local/lib/python3.12/site-packages/django/db/models/base.py", line 1169, in _save_table
    results = self._do_insert(
              ^^^^^^^^^^^^^^^^
  File "/usr/local/lib/python3.12/site-packages/django/db/models/base.py", line 1210, in _do_insert
    return manager._insert(
           ^^^^^^^^^^^^^^^^
  File "/usr/local/lib/python3.12/site-packages/django/db/models/manager.py", line 87, in manager_method
    return getattr(self.get_queryset(), name)(*args, **kwargs)
           ^^^^^^^^^^^^^^^^^^^^^^^^^^^^^^^^^^^^^^^^^^^^^^^^^^^
  File "/usr/local/lib/python3.12/site-packages/django/db/models/query.py", line 1868, in _insert
    return query.get_compiler(using=using).execute_sql(returning_fields)
           ^^^^^^^^^^^^^^^^^^^^^^^^^^^^^^^^^^^^^^^^^^^^^^^^^^^^^^^^^^^^^
  File "/usr/local/lib/python3.12/site-packages/django/db/models/sql/compiler.py", line 1882, in execute_sql
    cursor.execute(sql, params)
  File "/usr/local/lib/python3.12/site-packages/django/db/backends/utils.py", line 79, in execute
    return self._execute_with_wrappers(
           ^^^^^^^^^^^^^^^^^^^^^^^^^^^^
  File "/usr/local/lib/python3.12/site-packages/django/db/backends/utils.py", line 92, in _execute_with_wrappers
    return executor(sql, params, many, context)
           ^^^^^^^^^^^^^^^^^^^^^^^^^^^^^^^^^^^^
  File "/usr/local/lib/python3.12/site-packages/django/db/backends/utils.py", line 100, in _execute
    with self.db.wrap_database_errors:
         ^^^^^^^^^^^^^^^^^^^^^^^^^^^^
  File "/usr/local/lib/python3.12/site-packages/django/db/utils.py", line 91, in __exit__
    raise dj_exc_value.with_traceback(traceback) from exc_value
  File "/usr/local/lib/python3.12/site-packages/django/db/backends/utils.py", line 105, in _execute
    return self.cursor.execute(sql, params)
           ^^^^^^^^^^^^^^^^^^^^^^^^^^^^^^^^
  File "/usr/local/lib/python3.12/site-packages/django/db/backends/sqlite3/base.py", line 360, in execute
    return super().execute(query, params)
           ^^^^^^^^^^^^^^^^^^^^^^^^^^^^^^
django.db.utils.IntegrityError: NOT NULL constraint failed: gestion_ordenproduccion.peso_neto_requerido

======================================================================
ERROR: test_orden_dado_estado_pendiente_cuando_mover_a_en_proceso_entonces_transicion_exitosa (gestion.tests.test_orden_produccion_estados.TestOrdenProduccionTransicionesValidas.test_orden_dado_estado_pendiente_cuando_mover_a_en_proceso_entonces_transicion_exitosa)
----------------------------------------------------------------------
Traceback (most recent call last):
  File "/usr/local/lib/python3.12/site-packages/django/db/backends/utils.py", line 105, in _execute
    return self.cursor.execute(sql, params)
           ^^^^^^^^^^^^^^^^^^^^^^^^^^^^^^^^
  File "/usr/local/lib/python3.12/site-packages/django/db/backends/sqlite3/base.py", line 360, in execute
    return super().execute(query, params)
           ^^^^^^^^^^^^^^^^^^^^^^^^^^^^^^
sqlite3.IntegrityError: NOT NULL constraint failed: gestion_ordenproduccion.peso_neto_requerido

The above exception was the direct cause of the following exception:

Traceback (most recent call last):
  File "/app/gestion/tests/test_orden_produccion_estados.py", line 23, in test_orden_dado_estado_pendiente_cuando_mover_a_en_proceso_entonces_transicion_exitosa
    orden = OrdenProduccionFactory(estado='pendiente')
            ^^^^^^^^^^^^^^^^^^^^^^^^^^^^^^^^^^^^^^^^^^
  File "/usr/local/lib/python3.12/site-packages/factory/base.py", line 43, in __call__
    return cls.create(**kwargs)
           ^^^^^^^^^^^^^^^^^^^^
  File "/usr/local/lib/python3.12/site-packages/factory/base.py", line 539, in create
    return cls._generate(enums.CREATE_STRATEGY, kwargs)
           ^^^^^^^^^^^^^^^^^^^^^^^^^^^^^^^^^^^^^^^^^^^^
  File "/usr/local/lib/python3.12/site-packages/factory/django.py", line 122, in _generate
    return super()._generate(strategy, params)
           ^^^^^^^^^^^^^^^^^^^^^^^^^^^^^^^^^^^
  File "/usr/local/lib/python3.12/site-packages/factory/base.py", line 468, in _generate
    return step.build()
           ^^^^^^^^^^^^
  File "/usr/local/lib/python3.12/site-packages/factory/builder.py", line 274, in build
    instance = self.factory_meta.instantiate(
               ^^^^^^^^^^^^^^^^^^^^^^^^^^^^^^
  File "/usr/local/lib/python3.12/site-packages/factory/base.py", line 320, in instantiate
    return self.factory._create(model, *args, **kwargs)
           ^^^^^^^^^^^^^^^^^^^^^^^^^^^^^^^^^^^^^^^^^^^^
  File "/usr/local/lib/python3.12/site-packages/factory/django.py", line 175, in _create
    return manager.create(*args, **kwargs)
           ^^^^^^^^^^^^^^^^^^^^^^^^^^^^^^^
  File "/usr/local/lib/python3.12/site-packages/django/db/models/manager.py", line 87, in manager_method
    return getattr(self.get_queryset(), name)(*args, **kwargs)
           ^^^^^^^^^^^^^^^^^^^^^^^^^^^^^^^^^^^^^^^^^^^^^^^^^^^
  File "/usr/local/lib/python3.12/site-packages/django/db/models/query.py", line 663, in create
    obj.save(force_insert=True, using=self.db)
  File "/usr/local/lib/python3.12/site-packages/django/db/models/base.py", line 902, in save
    self.save_base(
  File "/usr/local/lib/python3.12/site-packages/django/db/models/base.py", line 1008, in save_base
    updated = self._save_table(
              ^^^^^^^^^^^^^^^^^
  File "/usr/local/lib/python3.12/site-packages/django/db/models/base.py", line 1169, in _save_table
    results = self._do_insert(
              ^^^^^^^^^^^^^^^^
  File "/usr/local/lib/python3.12/site-packages/django/db/models/base.py", line 1210, in _do_insert
    return manager._insert(
           ^^^^^^^^^^^^^^^^
  File "/usr/local/lib/python3.12/site-packages/django/db/models/manager.py", line 87, in manager_method
    return getattr(self.get_queryset(), name)(*args, **kwargs)
           ^^^^^^^^^^^^^^^^^^^^^^^^^^^^^^^^^^^^^^^^^^^^^^^^^^^
  File "/usr/local/lib/python3.12/site-packages/django/db/models/query.py", line 1868, in _insert
    return query.get_compiler(using=using).execute_sql(returning_fields)
           ^^^^^^^^^^^^^^^^^^^^^^^^^^^^^^^^^^^^^^^^^^^^^^^^^^^^^^^^^^^^^
  File "/usr/local/lib/python3.12/site-packages/django/db/models/sql/compiler.py", line 1882, in execute_sql
    cursor.execute(sql, params)
  File "/usr/local/lib/python3.12/site-packages/django/db/backends/utils.py", line 79, in execute
    return self._execute_with_wrappers(
           ^^^^^^^^^^^^^^^^^^^^^^^^^^^^
  File "/usr/local/lib/python3.12/site-packages/django/db/backends/utils.py", line 92, in _execute_with_wrappers
    return executor(sql, params, many, context)
           ^^^^^^^^^^^^^^^^^^^^^^^^^^^^^^^^^^^^
  File "/usr/local/lib/python3.12/site-packages/django/db/backends/utils.py", line 100, in _execute
    with self.db.wrap_database_errors:
         ^^^^^^^^^^^^^^^^^^^^^^^^^^^^
  File "/usr/local/lib/python3.12/site-packages/django/db/utils.py", line 91, in __exit__
    raise dj_exc_value.with_traceback(traceback) from exc_value
  File "/usr/local/lib/python3.12/site-packages/django/db/backends/utils.py", line 105, in _execute
    return self.cursor.execute(sql, params)
           ^^^^^^^^^^^^^^^^^^^^^^^^^^^^^^^^
  File "/usr/local/lib/python3.12/site-packages/django/db/backends/sqlite3/base.py", line 360, in execute
    return super().execute(query, params)
           ^^^^^^^^^^^^^^^^^^^^^^^^^^^^^^
django.db.utils.IntegrityError: NOT NULL constraint failed: gestion_ordenproduccion.peso_neto_requerido

======================================================================
ERROR: test_orden_dado_estado_pendiente_cuando_mover_a_finalizada_directamente_entonces_transicion_exitosa (gestion.tests.test_orden_produccion_estados.TestOrdenProduccionTransicionesValidas.test_orden_dado_estado_pendiente_cuando_mover_a_finalizada_directamente_entonces_transicion_exitosa)
El modelo actual permite pendiente → finalizada (no tiene validación de estado).
----------------------------------------------------------------------
Traceback (most recent call last):
  File "/usr/local/lib/python3.12/site-packages/django/db/backends/utils.py", line 105, in _execute
    return self.cursor.execute(sql, params)
           ^^^^^^^^^^^^^^^^^^^^^^^^^^^^^^^^
  File "/usr/local/lib/python3.12/site-packages/django/db/backends/sqlite3/base.py", line 360, in execute
    return super().execute(query, params)
           ^^^^^^^^^^^^^^^^^^^^^^^^^^^^^^
sqlite3.IntegrityError: NOT NULL constraint failed: gestion_ordenproduccion.peso_neto_requerido

The above exception was the direct cause of the following exception:

Traceback (most recent call last):
  File "/app/gestion/tests/test_orden_produccion_estados.py", line 42, in test_orden_dado_estado_pendiente_cuando_mover_a_finalizada_directamente_entonces_transicion_exitosa
    orden = OrdenProduccionFactory(estado='pendiente')
            ^^^^^^^^^^^^^^^^^^^^^^^^^^^^^^^^^^^^^^^^^^
  File "/usr/local/lib/python3.12/site-packages/factory/base.py", line 43, in __call__
    return cls.create(**kwargs)
           ^^^^^^^^^^^^^^^^^^^^
  File "/usr/local/lib/python3.12/site-packages/factory/base.py", line 539, in create
    return cls._generate(enums.CREATE_STRATEGY, kwargs)
           ^^^^^^^^^^^^^^^^^^^^^^^^^^^^^^^^^^^^^^^^^^^^
  File "/usr/local/lib/python3.12/site-packages/factory/django.py", line 122, in _generate
    return super()._generate(strategy, params)
           ^^^^^^^^^^^^^^^^^^^^^^^^^^^^^^^^^^^
  File "/usr/local/lib/python3.12/site-packages/factory/base.py", line 468, in _generate
    return step.build()
           ^^^^^^^^^^^^
  File "/usr/local/lib/python3.12/site-packages/factory/builder.py", line 274, in build
    instance = self.factory_meta.instantiate(
               ^^^^^^^^^^^^^^^^^^^^^^^^^^^^^^
  File "/usr/local/lib/python3.12/site-packages/factory/base.py", line 320, in instantiate
    return self.factory._create(model, *args, **kwargs)
           ^^^^^^^^^^^^^^^^^^^^^^^^^^^^^^^^^^^^^^^^^^^^
  File "/usr/local/lib/python3.12/site-packages/factory/django.py", line 175, in _create
    return manager.create(*args, **kwargs)
           ^^^^^^^^^^^^^^^^^^^^^^^^^^^^^^^
  File "/usr/local/lib/python3.12/site-packages/django/db/models/manager.py", line 87, in manager_method
    return getattr(self.get_queryset(), name)(*args, **kwargs)
           ^^^^^^^^^^^^^^^^^^^^^^^^^^^^^^^^^^^^^^^^^^^^^^^^^^^
  File "/usr/local/lib/python3.12/site-packages/django/db/models/query.py", line 663, in create
    obj.save(force_insert=True, using=self.db)
  File "/usr/local/lib/python3.12/site-packages/django/db/models/base.py", line 902, in save
    self.save_base(
  File "/usr/local/lib/python3.12/site-packages/django/db/models/base.py", line 1008, in save_base
    updated = self._save_table(
              ^^^^^^^^^^^^^^^^^
  File "/usr/local/lib/python3.12/site-packages/django/db/models/base.py", line 1169, in _save_table
    results = self._do_insert(
              ^^^^^^^^^^^^^^^^
  File "/usr/local/lib/python3.12/site-packages/django/db/models/base.py", line 1210, in _do_insert
    return manager._insert(
           ^^^^^^^^^^^^^^^^
  File "/usr/local/lib/python3.12/site-packages/django/db/models/manager.py", line 87, in manager_method
    return getattr(self.get_queryset(), name)(*args, **kwargs)
           ^^^^^^^^^^^^^^^^^^^^^^^^^^^^^^^^^^^^^^^^^^^^^^^^^^^
  File "/usr/local/lib/python3.12/site-packages/django/db/models/query.py", line 1868, in _insert
    return query.get_compiler(using=using).execute_sql(returning_fields)
           ^^^^^^^^^^^^^^^^^^^^^^^^^^^^^^^^^^^^^^^^^^^^^^^^^^^^^^^^^^^^^
  File "/usr/local/lib/python3.12/site-packages/django/db/models/sql/compiler.py", line 1882, in execute_sql
    cursor.execute(sql, params)
  File "/usr/local/lib/python3.12/site-packages/django/db/backends/utils.py", line 79, in execute
    return self._execute_with_wrappers(
           ^^^^^^^^^^^^^^^^^^^^^^^^^^^^
  File "/usr/local/lib/python3.12/site-packages/django/db/backends/utils.py", line 92, in _execute_with_wrappers
    return executor(sql, params, many, context)
           ^^^^^^^^^^^^^^^^^^^^^^^^^^^^^^^^^^^^
  File "/usr/local/lib/python3.12/site-packages/django/db/backends/utils.py", line 100, in _execute
    with self.db.wrap_database_errors:
         ^^^^^^^^^^^^^^^^^^^^^^^^^^^^
  File "/usr/local/lib/python3.12/site-packages/django/db/utils.py", line 91, in __exit__
    raise dj_exc_value.with_traceback(traceback) from exc_value
  File "/usr/local/lib/python3.12/site-packages/django/db/backends/utils.py", line 105, in _execute
    return self.cursor.execute(sql, params)
           ^^^^^^^^^^^^^^^^^^^^^^^^^^^^^^^^
  File "/usr/local/lib/python3.12/site-packages/django/db/backends/sqlite3/base.py", line 360, in execute
    return super().execute(query, params)
           ^^^^^^^^^^^^^^^^^^^^^^^^^^^^^^
django.db.utils.IntegrityError: NOT NULL constraint failed: gestion_ordenproduccion.peso_neto_requerido

======================================================================
ERROR: test_filtrar_formulas_por_estado (gestion.tests_integrados.FormulaQuimicaTestCase.test_filtrar_formulas_por_estado)
El query param ?estado= debe filtrar las formulas correctamente.
----------------------------------------------------------------------
Traceback (most recent call last):
  File "/app/gestion/tests_integrados.py", line 1673, in test_filtrar_formulas_por_estado
    self.assertIn(self.formula.id, [f['id'] for f in response.data])
                                    ~^^^^^^
TypeError: string indices must be integers, not 'str'

======================================================================
ERROR: test_audit_log_creation (inventory.tests.test_audit.AuditAndMRPTest.test_audit_log_creation)
----------------------------------------------------------------------
Traceback (most recent call last):
  File "/app/inventory/tests/test_audit.py", line 31, in setUp
    self.cliente.save()
  File "/app/gestion/models.py", line 175, in save
    self.full_clean()
  File "/usr/local/lib/python3.12/site-packages/django/db/models/base.py", line 1679, in full_clean
    raise ValidationError(errors)
django.core.exceptions.ValidationError: {'direccion_envio': ['This field cannot be blank.'], 'nivel_precio': ['This field cannot be blank.']}

======================================================================
ERROR: test_mrp_calculation_pedidos (inventory.tests.test_mrp.MRPTest.test_mrp_calculation_pedidos)
----------------------------------------------------------------------
Traceback (most recent call last):
  File "/app/inventory/tests/test_mrp.py", line 44, in setUp
    self.stock = StockBodega.objects.create(
                 ^^^^^^^^^^^^^^^^^^^^^^^^^^^
  File "/usr/local/lib/python3.12/site-packages/django/db/models/manager.py", line 87, in manager_method
    return getattr(self.get_queryset(), name)(*args, **kwargs)
           ^^^^^^^^^^^^^^^^^^^^^^^^^^^^^^^^^^^^^^^^^^^^^^^^^^^
  File "/usr/local/lib/python3.12/site-packages/django/db/models/query.py", line 663, in create
    obj.save(force_insert=True, using=self.db)
  File "/app/gestion/models.py", line 175, in save
    self.full_clean()
  File "/usr/local/lib/python3.12/site-packages/django/db/models/base.py", line 1679, in full_clean
    raise ValidationError(errors)
django.core.exceptions.ValidationError: {'cantidad': ['Ensure that there are no more than 2 decimal places.']}

======================================================================
FAIL: test_block_cash_payment_no_payment_second_order (gestion.tests_integrados.UnifiedBusinessLogicTestCase.test_block_cash_payment_no_payment_second_order)
Verifica el bloqueo cuando el cliente tiene 0 días de crédito y ya tiene un pedido.
----------------------------------------------------------------------
Traceback (most recent call last):
  File "/app/gestion/tests_integrados.py", line 269, in test_block_cash_payment_no_payment_second_order
    self.assertIn('POLÍTICA DE CRÉDITO', response.data.get('esta_pagado', [''])[0])
AssertionError: 'POLÍTICA DE CRÉDITO' not found in ''

======================================================================
FAIL: test_blocked_overdue_portfolio_creation (gestion.tests_integrados.UnifiedBusinessLogicTestCase.test_blocked_overdue_portfolio_creation)
Verifica que un cliente moroso NO pueda generar nuevos pedidos a crédito.
----------------------------------------------------------------------
Traceback (most recent call last):
  File "/app/gestion/tests_integrados.py", line 245, in test_blocked_overdue_portfolio_creation
    self.assertIn('OPERACIÓN DENEGADA', response.data.get('cliente', [''])[0])
AssertionError: 'OPERACIÓN DENEGADA' not found in ''

======================================================================
FAIL: test_credit_limit_validation (gestion.tests_integrados.UnifiedBusinessLogicTestCase.test_credit_limit_validation)
Asegura que un pedido nuevo no pueda exceder el límite de crédito.
----------------------------------------------------------------------
Traceback (most recent call last):
  File "/app/gestion/tests_integrados.py", line 310, in test_credit_limit_validation
    self.assertIn('cliente', response.data)
AssertionError: 'cliente' not found in {'success': False, 'error': {'code': 400, 'message': 'cliente: El cliente ha excedido su límite de crédito. Límite: $500.000, Saldo proyectado: $690.000', 'fields': {'cliente': [ErrorDetail(string='El cliente ha excedido su límite de crédito. Límite: $500.000, Saldo proyectado: $690.000', code='invalid')]}}}

======================================================================
FAIL: test_price_base_validation (gestion.tests_integrados.UnifiedBusinessLogicTestCase.test_price_base_validation)
Asegura que el precio unitario no sea menor al precio_base (costo).
----------------------------------------------------------------------
Traceback (most recent call last):
  File "/app/gestion/tests_integrados.py", line 330, in test_price_base_validation
    self.assertIn('precio_unitario', response.data)
AssertionError: 'precio_unitario' not found in {'success': False, 'error': {'code': 400, 'message': 'precio_unitario: El precio unitario ($9.000) no puede ser menor al costo base del producto ($10.000).', 'fields': {'precio_unitario': [ErrorDetail(string='El precio unitario ($9.000) no puede ser menor al costo base del producto ($10.000).', code='invalid')]}}}

======================================================================
FAIL: test_rechazo_lote_reversion (gestion.tests_integrados.UnifiedBusinessLogicTestCase.test_rechazo_lote_reversion)
Prueba la funcionalidad de rechazo de lote:
----------------------------------------------------------------------
Traceback (most recent call last):
  File "/app/gestion/tests_integrados.py", line 481, in test_rechazo_lote_reversion
    self.assertEqual(response_rechazo.status_code, status.HTTP_200_OK)
AssertionError: 500 != 200

======================================================================
FAIL: test_salesman_filtering (gestion.tests_integrados.UnifiedBusinessLogicTestCase.test_salesman_filtering)
Verifica que los vendedores solo vean a sus clientes asignados.
----------------------------------------------------------------------
Traceback (most recent call last):
  File "/app/gestion/tests_integrados.py", line 362, in test_salesman_filtering
    self.assertEqual(len(response.data), 1)
AssertionError: 4 != 1

======================================================================
FAIL: test_efficiency_report (gestion.tests_jefe_area.JefeAreaLogicTest.test_efficiency_report)
----------------------------------------------------------------------
Traceback (most recent call last):
  File "/app/gestion/tests_jefe_area.py", line 84, in test_efficiency_report
    self.assertEqual(response.status_code, 200)
AssertionError: 500 != 200

======================================================================
FAIL: test_jefe_area_queryset_filtering (gestion.tests_jefe_area.JefeAreaLogicTest.test_jefe_area_queryset_filtering)
----------------------------------------------------------------------
Traceback (most recent call last):
  File "/app/gestion/tests_jefe_area.py", line 72, in test_jefe_area_queryset_filtering
    self.assertEqual(len(response.data), 1)
AssertionError: 4 != 1

----------------------------------------------------------------------
Ran 133 tests in 57.443s

FAILED (failures=8, errors=11)
Destroying test database for alias 'default'...

